Microchip MPLAB XC8 Compiler V1.35 ()

Linker command line:

--edf=C:\Program Files (x86)\Microchip\xc8\v1.35\dat\en_msgs.txt -cs \
  -h+dist/miwikit_pic18f46j50_24j40/production\miwi_demo_kit.X.production.sym \
  --cmf=dist/miwikit_pic18f46j50_24j40/production\miwi_demo_kit.X.production.cmf \
  -z -Q18F46J50 -oC:\Users\Owner\AppData\Local\Temp\s8ts.2 \
  -Mdist/miwikit_pic18f46j50_24j40/production/miwi_demo_kit.X.production.map \
  -E1 -ver=XC8 -ASTACK=0486h-0ebfh -pstack=STACK -ACODE=00h-0FFF7h \
  -ACONST=00h-0FFF7h -ASMALLCONST=0F00h-0FFFhx240,0FF00h-0FFF7h \
  -AMEDIUMCONST=0F00h-0FFF7h -ACOMRAM=01h-05Fh -AABS1=00h-0EBFh \
  -ABIGRAM=01h-0EBFh -ARAM=060h-0FFh,0100h-01FFhx13,0E00h-0EBFh \
  -ABANK0=060h-0FFh -ABANK1=0100h-01FFh -ABANK2=0200h-02FFh \
  -ABANK3=0300h-03FFh -ABANK4=0400h-04FFh -ABANK5=0500h-05FFh \
  -ABANK6=0600h-06FFh -ABANK7=0700h-07FFh -ABANK8=0800h-08FFh \
  -ABANK9=0900h-09FFh -ABANK10=0A00h-0AFFh -ABANK11=0B00h-0BFFh \
  -ABANK12=0C00h-0CFFh -ABANK13=0D00h-0DFFh -ABANK14=0E00h-0EBFh \
  -ASFR=0EC0h-0EFFh,0F00h-0F5Fh,0F60h-0FFFh \
  -preset_vec=00h,intcode=08h,intcodelo,powerup,init,end_init \
  -pramtop=0F00h -psmallconst=SMALLCONST -pmediumconst=MEDIUMCONST \
  -pconst=CONST -AFARRAM=00h-00h -ACONFIG=0FFF8h-0FFFFh -pconfig=CONFIG \
  -pjflash_buffer=0F800h \
  -prdata=COMRAM,nvrram=COMRAM,nvbit=COMRAM,rbss=COMRAM,rbit=COMRAM \
  -pfarbss=FARRAM,fardata=FARRAM,nvFARRAM=FARRAM \
  -pintsave_regs=BIGRAM,bigbss=BIGRAM,bigdata=BIGRAM -pbss=RAM \
  -pidata=CODE,irdata=CODE,ibigdata=CODE,ifardata=CODE -prparam=COMRAM \
  C:\Users\Owner\AppData\Local\Temp\s8ts.obj \
  dist/miwikit_pic18f46j50_24j40/production\miwi_demo_kit.X.production.obj 

Object code version is 3.11

Machine type is 18F46J50

Call graph: (short form)




                Name                               Link     Load   Length Selector   Space Scale
C:\Users\Owner\AppData\Local\Temp\s8ts.obj
                end_init                            1F2      1F2        4        4       0
                reset_vec                             0        0        4        0       0
                config                             FFF8     FFF8        8     FFF8       0
dist/miwikit_pic18f46j50_24j40/production\miwi_demo_kit.X.production.obj
                intcode                               8        8      1EA        4       0
                temp                                 41       41        1        1       1
                mediumconst                        FCDC     FCDC      31C     7E6E       0
                text85                             8FF0     8FF0        2        4       0
                text84                             8F4E     8F4E       1A        4       0
                text83                             8FD4     8FD4        A        4       0
                text82                             8B06     8B06       52        4       0
                text81                             8E84     8E84       2A        4       0
                text80                             8EAE     8EAE       28        4       0
                text78                             8E04     8E04       2C        4       0
                text77                             8F32     8F32       1C        4       0
                text76                             8FDE     8FDE        8        4       0
                text75                             7E98     7E98       CC        4       0
                text74                             8608     8608       8C        4       0
                text73                             8BE6     8BE6       40        4       0
                text72                             7C9A     7C9A      102        4       0
                text71                             8804     8804       70        4       0
                text70                             8BA2     8BA2       44        4       0
                text69                             80EA     80EA       BA        4       0
                text68                             8F16     8F16       1C        4       0
                text67                             89A8     89A8       62        4       0
                text66                             8D74     8D74       32        4       0
                text65                             8A60     8A60       54        4       0
                text64                             8ED6     8ED6       24        4       0
                text63                             38BA     38BA      6D2        4       0
                text62                             8FCA     8FCA        A        4       0
                text61                             88E2     88E2       64        4       0
                text60                             8D0A     8D0A       36        4       0
                text59                             61E2     61E2      2C0        4       0
                text58                             8874     8874       6E        4       0
                text57                             54F6     54F6      4C2        4       0
                text56                             82FC     82FC       AA        4       0
                text55                             8AB4     8AB4       52        4       0
                text54                             3158     3158      762        4       0
                text53                             64A2     64A2      2B0        4       0
                text52                             7958     7958      128        4       0
                text51                             4B32     4B32      4E8        4       0
                text50                             84E8     84E8       92        4       0
                text49                              1F6      1F6     1BF4        4       0
                text48                             8FA6     8FA6       10        4       0
                text47                             6C42     6C42      234        4       0
                text46                             59B8     59B8      446        4       0
                text45                             5DFE     5DFE      3E4        4       0
                text44                             501A     501A      4DC        4       0
                text43                             8F68     8F68       16        4       0
                text42                             8B58     8B58       4A        4       0
                text41                             728C     728C      186        4       0
                text40                             7570     7570      158        4       0
                text39                             8FEA     8FEA        4        4       0
                text38                             8FE6     8FE6        4        4       0
                text37                             878E     878E       76        4       0
                text36                             8252     8252       AA        4       0
                text35                             8EFA     8EFA       1C        4       0
                text34                             8F92     8F92       14        4       0
                text33                             8D40     8D40       34        4       0
                text32                             8C62     8C62       3A        4       0
                text31                             8F7E     8F7E       14        4       0
                text30                             83A6     83A6       A8        4       0
                text29                             8716     8716       78        4       0
                text28                             8946     8946       62        4       0
                text27                             8CD4     8CD4       36        4       0
                text26                             8E5A     8E5A       2A        4       0
                text25                             1DEA     1DEA      A3E        4       0
                text24                             8A0A     8A0A       56        4       0
                text23                             6E76     6E76      210        4       0
                text22                             3F8C     3F8C      60C        4       0
                text21                             8FC0     8FC0        A        4       0
                text20                             8C9C     8C9C       38        4       0
                text19                             7A80     7A80      10E        4       0
                text18                             8694     8694       82        4       0
                text17                             81A4     81A4       AE        4       0
                text16                             7D9C     7D9C       FC        4       0
                text15                             802C     802C       BE        4       0
                text14                             7086     7086      206        4       0
                text13                             844E     844E       9A        4       0
                text12                             7B8E     7B8E      10C        4       0
                text11                             69DA     69DA      268        4       0
                text10                             76C8     76C8      14C        4       0
                text9                              7F64     7F64       C8        4       0
                text8                              7412     7412      15E        4       0
                text7                              8DA6     8DA6       30        4       0
                text6                              7814     7814      144        4       0
                text5                              8DD6     8DD6       2E        4       0
                text4                              8E30     8E30       2A        4       0
                text3                              6752     6752      288        4       0
                text2                              8C26     8C26       3C        4       0
                text1                              4598     4598      59A        4       0
                text0                              2828     2828      930        4       0
                cstackCOMRAM                          1        1       20        1       1
                cstackBANK0                          60       60       95       60       1
                cstackBANK1                         1D5      1D5       1E      100       1
                cstackBANK2                         2E6      2E6       16      200       1
                bssBANK4                            400      400       86      400       1
                bssBANK3                            300      300       A0      300       1
                bssBANK2                            200      200       E6      200       1
                dataBANK1                           1F3      1F3        A      100       1
                bssBANK1                            100      100       D5      100       1
                bssBANK0                             F5       F5        8       60       1
                dataCOMRAM                           3F       3F        2        1       1
                bssCOMRAM                            21       21       1E        1       1
                cinit                              857A     857A       8E        4       0
                idataBANK1                         8FB6     8FB6        A        4       0
                idataCOMRAM                        8FEE     8FEE        2        4       0

TOTAL           Name                               Link     Load   Length     Space
        CLASS   STACK          

        CLASS   CODE           
                end_init                            1F2      1F2        4         0
                intcode                               8        8      1EA         0
                reset_vec                             0        0        4         0
                text85                             8FF0     8FF0        2         0
                text84                             8F4E     8F4E       1A         0
                text83                             8FD4     8FD4        A         0
                text82                             8B06     8B06       52         0
                text81                             8E84     8E84       2A         0
                text80                             8EAE     8EAE       28         0
                text78                             8E04     8E04       2C         0
                text77                             8F32     8F32       1C         0
                text76                             8FDE     8FDE        8         0
                text75                             7E98     7E98       CC         0
                text74                             8608     8608       8C         0
                text73                             8BE6     8BE6       40         0
                text72                             7C9A     7C9A      102         0
                text71                             8804     8804       70         0
                text70                             8BA2     8BA2       44         0
                text69                             80EA     80EA       BA         0
                text68                             8F16     8F16       1C         0
                text67                             89A8     89A8       62         0
                text66                             8D74     8D74       32         0
                text65                             8A60     8A60       54         0
                text64                             8ED6     8ED6       24         0
                text63                             38BA     38BA      6D2         0
                text62                             8FCA     8FCA        A         0
                text61                             88E2     88E2       64         0
                text60                             8D0A     8D0A       36         0
                text59                             61E2     61E2      2C0         0
                text58                             8874     8874       6E         0
                text57                             54F6     54F6      4C2         0
                text56                             82FC     82FC       AA         0
                text55                             8AB4     8AB4       52         0
                text54                             3158     3158      762         0
                text53                             64A2     64A2      2B0         0
                text52                             7958     7958      128         0
                text51                             4B32     4B32      4E8         0
                text50                             84E8     84E8       92         0
                text49                              1F6      1F6     1BF4         0
                text48                             8FA6     8FA6       10         0
                text47                             6C42     6C42      234         0
                text46                             59B8     59B8      446         0
                text45                             5DFE     5DFE      3E4         0
                text44                             501A     501A      4DC         0
                text43                             8F68     8F68       16         0
                text42                             8B58     8B58       4A         0
                text41                             728C     728C      186         0
                text40                             7570     7570      158         0
                text39                             8FEA     8FEA        4         0
                text38                             8FE6     8FE6        4         0
                text37                             878E     878E       76         0
                text36                             8252     8252       AA         0
                text35                             8EFA     8EFA       1C         0
                text34                             8F92     8F92       14         0
                text33                             8D40     8D40       34         0
                text32                             8C62     8C62       3A         0
                text31                             8F7E     8F7E       14         0
                text30                             83A6     83A6       A8         0
                text29                             8716     8716       78         0
                text28                             8946     8946       62         0
                text27                             8CD4     8CD4       36         0
                text26                             8E5A     8E5A       2A         0
                text25                             1DEA     1DEA      A3E         0
                text24                             8A0A     8A0A       56         0
                text23                             6E76     6E76      210         0
                text22                             3F8C     3F8C      60C         0
                text21                             8FC0     8FC0        A         0
                text20                             8C9C     8C9C       38         0
                text19                             7A80     7A80      10E         0
                text18                             8694     8694       82         0
                text17                             81A4     81A4       AE         0
                text16                             7D9C     7D9C       FC         0
                text15                             802C     802C       BE         0
                text14                             7086     7086      206         0
                text13                             844E     844E       9A         0
                text12                             7B8E     7B8E      10C         0
                text11                             69DA     69DA      268         0
                text10                             76C8     76C8      14C         0
                text9                              7F64     7F64       C8         0
                text8                              7412     7412      15E         0
                text7                              8DA6     8DA6       30         0
                text6                              7814     7814      144         0
                text5                              8DD6     8DD6       2E         0
                text4                              8E30     8E30       2A         0
                text3                              6752     6752      288         0
                text2                              8C26     8C26       3C         0
                text1                              4598     4598      59A         0
                text0                              2828     2828      930         0
                cinit                              857A     857A       8E         0
                idataBANK1                         8FB6     8FB6        A         0
                idataCOMRAM                        8FEE     8FEE        2         0

        CLASS   CONST          

        CLASS   SMALLCONST     

        CLASS   MEDIUMCONST    
                mediumconst                        FCDC     FCDC      31C         0

        CLASS   COMRAM         
                temp                                 41       41        1         1
                cstackCOMRAM                          1        1       20         1
                dataCOMRAM                           3F       3F        2         1
                bssCOMRAM                            21       21       1E         1

        CLASS   ABS1           

        CLASS   BIGRAM         

        CLASS   RAM            

        CLASS   BANK0          
                cstackBANK0                          60       60       95         1
                bssBANK0                             F5       F5        8         1

        CLASS   BANK1          
                cstackBANK1                         1D5      1D5       1E         1
                dataBANK1                           1F3      1F3        A         1
                bssBANK1                            100      100       D5         1

        CLASS   BANK2          
                cstackBANK2                         2E6      2E6       16         1
                bssBANK2                            200      200       E6         1

        CLASS   BANK3          
                bssBANK3                            300      300       A0         1

        CLASS   BANK4          
                bssBANK4                            400      400       86         1

        CLASS   BANK5          

        CLASS   BANK6          

        CLASS   BANK7          

        CLASS   BANK8          

        CLASS   BANK9          

        CLASS   BANK10         

        CLASS   BANK11         

        CLASS   BANK12         

        CLASS   BANK13         

        CLASS   BANK14         

        CLASS   SFR            

        CLASS   FARRAM         

        CLASS   CONFIG         
                config                             FFF8     FFF8        8         0

        CLASS   IDLOC          



SEGMENTS        Name                           Load    Length   Top    Selector   Space  Class

                reset_vec                      000000  000004  000004         0       0  CODE    
                cstackCOMRAM                   000001  000041  000042         1       1  COMRAM  
                intcode                        000008  008FEA  008FF2         4       0  CODE    
                cstackBANK0                    000060  00009D  0000FD        60       1  BANK0   
                bssBANK1                       000100  0000FD  0001FD       100       1  BANK1   
                bssBANK2                       000200  0000FC  0002FC       200       1  BANK2   
                bssBANK3                       000300  0000A0  0003A0       300       1  BANK3   
                bssBANK4                       000400  000086  000486       400       1  BANK4   
                mediumconst                    00FCDC  00031C  00FFF8      7E6E       0  MEDIUMCO
                config                         00FFF8  000008  010000      FFF8       0  CONFIG  


UNUSED ADDRESS RANGES

        Name                Unused          Largest block    Delta
        BANK0            000FD-000FF               3
        BANK1            001FD-001FF               3
        BANK10           00A00-00AFF             100
        BANK11           00B00-00BFF             100
        BANK12           00C00-00CFF             100
        BANK13           00D00-00DFF             100
        BANK14           00E00-00EBF              C0
        BANK2            002FC-002FF               4
        BANK3            003A0-003FF              60
        BANK4            00486-004FF              7A
        BANK5            00500-005FF             100
        BANK6            00600-006FF             100
        BANK7            00700-007FF             100
        BANK8            00800-008FF             100
        BANK9            00900-009FF             100
        BIGRAM           00042-0005F              1E
                         000FD-000FF               3
                         001FD-001FF               3
                         002FC-002FF               4
                         003A0-003FF              60
                         00486-00EBF             A3A
        CODE             00004-00007               4
                         08FF2-0FCDB            6CEA
        COMRAM           00042-0005F              1E
        CONST            00004-00007               4
                         08FF2-0FCDB            6CEA
        MEDIUMCONST      08FF2-0FCDB            6CEA
        RAM              000FD-000FF               3
                         001FD-001FF               3
                         002FC-002FF               4
                         003A0-003FF              60
                         00486-00EBF             100
        SFR              00EC0-00FFF              60
        SMALLCONST       08FF2-0FCDB             100
        STACK            00486-00EBF             A3A

                                  Symbol Table

?_MiWi_TickGet                            cstackBANK0   00060
?_Read_VBGVoltage                         cstackBANK0   00074
?___awdiv                                 cstackBANK0   00060
?___ftadd                                 cstackBANK0   0006F
?___ftdiv                                 cstackBANK0   0007B
?___ftmul                                 cstackBANK0   0007B
?___ftneg                                 cstackBANK0   0006C
?___ftpack                                cstackBANK0   00060
?___fttol                                 cstackBANK0   00060
?___lbtoft                                cstackBANK0   00068
?___lmul                                  cstackBANK0   00060
?___lwdiv                                 cstackBANK0   00060
?___lwmod                                 cstackBANK0   00067
?___lwtoft                                cstackBANK0   00068
?___wmul                                  cstackBANK0   00060
?_sprintf                                 cstackBANK0   0006C
AddNodeToNetworkTable@handle              cstackBANK0   00069
AddNodeToNetworkTable@i                   cstackBANK0   00068
BUTTON_Pressed@result                     cstackBANK0   00076
BUTTON_Pressed@t                          cstackBANK0   00072
BUTTON_Pressed@tickDifference             cstackBANK0   0006E
BroadcastJitter@jitter                    cstackBANK0   0007B
BroadcastJitter@range                     cstackBANK0   0007A
BroadcastJitter@t1                        cstackBANK0   00072
BroadcastJitter@t2                        cstackBANK0   00076
DELAY_10us@cyclesRequiredForEntireDelay   cstackBANK0   00070
DELAY_10us@tenMicroSecondCounter          cstackBANK0   0006C
DELAY_ms@cyclesRequiredForEntireDelay     cstackBANK0   0006E
DELAY_ms@ms                               cstackBANK0   0006C
EEPROMRead@addr                           cstackBANK0   00064
EEPROMRead@count                          cstackBANK0   00065
EEPROMRead@dest                           cstackBANK0   00062
InitMRF24J40@_dcnt                        cstackBANK0   0006B
InitMRF24J40@_dcnt_698                    cstackBANK0   0006F
InitMRF24J40@_ms                          cstackBANK0   00073
InitMRF24J40@_ms_699                      cstackBANK0   00077
InitMRF24J40@i                            cstackBANK0   0007D
InitMRF24J40@j                            cstackBANK0   0007B
LCD_Display@delay                         cstackBANK0   00092
LCD_Display@i                             cstackBANK0   00093
LCD_Display@text                          cstackBANK0   0008F
LCD_Display@value                         cstackBANK0   00091
LCD_Update@i                              cstackBANK0   00063
LCD_WriteCmd@data                         cstackBANK0   00062
LCD_WriteData@data                        cstackBANK0   00062
MiApp_BroadcastPacket@SecEn               cstackBANK0   0009D
MiApp_BroadcastPacket@i                   cstackBANK0   0009E
MiApp_ConnectionMode@Mode                 cstackBANK0   00061
MiApp_EstablishConnection@ActiveScanIndex cstackBANK1   001F2
MiApp_EstablishConnection@Mode            cstackBANK0   000EB
MiApp_EstablishConnection@i               cstackBANK1   001F1
MiApp_EstablishConnection@retry           cstackBANK1   001F0
MiApp_EstablishConnection@t1              cstackBANK1   001E8
MiApp_EstablishConnection@t2              cstackBANK1   001EC
MiApp_ProtocolInit@MIP                    cstackBANK0   00084
MiApp_ProtocolInit@bNetworkFreezer        cstackBANK0   00083
MiApp_ProtocolInit@i                      cstackBANK0   00087
MiApp_SearchConnection@ChannelMap         cstackBANK0   000DA
MiApp_SearchConnection@ScanDuration       cstackBANK1   001E1
MiApp_SearchConnection@backupChannel      cstackBANK1   001E2
MiApp_SearchConnection@channelMask        cstackBANK1   001D5
MiApp_SearchConnection@i                  cstackBANK1   001E3
MiApp_SearchConnection@t1                 cstackBANK1   001D9
MiApp_SearchConnection@t2                 cstackBANK1   001DD
MiApp_SetChannel@channel                  cstackBANK0   0006A
MiApp_UnicastAddress@DestAddress          cstackBANK0   000DA
MiApp_UnicastAddress@MiWiFrameControl     cstackBANK1   001E5
MiApp_UnicastAddress@PermanentAddr        cstackBANK0   000DC
MiApp_UnicastAddress@SecEn                cstackBANK0   000DD
MiApp_UnicastAddress@handle               cstackBANK1   001E7
MiApp_UnicastAddress@i                    cstackBANK1   001E6
MiApp_UnicastAddress@t1                   cstackBANK1   001D5
MiApp_UnicastAddress@t1_1751              cstackBANK1   001DD
MiApp_UnicastAddress@t2                   cstackBANK1   001D9
MiApp_UnicastAddress@t2_1762              cstackBANK1   001E1
MiApp_UnicastConnection@ConnectionIndex   cstackBANK0   000EC
MiApp_UnicastConnection@MiWiFrameControl  cstackBANK0   000EB
MiApp_UnicastConnection@SecEn             cstackBANK0   000DA
MiApp_UnicastConnection@t1                cstackBANK0   000E3
MiApp_UnicastConnection@t2                cstackBANK0   000E7
MiMAC_Init@i                              cstackBANK0   00081
MiMAC_Init@initValue                      cstackBANK0   0007E
MiMAC_ReceivedPacket@addrMode             cstackBANK0   00066
MiMAC_ReceivedPacket@bIntraPAN            cstackBANK0   00068
MiMAC_ReceivedPacket@i                    cstackBANK0   00067
MiMAC_SendPacket@IntraPAN                 cstackBANK0   00098
MiMAC_SendPacket@MACPayload               cstackBANK0   00085
MiMAC_SendPacket@MACPayloadLen            cstackBANK0   00087
MiMAC_SendPacket@frameControl             cstackBANK0   00099
MiMAC_SendPacket@headerLength             cstackBANK0   0009A
MiMAC_SendPacket@i                        cstackBANK0   0009B
MiMAC_SendPacket@loc                      cstackBANK0   0009C
MiMAC_SendPacket@t1                       cstackBANK0   00090
MiMAC_SendPacket@t2                       cstackBANK0   00094
MiMAC_SendPacket@transParam               cstackBANK0   0007E
MiMAC_SetAltAddress@Address               cstackBANK0   00065
MiMAC_SetAltAddress@PANID                 cstackBANK0   00067
MiMAC_SetChannel@channel                  cstackBANK0   00069
MiMAC_SetChannel@offsetFreq               cstackBANK0   00068
MiWiTasks@CapacityByte                    cstackBANK0   000CA
MiWiTasks@CoordAddress                    cstackBANK0   000BD
MiWiTasks@associateStatus                 cstackBANK0   000C1
MiWiTasks@cIndex                          cstackBANK0   000C9
MiWiTasks@coordinatorNumber               cstackBANK0   000C2
MiWiTasks@destPANID                       cstackBANK0   000CC
MiWiTasks@destShortAddress                cstackBANK0   000D0
MiWiTasks@entry                           cstackBANK0   000C0
MiWiTasks@handle                          cstackBANK0   000D5
MiWiTasks@i                               cstackBANK0   000D9
MiWiTasks@j                               cstackBANK0   000D8
MiWiTasks@j_1467                          cstackBANK0   000D4
MiWiTasks@j_1511                          cstackBANK0   000CE
MiWiTasks@j_1522                          cstackBANK0   000C3
MiWiTasks@j_1553                          cstackBANK0   000CF
MiWiTasks@mask                            cstackBANK0   000BF
MiWiTasks@rxIndex                         cstackBANK0   000CB
MiWiTasks@sourcePANID                     cstackBANK0   000D2
MiWiTasks@sourceShortAddress              cstackBANK0   000D6
MiWiTasks@t1                              cstackBANK0   000C5
MiWiTasks@t2                              cstackBANK0   000B9
MiWi_TickGet@currentTime                  cstackBANK0   00066
MiWi_TickGet@failureCounter               cstackBANK0   00065
OpenSocket@i                              cstackBANK0   000E8
PHYGetLongRAMAddr@address                 cstackBANK0   00062
PHYGetLongRAMAddr@tmpRFIE                 cstackBANK0   00067
PHYGetLongRAMAddr@toReturn                cstackBANK0   00066
PHYGetShortRAMAddr@address                cstackBANK0   00062
PHYGetShortRAMAddr@tmpRFIE                cstackBANK0   00064
PHYGetShortRAMAddr@toReturn               cstackBANK0   00063
PHYSetLongRAMAddr@address                 cstackBANK0   00062
PHYSetLongRAMAddr@tmpRFIE                 cstackBANK0   00067
PHYSetLongRAMAddr@value                   cstackBANK0   00064
PHYSetShortRAMAddr@address                cstackBANK0   00063
PHYSetShortRAMAddr@tmpRFIE                cstackBANK0   00064
PHYSetShortRAMAddr@value                  cstackBANK0   00062
PrintTempLCD@temp                         cstackBANK0   00092
PrintTempLCD@tempF                        cstackBANK0   00091
RangeDemo@Pkt_Loss_Cnt                    cstackBANK1   001D7
RangeDemo@Run_Demo                        cstackBANK1   001E2
RangeDemo@Tx_Packet                       cstackBANK1   001D6
RangeDemo@pktCmd                          cstackBANK1   001D5
RangeDemo@rssi                            cstackBANK1   001D8
RangeDemo@switch_val                      cstackBANK1   001E1
RangeDemo@tick1                           cstackBANK1   001DD
RangeDemo@tick2                           cstackBANK1   001D9
ReadTempSensor@VBGResult                  cstackBANK0   0008A
ReadTempSensor@i                          cstackBANK0   00099
ReadTempSensor@temp                       cstackBANK0   00092
ReadTempSensor@tempArray                  cstackBANK0   0008C
ReadTempSensor@tempAverage                cstackBANK0   00096
ReadTempSensor@tempHere                   cstackBANK0   00095
ReadTempSensor@tempValue                  cstackBANK0   00090
Read_MAC_Address@i                        cstackBANK0   00068
RouteMessage@PANID                        cstackBANK0   000A5
RouteMessage@SecEn                        cstackBANK0   000A9
RouteMessage@ShortAddress                 cstackBANK0   000A7
RouteMessage@i                            cstackBANK0   000AE
RouteMessage@parentNode                   cstackBANK0   000AD
SPIPut2@i                                 cstackBANK0   00060
SPIPut2@v                                 cstackBANK0   00061
SPIPut@i                                  cstackBANK0   00060
SPIPut@v                                  cstackBANK0   00061
SaveIndirectMessage@Broadcast             cstackBANK0   00072
SaveIndirectMessage@DestinationAddress    cstackBANK0   0006C
SaveIndirectMessage@DestinationPANID      cstackBANK0   0006A
SaveIndirectMessage@SecurityEnabled       cstackBANK0   0006F
SaveIndirectMessage@i                     cstackBANK0   00074
SaveIndirectMessage@isAltAddress          cstackBANK0   0006E
SaveIndirectMessage@j                     cstackBANK0   00073
SearchForLongAddress@i                    cstackBANK0   00065
SearchForLongAddress@j                    cstackBANK0   00064
SearchForShortAddress@i                   cstackBANK0   00062
SendBeacon@i                              cstackBANK0   000A4
SendIndirectPacket@Address                cstackBANK0   000A4
SendIndirectPacket@AltAddress             cstackBANK0   000A6
SendIndirectPacket@i                      cstackBANK0   000AE
SendIndirectPacket@index                  cstackBANK0   000AD
SendIndirectPacket@isAltAddress           cstackBANK0   000A8
SendIndirectPacket@j                      cstackBANK0   000AC
SendIndirectPacket@packetType             cstackBANK0   000AB
SendMACPacket@Address                     cstackBANK0   0009F
SendMACPacket@ModeMask                    cstackBANK0   000A2
SendMACPacket@PANID                       cstackBANK0   0009D
SendMACPacket@PacketType                  cstackBANK0   000A1
TempDemo@Run_Demo                         cstackBANK1   001DF
TempDemo@VBGResult                        cstackBANK1   001D8
TempDemo@i                                cstackBANK1   001E8
TempDemo@switch_val                       cstackBANK1   001DE
TempDemo@temp                             cstackBANK1   001D5
TempDemo@tick1                            cstackBANK1   001E4
TempDemo@tick2                            cstackBANK1   001E0
TempDemo@tick3                            cstackBANK1   001DA
UnicastShortAddress@DestAddress           cstackBANK0   000AF
_ADCON0                                   (abs)         00FC2
_ADCON0bits                               (abs)         00FC2
_ADCON1                                   (abs)         00FC1
_ADRES                                    (abs)         00FC3
_ANCON0                                   (abs)         00F48
_ANCON1                                   (abs)         00F49
_ANCON1bits                               (abs)         00F49
_AcknowledgementAddr                      bssBANK1      0014D
_AcknowledgementSeq                       dataBANK1     001F3
_ActiveScanResultIndex                    bssCOMRAM     00035
_ActiveScanResults                        bssBANK2      00200
_AddNodeToNetworkTable                    text72        07C9A
_AdditionalNodeID                         bssCOMRAM     00036
_BUTTON_Pressed                           text40        07570
_BankIndex                                dataCOMRAM    0003F
_BroadcastJitter                          text69        080EA
_BroadcastRecords                         bssBANK1      00100
_ConnMode                                 bssCOMRAM     00037
_ConnectionEntry                          bssBANK1      00153
_ConnectionTable                          bssBANK2      0025A
_CurrentNodeIndex                         bssCOMRAM     00038
_DELAY_10us                               text13        0844E
_DELAY_ms                                 text36        08252
_EECON2                                   (abs)         00FA7
_EEPROMRead                               text20        08C9C
_EEPROM_Val                               bssBANK1      001CB
_IEEESeqNum                               bssBANK1      00154
_INTCON2bits                              (abs)         00FF1
_INTCONbits                               (abs)         00FF2
_InitMRF24J40                             text59        061E2
_InitSymbolTimer                          text43        08F68
_LATAbits                                 (abs)         00F89
_LATCbits                                 (abs)         00F8B
_LATDbits                                 (abs)         00F8C
_LATEbits                                 (abs)         00F8D
_LCDText                                  bssBANK1      0018F
_LCD_BacklightOFF                         text39        08FEA
_LCD_BacklightON                          text38        08FE6
_LCD_Display                              text24        08A0A
_LCD_Erase                                text32        08C62
_LCD_Initialize                           text18        08694
_LCD_Update                               text30        083A6
_LCD_WriteCmd                             text34        08F92
_LCD_WriteData                            text31        08F7E
_MACCurrentChannel                        bssBANK1      00155
_MACInitParams                            bssBANK1      0014A
_MACRxPacket                              bssCOMRAM     00021
_MAC_PANID                                bssBANK1      001CE
_MRF24J40Status                           bssCOMRAM     00039
_MTP                                      bssCOMRAM     0002C
_MiApp_BroadcastPacket                    text16        07D9C
_MiApp_ConnectionMode                     text78        08E04
_MiApp_DiscardMessage                     text76        08FDE
_MiApp_EstablishConnection                text44        0501A
_MiApp_MessageAvailable                   text48        08FA6
_MiApp_ProtocolInit                       text41        0728C
_MiApp_SearchConnection                   text47        06C42
_MiApp_SetChannel                         text64        08ED6
_MiApp_UnicastAddress                     text46        059B8
_MiApp_UnicastConnection                  text23        06E76
_MiMAC_DiscardPacket                      text77        08F32
_MiMAC_Init                               text42        08B58
_MiMAC_ReceivedPacket                     text63        038BA
_MiMAC_SendPacket                         text57        054F6
_MiMAC_SetAltAddress                      text58        08874
_MiMAC_SetChannel                         text65        08A60
_MiWiAckRequired                          bssBANK1      00156
_MiWiCapacityInfo                         bssBANK1      00157
_MiWiSeqNum                               bssCOMRAM     0003A
_MiWiStateMachine                         bssCOMRAM     00033
_MiWiTasks                                text49        001F6
_MiWi_TickGet                             text71        08804
_NodeTemp                                 bssBANK2      0023C
_OSCCON                                   (abs)         00FD3
_OSCTUNEbits                              (abs)         00F9B
_OpenSocket                               text45        05DFE
_PHYGetLongRAMAddr                        text61        088E2
_PHYGetShortRAMAddr                       text60        08D0A
_PHYSetLongRAMAddr                        text67        089A8
_PHYSetShortRAMAddr                       text66        08D74
_PIE1bits                                 (abs)         00F9D
_PIR1bits                                 (abs)         00F9E
_PIR3bits                                 (abs)         00FA4
_PORTBbits                                (abs)         00F81
_PPSCONbits                               (abs)         00EFF
_PrintTempLCD                             text14        07086
_RPINR1                                   (abs)         00EE7
_RPINR21                                  (abs)         00EFB
_RPOR19                                   (abs)         00ED9
_RPOR21                                   (abs)         00EDB
_RangeDemo                                text22        03F8C
_ReadTempSensor                           text3         06752
_Read_MAC_Address                         text19        07A80
_Read_VBGVoltage                          text2         08C26
_RouteMessage                             text51        04B32
_RouterFailures                           bssBANK1      0012A
_RoutingTable                             bssBANK1      00132
_RxBuffer                                 bssBANK3      00300
_SPIGet                                   text62        08FCA
_SPIGet2                                  text21        08FC0
_SPIPut                                   text68        08F16
_SPIPut2                                  text35        08EFA
_SSP1BUF                                  (abs)         00FC9
_SSP1CON1                                 (abs)         00FC6
_SSP1CON1bits                             (abs)         00FC6
_SSP1STAT                                 (abs)         00FC7
_SSP2BUF                                  (abs)         00F75
_SSP2CON1                                 (abs)         00F72
_SSP2CON1bits                             (abs)         00F72
_SSP2STAT                                 (abs)         00F73
_SST_Val                                  bssBANK1      001D4
_SYSTEM_Initialize                        text17        081A4
_SaveIndirectMessage                      text53        064A2
_ScanTime                                 mediumconst   0FCDD
_SearchForLongAddress                     text75        07E98
_SearchForShortAddress                    text74        08608
_SendBeacon                               text52        07958
_SendIndirectPacket                       text54        03158
_SendMACPacket                            text56        082FC
_T1CON                                    (abs)         00FCD
_T1CONbits                                (abs)         00FCD
_TMR0L                                    (abs)         00FD6
_TMR1H                                    (abs)         00FCF
_TMR1L                                    (abs)         00FCE
_TRISAbits                                (abs)         00F92
_TRISBbits                                (abs)         00F93
_TRISCbits                                (abs)         00F94
_TRISDbits                                (abs)         00F95
_TRISEbits                                (abs)         00F96
_TempDemo                                 text1         04598
_TxBuffer                                 bssBANK1      0015C
_TxData                                   bssBANK0      000F5
_UnicastShortAddress                      text50        084E8
_UserInterruptHandler                     text85        08FF0
_WDTCONbits                               (abs)         00FC0
__CFG_CPUDIV$OSC3_PLL3                    (abs)         00000
__CFG_OSC$INTOSCPLL                       (abs)         00000
__CFG_PLLDIV$2                            (abs)         00000
__CFG_WDTEN$OFF                           (abs)         00000
__CFG_WDTPS$2048                          (abs)         00000
__CFG_XINST$OFF                           (abs)         00000
__HRAM                                    (abs)         00000
__Habs1                                   abs1          00000
__Hbank0                                  bank0         00000
__Hbank1                                  bank1         00000
__Hbank10                                 bank10        00000
__Hbank11                                 bank11        00000
__Hbank12                                 bank12        00000
__Hbank13                                 bank13        00000
__Hbank14                                 bank14        00000
__Hbank2                                  bank2         00000
__Hbank3                                  bank3         00000
__Hbank4                                  bank4         00000
__Hbank5                                  bank5         00000
__Hbank6                                  bank6         00000
__Hbank7                                  bank7         00000
__Hbank8                                  bank8         00000
__Hbank9                                  bank9         00000
__Hbigbss                                 bigbss        00000
__Hbigdata                                bigdata       00000
__Hbigram                                 bigram        00000
__Hbss                                    bss           00000
__HbssBANK0                               bssBANK0      00000
__HbssBANK1                               bssBANK1      00000
__HbssBANK2                               bssBANK2      00000
__HbssBANK3                               bssBANK3      00000
__HbssBANK4                               bssBANK4      00000
__HbssCOMRAM                              bssCOMRAM     00000
__Hcinit                                  cinit         00000
__Hclrtext                                clrtext       00000
__Hcomram                                 comram        00000
__Hconfig                                 config        10000
__Hconst                                  const         00000
__HcstackBANK0                            cstackBANK0   00000
__HcstackBANK1                            cstackBANK1   00000
__HcstackBANK2                            cstackBANK2   00000
__HcstackCOMRAM                           cstackCOMRAM  00000
__Hdata                                   data          00000
__HdataBANK1                              dataBANK1     00000
__HdataCOMRAM                             dataCOMRAM    00000
__Hend_init                               end_init      001F6
__Hfarbss                                 farbss        00000
__Hfardata                                fardata       00000
__Hibigdata                               ibigdata      00000
__Hidata                                  idata         00000
__HidataBANK1                             idataBANK1    00000
__HidataCOMRAM                            idataCOMRAM   00000
__Hidloc                                  idloc         00000
__Hifardata                               ifardata      00000
__Hinit                                   init          001F2
__Hintcode                                intcode       001F2
__Hintcode_body                           intcode_body  00000
__Hintcodelo                              intcodelo     001F2
__Hintentry                               intentry      00000
__Hintret                                 intret        00000
__Hintsave_regs                           intsave_regs  00000
__Hirdata                                 irdata        00000
__Hjflash_buffer                          jflash_buffer 0F800
__Hmediumconst                            mediumconst   0FFF8
__HnvFARRAM                               nvFARRAM      00000
__Hnvbit                                  nvbit         00000
__Hnvrram                                 nvrram        00000
__Hparam                                  rparam        00000
__Hpowerup                                powerup       001F2
__Hram                                    ram           00000
__Hramtop                                 ramtop        00F00
__Hrbit                                   rbit          00000
__Hrbss                                   rbss          00000
__Hrdata                                  rdata         00000
__Hreset_vec                              reset_vec     00004
__Hrparam                                 rparam        00000
__Hsfr                                    sfr           00000
__Hsmallconst                             smallconst    00000
__Hspace_0                                (abs)         10000
__Hspace_1                                (abs)         00486
__Hspace_2                                (abs)         00000
__Hstack                                  stack         00000
__Hstruct                                 struct        00000
__Htemp                                   temp          00042
__Htext                                   text          00000
__Htext0                                  text0         00000
__Htext1                                  text1         00000
__Htext10                                 text10        00000
__Htext11                                 text11        00000
__Htext12                                 text12        00000
__Htext13                                 text13        00000
__Htext14                                 text14        00000
__Htext15                                 text15        00000
__Htext16                                 text16        00000
__Htext17                                 text17        00000
__Htext18                                 text18        00000
__Htext19                                 text19        00000
__Htext2                                  text2         00000
__Htext20                                 text20        00000
__Htext21                                 text21        00000
__Htext22                                 text22        00000
__Htext23                                 text23        00000
__Htext24                                 text24        00000
__Htext25                                 text25        00000
__Htext26                                 text26        00000
__Htext27                                 text27        00000
__Htext28                                 text28        00000
__Htext29                                 text29        00000
__Htext3                                  text3         00000
__Htext30                                 text30        00000
__Htext31                                 text31        00000
__Htext32                                 text32        00000
__Htext33                                 text33        00000
__Htext34                                 text34        00000
__Htext35                                 text35        00000
__Htext36                                 text36        00000
__Htext37                                 text37        00000
__Htext38                                 text38        00000
__Htext39                                 text39        00000
__Htext4                                  text4         00000
__Htext40                                 text40        00000
__Htext41                                 text41        00000
__Htext42                                 text42        00000
__Htext43                                 text43        00000
__Htext44                                 text44        00000
__Htext45                                 text45        00000
__Htext46                                 text46        00000
__Htext47                                 text47        00000
__Htext48                                 text48        00000
__Htext49                                 text49        00000
__Htext5                                  text5         00000
__Htext50                                 text50        00000
__Htext51                                 text51        00000
__Htext52                                 text52        00000
__Htext53                                 text53        00000
__Htext54                                 text54        00000
__Htext55                                 text55        00000
__Htext56                                 text56        00000
__Htext57                                 text57        00000
__Htext58                                 text58        00000
__Htext59                                 text59        00000
__Htext6                                  text6         00000
__Htext60                                 text60        00000
__Htext61                                 text61        00000
__Htext62                                 text62        00000
__Htext63                                 text63        00000
__Htext64                                 text64        00000
__Htext65                                 text65        00000
__Htext66                                 text66        00000
__Htext67                                 text67        00000
__Htext68                                 text68        00000
__Htext69                                 text69        00000
__Htext7                                  text7         00000
__Htext70                                 text70        00000
__Htext71                                 text71        00000
__Htext72                                 text72        00000
__Htext73                                 text73        00000
__Htext74                                 text74        00000
__Htext75                                 text75        00000
__Htext76                                 text76        00000
__Htext77                                 text77        00000
__Htext78                                 text78        00000
__Htext8                                  text8         00000
__Htext80                                 text80        00000
__Htext81                                 text81        00000
__Htext82                                 text82        00000
__Htext83                                 text83        00000
__Htext84                                 text84        00000
__Htext85                                 text85        00000
__Htext9                                  text9         00000
__LRAM                                    (abs)         00001
__Labs1                                   abs1          00000
__Lbank0                                  bank0         00000
__Lbank1                                  bank1         00000
__Lbank10                                 bank10        00000
__Lbank11                                 bank11        00000
__Lbank12                                 bank12        00000
__Lbank13                                 bank13        00000
__Lbank14                                 bank14        00000
__Lbank2                                  bank2         00000
__Lbank3                                  bank3         00000
__Lbank4                                  bank4         00000
__Lbank5                                  bank5         00000
__Lbank6                                  bank6         00000
__Lbank7                                  bank7         00000
__Lbank8                                  bank8         00000
__Lbank9                                  bank9         00000
__Lbigbss                                 bigbss        00000
__Lbigdata                                bigdata       00000
__Lbigram                                 bigram        00000
__Lbss                                    bss           00000
__LbssBANK0                               bssBANK0      00000
__LbssBANK1                               bssBANK1      00000
__LbssBANK2                               bssBANK2      00000
__LbssBANK3                               bssBANK3      00000
__LbssBANK4                               bssBANK4      00000
__LbssCOMRAM                              bssCOMRAM     00000
__Lcinit                                  cinit         00000
__Lclrtext                                clrtext       00000
__Lcomram                                 comram        00000
__Lconfig                                 config        0FFF8
__Lconst                                  const         00000
__LcstackBANK0                            cstackBANK0   00000
__LcstackBANK1                            cstackBANK1   00000
__LcstackBANK2                            cstackBANK2   00000
__LcstackCOMRAM                           cstackCOMRAM  00000
__Ldata                                   data          00000
__LdataBANK1                              dataBANK1     00000
__LdataCOMRAM                             dataCOMRAM    00000
__Lend_init                               end_init      001F2
__Lfarbss                                 farbss        00000
__Lfardata                                fardata       00000
__Libigdata                               ibigdata      00000
__Lidata                                  idata         00000
__LidataBANK1                             idataBANK1    00000
__LidataCOMRAM                            idataCOMRAM   00000
__Lidloc                                  idloc         00000
__Lifardata                               ifardata      00000
__Linit                                   init          001F2
__Lintcode                                intcode       00008
__Lintcode_body                           intcode_body  00000
__Lintcodelo                              intcodelo     001F2
__Lintentry                               intentry      00000
__Lintret                                 intret        00000
__Lintsave_regs                           intsave_regs  00000
__Lirdata                                 irdata        00000
__Ljflash_buffer                          jflash_buffer 0F800
__Lmediumconst                            mediumconst   0FCDC
__LnvFARRAM                               nvFARRAM      00000
__Lnvbit                                  nvbit         00000
__Lnvrram                                 nvrram        00000
__Lparam                                  rparam        00000
__Lpowerup                                powerup       001F2
__Lram                                    ram           00000
__Lramtop                                 ramtop        00F00
__Lrbit                                   rbit          00000
__Lrbss                                   rbss          00000
__Lrdata                                  rdata         00000
__Lreset_vec                              reset_vec     00000
__Lrparam                                 rparam        00000
__Lsfr                                    sfr           00000
__Lsmallconst                             smallconst    00000
__Lspace_0                                (abs)         00000
__Lspace_1                                (abs)         00000
__Lspace_2                                (abs)         00000
__Lstack                                  stack         00000
__Lstruct                                 struct        00000
__Ltemp                                   temp          00041
__Ltext                                   text          00000
__Ltext0                                  text0         00000
__Ltext1                                  text1         00000
__Ltext10                                 text10        00000
__Ltext11                                 text11        00000
__Ltext12                                 text12        00000
__Ltext13                                 text13        00000
__Ltext14                                 text14        00000
__Ltext15                                 text15        00000
__Ltext16                                 text16        00000
__Ltext17                                 text17        00000
__Ltext18                                 text18        00000
__Ltext19                                 text19        00000
__Ltext2                                  text2         00000
__Ltext20                                 text20        00000
__Ltext21                                 text21        00000
__Ltext22                                 text22        00000
__Ltext23                                 text23        00000
__Ltext24                                 text24        00000
__Ltext25                                 text25        00000
__Ltext26                                 text26        00000
__Ltext27                                 text27        00000
__Ltext28                                 text28        00000
__Ltext29                                 text29        00000
__Ltext3                                  text3         00000
__Ltext30                                 text30        00000
__Ltext31                                 text31        00000
__Ltext32                                 text32        00000
__Ltext33                                 text33        00000
__Ltext34                                 text34        00000
__Ltext35                                 text35        00000
__Ltext36                                 text36        00000
__Ltext37                                 text37        00000
__Ltext38                                 text38        00000
__Ltext39                                 text39        00000
__Ltext4                                  text4         00000
__Ltext40                                 text40        00000
__Ltext41                                 text41        00000
__Ltext42                                 text42        00000
__Ltext43                                 text43        00000
__Ltext44                                 text44        00000
__Ltext45                                 text45        00000
__Ltext46                                 text46        00000
__Ltext47                                 text47        00000
__Ltext48                                 text48        00000
__Ltext49                                 text49        00000
__Ltext5                                  text5         00000
__Ltext50                                 text50        00000
__Ltext51                                 text51        00000
__Ltext52                                 text52        00000
__Ltext53                                 text53        00000
__Ltext54                                 text54        00000
__Ltext55                                 text55        00000
__Ltext56                                 text56        00000
__Ltext57                                 text57        00000
__Ltext58                                 text58        00000
__Ltext59                                 text59        00000
__Ltext6                                  text6         00000
__Ltext60                                 text60        00000
__Ltext61                                 text61        00000
__Ltext62                                 text62        00000
__Ltext63                                 text63        00000
__Ltext64                                 text64        00000
__Ltext65                                 text65        00000
__Ltext66                                 text66        00000
__Ltext67                                 text67        00000
__Ltext68                                 text68        00000
__Ltext69                                 text69        00000
__Ltext7                                  text7         00000
__Ltext70                                 text70        00000
__Ltext71                                 text71        00000
__Ltext72                                 text72        00000
__Ltext73                                 text73        00000
__Ltext74                                 text74        00000
__Ltext75                                 text75        00000
__Ltext76                                 text76        00000
__Ltext77                                 text77        00000
__Ltext78                                 text78        00000
__Ltext8                                  text8         00000
__Ltext80                                 text80        00000
__Ltext81                                 text81        00000
__Ltext82                                 text82        00000
__Ltext83                                 text83        00000
__Ltext84                                 text84        00000
__Ltext85                                 text85        00000
__Ltext9                                  text9         00000
__S0                                      (abs)         10000
__S1                                      (abs)         00486
__S2                                      (abs)         00000
___awdiv                                  text15        0802C
___awdiv@counter                          cstackBANK0   00064
___awdiv@dividend                         cstackBANK0   00060
___awdiv@divisor                          cstackBANK0   00062
___awdiv@quotient                         cstackBANK0   00066
___awdiv@sign                             cstackBANK0   00065
___ftadd                                  text11        069DA
___ftadd@exp1                             cstackBANK0   0007A
___ftadd@exp2                             cstackBANK0   00079
___ftadd@f1                               cstackBANK0   0006F
___ftadd@f2                               cstackBANK0   00072
___ftadd@sign                             cstackBANK0   00078
___ftdiv                                  text10        076C8
___ftdiv@cntr                             cstackBANK0   00084
___ftdiv@exp                              cstackBANK0   00088
___ftdiv@f1                               cstackBANK0   0007B
___ftdiv@f2                               cstackBANK0   0007E
___ftdiv@f3                               cstackBANK0   00085
___ftdiv@sign                             cstackBANK0   00089
___ftge                                   text9         07F64
___ftge@ff1                               cstackBANK0   00060
___ftge@ff2                               cstackBANK0   00063
___ftmul                                  text8         07412
___ftmul@cntr                             cstackBANK0   00088
___ftmul@exp                              cstackBANK0   00084
___ftmul@f1                               cstackBANK0   0007B
___ftmul@f2                               cstackBANK0   0007E
___ftmul@f3_as_product                    cstackBANK0   00085
___ftmul@sign                             cstackBANK0   00089
___ftneg                                  text7         08DA6
___ftneg@f1                               cstackBANK0   0006C
___ftpack                                 text12        07B8E
___ftpack@arg                             cstackBANK0   00060
___ftpack@exp                             cstackBANK0   00063
___ftpack@sign                            cstackBANK0   00064
___fttol                                  text6         07814
___fttol@exp1                             cstackBANK0   0006E
___fttol@f1                               cstackBANK0   00060
___fttol@lval                             cstackBANK0   0006A
___fttol@sign1                            cstackBANK0   00069
___inthi_sp                               stack         00000
___intlo_sp                               stack         00000
___lbmod                                  text70        08BA2
___lbmod@counter                          cstackBANK0   00062
___lbmod@dividend                         cstackBANK0   00061
___lbmod@divisor                          cstackBANK0   00060
___lbmod@rem                              cstackBANK0   00063
___lbtoft                                 text5         08DD6
___lbtoft@c                               cstackBANK0   0006B
___lmul                                   text37        0878E
___lmul@multiplicand                      cstackBANK0   00064
___lmul@multiplier                        cstackBANK0   00060
___lmul@product                           cstackBANK0   00068
___lwdiv                                  text29        08716
___lwdiv@counter                          cstackBANK0   00064
___lwdiv@dividend                         cstackBANK0   00060
___lwdiv@divisor                          cstackBANK0   00062
___lwdiv@quotient                         cstackBANK0   00065
___lwmod                                  text28        08946
___lwmod@counter                          cstackBANK0   0006B
___lwmod@dividend                         cstackBANK0   00067
___lwmod@divisor                          cstackBANK0   00069
___lwtoft                                 text4         08E30
___lwtoft@c                               cstackBANK0   00068
___param_bank                             (abs)         00010
___rparam_used                            (abs)         00001
___sp                                     stack         00000
___wmul                                   text27        08CD4
___wmul@multiplicand                      cstackBANK0   00062
___wmul@multiplier                        cstackBANK0   00060
___wmul@product                           cstackBANK0   00064
__accesstop                               (abs)         00060
__activetblptr                            (abs)         00002
__end_of_AddNodeToNetworkTable            text72        07D9C
__end_of_BUTTON_Pressed                   text40        076C8
__end_of_BroadcastJitter                  text69        081A4
__end_of_DELAY_10us                       text13        084E8
__end_of_DELAY_ms                         text36        082FC
__end_of_EEPROMRead                       text20        08CD4
__end_of_InitMRF24J40                     text59        064A2
__end_of_InitSymbolTimer                  text43        08F7E
__end_of_LCD_BacklightOFF                 text39        08FEE
__end_of_LCD_BacklightON                  text38        08FEA
__end_of_LCD_Display                      text24        08A60
__end_of_LCD_Erase                        text32        08C9C
__end_of_LCD_Initialize                   text18        08716
__end_of_LCD_Update                       text30        0844E
__end_of_LCD_WriteCmd                     text34        08FA6
__end_of_LCD_WriteData                    text31        08F92
__end_of_MiApp_BroadcastPacket            text16        07E98
__end_of_MiApp_ConnectionMode             text78        08E30
__end_of_MiApp_DiscardMessage             text76        08FE6
__end_of_MiApp_EstablishConnection        text44        054F6
__end_of_MiApp_MessageAvailable           text48        08FB6
__end_of_MiApp_ProtocolInit               text41        07412
__end_of_MiApp_SearchConnection           text47        06E76
__end_of_MiApp_SetChannel                 text64        08EFA
__end_of_MiApp_UnicastAddress             text46        05DFE
__end_of_MiApp_UnicastConnection          text23        07086
__end_of_MiMAC_DiscardPacket              text77        08F4E
__end_of_MiMAC_Init                       text42        08BA2
__end_of_MiMAC_ReceivedPacket             text63        03F8C
__end_of_MiMAC_SendPacket                 text57        059B8
__end_of_MiMAC_SetAltAddress              text58        088E2
__end_of_MiMAC_SetChannel                 text65        08AB4
__end_of_MiWiTasks                        text49        01DEA
__end_of_MiWi_TickGet                     text71        08874
__end_of_OpenSocket                       text45        061E2
__end_of_PHYGetLongRAMAddr                text61        08946
__end_of_PHYGetShortRAMAddr               text60        08D40
__end_of_PHYSetLongRAMAddr                text67        08A0A
__end_of_PHYSetShortRAMAddr               text66        08DA6
__end_of_PrintTempLCD                     text14        0728C
__end_of_RangeDemo                        text22        04598
__end_of_ReadTempSensor                   text3         069DA
__end_of_Read_MAC_Address                 text19        07B8E
__end_of_Read_VBGVoltage                  text2         08C62
__end_of_RouteMessage                     text51        0501A
__end_of_SPIGet                           text62        08FD4
__end_of_SPIGet2                          text21        08FCA
__end_of_SPIPut                           text68        08F32
__end_of_SPIPut2                          text35        08F16
__end_of_SYSTEM_Initialize                text17        08252
__end_of_SaveIndirectMessage              text53        06752
__end_of_ScanTime                         mediumconst   0FD19
__end_of_SearchForLongAddress             text75        07F64
__end_of_SearchForShortAddress            text74        08694
__end_of_SendBeacon                       text52        07A80
__end_of_SendIndirectPacket               text54        038BA
__end_of_SendMACPacket                    text56        083A6
__end_of_TempDemo                         text1         04B32
__end_of_UnicastShortAddress              text50        0857A
__end_of_UserInterruptHandler             text85        08FF2
__end_of___awdiv                          text15        080EA
__end_of___ftadd                          text11        06C42
__end_of___ftdiv                          text10        07814
__end_of___ftge                           text9         0802C
__end_of___ftmul                          text8         07570
__end_of___ftneg                          text7         08DD6
__end_of___ftpack                         text12        07C9A
__end_of___fttol                          text6         07958
__end_of___lbmod                          text70        08BE6
__end_of___lbtoft                         text5         08E04
__end_of___lmul                           text37        08804
__end_of___lwdiv                          text29        0878E
__end_of___lwmod                          text28        089A8
__end_of___lwtoft                         text4         08E5A
__end_of___wmul                           text27        08D0A
__end_of__initialization                  cinit         085FA
__end_of_dpowers                          mediumconst   0FD2F
__end_of_findNextNetworkEntry             text73        08C26
__end_of_hexpowers                        mediumconst   0FD37
__end_of_high_isr                         intcode       001F2
__end_of_isSameAddress                    text55        08B06
__end_of_isdigit                          text26        08E84
__end_of_main                             text0         03158
__end_of_memset                           text33        08D74
__end_of_octpowers                        mediumconst   0FD25
__end_of_sprintf                          text25        02828
__end_ofi2_PHYGetLongRAMAddr              text82        08B58
__end_ofi2_PHYGetShortRAMAddr             text81        08EAE
__end_ofi2_PHYSetShortRAMAddr             text80        08ED6
__end_ofi2_SPIGet                         text83        08FDE
__end_ofi2_SPIPut                         text84        08F68
__initialization                          cinit         0857A
__mediumconst                             mediumconst   0FCDC
__pbssBANK0                               bssBANK0      000F5
__pbssBANK1                               bssBANK1      00100
__pbssBANK2                               bssBANK2      00200
__pbssBANK3                               bssBANK3      00300
__pbssBANK4                               bssBANK4      00400
__pbssCOMRAM                              bssCOMRAM     00021
__pcinit                                  cinit         0857A
__pcstackBANK0                            cstackBANK0   00060
__pcstackBANK1                            cstackBANK1   001D5
__pcstackBANK2                            cstackBANK2   002E6
__pcstackCOMRAM                           cstackCOMRAM  00001
__pdataBANK1                              dataBANK1     001F3
__pdataCOMRAM                             dataCOMRAM    0003F
__pidataBANK1                             idataBANK1    08FB6
__pidataCOMRAM                            idataCOMRAM   08FEE
__pintcode                                intcode       00008
__pmediumconst                            mediumconst   0FCDC
__ptext0                                  text0         02828
__ptext1                                  text1         04598
__ptext10                                 text10        076C8
__ptext11                                 text11        069DA
__ptext12                                 text12        07B8E
__ptext13                                 text13        0844E
__ptext14                                 text14        07086
__ptext15                                 text15        0802C
__ptext16                                 text16        07D9C
__ptext17                                 text17        081A4
__ptext18                                 text18        08694
__ptext19                                 text19        07A80
__ptext2                                  text2         08C26
__ptext20                                 text20        08C9C
__ptext21                                 text21        08FC0
__ptext22                                 text22        03F8C
__ptext23                                 text23        06E76
__ptext24                                 text24        08A0A
__ptext25                                 text25        01DEA
__ptext26                                 text26        08E5A
__ptext27                                 text27        08CD4
__ptext28                                 text28        08946
__ptext29                                 text29        08716
__ptext3                                  text3         06752
__ptext30                                 text30        083A6
__ptext31                                 text31        08F7E
__ptext32                                 text32        08C62
__ptext33                                 text33        08D40
__ptext34                                 text34        08F92
__ptext35                                 text35        08EFA
__ptext36                                 text36        08252
__ptext37                                 text37        0878E
__ptext38                                 text38        08FE6
__ptext39                                 text39        08FEA
__ptext4                                  text4         08E30
__ptext40                                 text40        07570
__ptext41                                 text41        0728C
__ptext42                                 text42        08B58
__ptext43                                 text43        08F68
__ptext44                                 text44        0501A
__ptext45                                 text45        05DFE
__ptext46                                 text46        059B8
__ptext47                                 text47        06C42
__ptext48                                 text48        08FA6
__ptext49                                 text49        001F6
[...]
Total ram usage:        0 bytes
 Hardware stack levels used:    1
 This function calls:
		Nothing
 This function is called by:
		_high_isr
 This function uses a non-reentrant model



MODULE INFORMATION

Module		Function		Class		Link	Load	Size
../src/system_config/miwikit_pic18f46j50_24j40/lcd.c
		_LCD_BacklightOFF		CODE           	8FEA	0000	5
		_LCD_Erase     		CODE           	8C62	0000	59
		_LCD_Initialize		CODE           	8694	0000	131
		_LCD_Update    		CODE           	83A6	0000	169
		_LCD_Display   		CODE           	8A0A	0000	87
		_UserInterruptHandler		CODE           	8FF0	0000	3
		_LCD_BacklightON		CODE           	8FE6	0000	5
		_LCD_WriteCmd  		CODE           	8F92	0000	21
		_LCD_WriteData 		CODE           	8F7E	0000	21

../src/system_config/miwikit_pic18f46j50_24j40/lcd.c estimated size: 501

C:\Program Files (x86)\Microchip\xc8\v1.35\sources\common\awdiv.c
		___awdiv       		CODE           	802C	0000	191

C:\Program Files (x86)\Microchip\xc8\v1.35\sources\common\awdiv.c estimated size: 191

../../../../../../framework/driver/mrf_miwi/src/drv_mrf_miwi_24j40.c
		_PHYGetLongRAMAddr		CODE           	88E2	0000	101
		_PHYSetLongRAMAddr		CODE           	89A8	0000	99
		_PHYGetShortRAMAddr		CODE           	8D0A	0000	55
		_PHYSetShortRAMAddr		CODE           	8D74	0000	51
		_InitMRF24J40  		CODE           	61E2	0000	705
		_MiMAC_ReceivedPacket		CODE           	38BA	0000	1747
		_MiMAC_DiscardPacket		CODE           	8F32	0000	29
		_high_isr      		CODE           	0008	0000	491
		_MiMAC_SetChannel		CODE           	8A60	0000	85
		_MiMAC_Init    		CODE           	8B58	0000	75
		_MiMAC_SendPacket		CODE           	54F6	0000	1219
		_MiMAC_SetAltAddress		CODE           	8874	0000	111

../../../../../../framework/driver/mrf_miwi/src/drv_mrf_miwi_24j40.c estimated size: 4768

../src/system_config/miwikit_pic18f46j50_24j40/system.c
		_SYSTEM_Initialize		CODE           	81A4	0000	175

../src/system_config/miwikit_pic18f46j50_24j40/system.c estimated size: 175

C:\Program Files (x86)\Microchip\xc8\v1.35\sources\common\ftadd.c
		___ftadd       		CODE           	69DA	0000	617

C:\Program Files (x86)\Microchip\xc8\v1.35\sources\common\ftadd.c estimated size: 617

C:\Program Files (x86)\Microchip\xc8\v1.35\sources\common\Umul32.c
		___lmul        		C     0       0       0
      Locals:         2       0       0       0       0       0       0       0       0       0       0       0       0       0       0       0
      Temps:          0       0       0       0       0       0       0       0       0       0       0       0       0       0       0       0
      Totals:         2       0       0       0       0       0       0       0       0       0       0       0       0       0       0       0
Total ram usage:        2 bytes
 Hardware stack levels used:    1
 This function calls:
		Nothing
 This function is called by:
		i2_PHYSetShortRAMAddr
		i2_PHYGetShortRAMAddr
		i2_PHYGetLongRAMAddr
		i2_SPIGet
 This function uses a non-reentrant model


 *************** function _UserInterruptHandler *****************
 Defined at:
		line 186 in file "../src/system_config/miwikit_pic18f46j50_24j40/lcd.c"
 Parameters:    Size  Location     Type
		None
 Auto vars:     Size  Location     Type
		None
 Return value:  Size  Location     Type
		None               void
 Registers used:
		None
 Tracked objects:
		On entry : 
		On exit  : 
		Unchanged: 
 Data sizes:     COMRAM   BANK0   BANK1   BANK2   BANK3   BANK4   BANK5   BANK6   BANK7   BANK8   BANK9  BANK10  BANK11  BANK12  BANK13  BANK14
      Params:         0       0       0       0       0       0       0       0       0       0       0       0       0       0       0       0
      Locals:         0       0       0       0       0       0       0       0       0       0       0       0       0       0       0       0
      Temps:          0       0       0       0       0       0       0       0       0       0       0       0       0       0       0       0
      Totals:         0       0       0       0       0       0       0       0       0       0       0       0       0       0       0       0
Total ram usage:        0 bytes
 Hardware stack levels used:    1
 This function calls:
		Nothing
 This function is called by:
		_high_isr
 This function uses a non-reentrant model



MODULE INFORMATION

Module		Function		Class		Link	Load	Size
../src/system_config/miwikit_pic18f46j50_24j40/lcd.c
		_LCD_BacklightOFF		CODE           	8FEA	0000	5
		_LCD_Erase     		CODE           	8C62	0000	59
		_LCD_Initialize		CODE           	8694	0000	131
		_LCD_Update    		CODE           	83A6	0000	169
		_LCD_Display   		CODE           	8A0A	0000	87
		_UserInterruptHandler		CODE           	8FF0	0000	3
		_LCD_BacklightON		CODE           	8FE6	0000	5
		_LCD_WriteCmd  		CODE           	8F92	0000	21
		_LCD_WriteData 		CODE           	8F7E	0000	21

../src/system_config/miwikit_pic18f46j50_24j40/lcd.c estimated size: 501

C:\Program Files (x86)\Microchip\xc8\v1.35\sources\common\awdiv.c
		___awdiv       		CODE           	802C	0000	191

C:\Program Files (x86)\Microchip\xc8\v1.35\sources\common\awdiv.c estimated size: 191

../../../../../../framework/driver/mrf_miwi/src/drv_mrf_miwi_24j40.c
		_PHYGetLongRAMAddr		CODE           	88E2	0000	101
		_PHYSetLongRAMAddr		CODE           	89A8	0000	99
		_PHYGetShortRAMAddr		CODE           	8D0A	0000	55
		_PHYSetShortRAMAddr		CODE           	8D74	0000	51
		_InitMRF24J40  		CODE           	61E2	0000	705
		_MiMAC_ReceivedPacket		CODE           	38BA	0000	1747
		_MiMAC_DiscardPacket		CODE           	8F32	0000	29
		_high_isr      		CODE           	0008	0000	491
		_MiMAC_SetChannel		CODE           	8A60	0000	85
		_MiMAC_Init    		CODE           	8B58	0000	75
		_MiMAC_SendPacket		CODE           	54F6	0000	1219
		_MiMAC_SetAltAddress		CODE           	8874	0000	111

../../../../../../framework/driver/mrf_miwi/src/drv_mrf_miwi_24j40.c estimated size: 4768

../src/system_config/miwikit_pic18f46j50_24j40/system.c
		_SYSTEM_Initialize		CODE           	81A4	0000	175

../src/system_config/miwikit_pic18f46j50_24j40/system.c estimated size: 175

C:\Program Files (x86)\Microchip\xc8\v1.35\sources\common\ftadd.c
		___ftadd       		CODE           	69DA	0000	617

C:\Program Files (x86)\Microchip\xc8\v1.35\sources\common\ftadd.c estimated size: 617

C:\Program Files (x86)\Microchip\xc8\v1.35\sources\common\Umul32.c
		___lmul        		CODE           	878E	0000	119

C:\Program Files (x86)\Microchip\xc8\v1.35\sources\common\Umul32.c estimated size: 119

C:\Program Files (x86)\Microchip\xc8\v1.35\sources\common\isdigit.c
		_isdigit       		CODE           	8E5A	0000	43

C:\Program Files (x86)\Microchip\xc8\v1.35\sources\common\isdigit.c estimated size: 43

C:\Program Files (x86)\Microchip\xc8\v1.35\sources\common\ftge.c
		___ftge        		CODE           	7F64	0000	201

C:\Program Files (x86)\Microchip\xc8\v1.35\sources\common\ftge.c estimated size: 201

../src/system_config/miwikit_pic18f46j50_24j40/button.c
		_BUTTON_Pressed		CODE           	7570	0000	345

../src/system_config/miwikit_pic18f46j50_24j40/button.c estimated size: 345

C:\Program Files (x86)\Microchip\xc8\v1.35\sources\common\lwtoft.c
		___lwtoft      		CODE           	8E30	0000	43

C:\Program Files (x86)\Microchip\xc8\v1.35\sources\common\lwtoft.c estimated size: 43

C:\Program Files (x86)\Microchip\xc8\v1.35\sources\common\ftneg.c
		___ftneg       		CODE           	8DA6	0000	49

C:\Program Files (x86)\Microchip\xc8\v1.35\sources\common\ftneg.c estimated size: 49

C:\Program Files (x86)\Microchip\xc8\v1.35\sources\common\lbtoft.c
		___lbtoft      		CODE           	8DD6	0000	47

C:\Program Files (x86)\Microchip\xc8\v1.35\sources\common\lbtoft.c estimated size: 47

C:\Program Files (x86)\Microchip\xc8\v1.35\sources\common\memset.c
		_memset        		CODE           	8D40	0000	53

C:\Program Files (x86)\Microchip\xc8\v1.35\sources\common\memset.c estimated size: 53

C:\Program Files (x86)\Microchip\xc8\v1.35\sources\common\float.c
		___ftpack      		CODE           	7B8E	0000	269

C:\Program Files (x86)\Microchip\xc8\v1.35\sources\common\float.c estimated size: 269

C:\Program Files (x86)\Microchip\xc8\v1.35\sources\common\lwmod.c
		___lwmod       		CODE           	8946	0000	99

C:\Program Files (x86)\Microchip\xc8\v1.35\sources\common\lwmod.c estimated size: 99

../src/system_config/miwikit_pic18f46j50_24j40/delay.c
		_DELAY_ms      		CODE           	8252	0000	171
		_DELAY_10us    		CODE           	844E	0000	155

../src/system_config/miwikit_pic18f46j50_24j40/delay.c estimated size: 326

../../../../../../framework/miwi/src/miwi_mesh.c
		_UnicastShortAddress		CODE           	84E8	0000	147
		_MiApp_EstablishConnection		CODE           	501A	0000	1245
		_MiApp_ProtocolInit		CODE           	728C	0000	391
		_MiApp_UnicastAddress		CODE           	59B8	0000	1095
		_SendMACPacket 		CODE           	82FC	0000	171
		_SendBeacon    		CODE           	7958	0000	297
		_SendIndirectPacket		CODE           	3158	0000	1891
		_SearchForLongAddress		CODE           	7E98	0000	205
		_MiApp_BroadcastPacket		CODE           	7D9C	0000	253
		_findNextNetworkEntry		CODE           	8BE6	0000	65
		_SearchForShortAddress		CODE           	8608	0000	141
		_MiApp_UnicastConnection		CODE           	6E76	0000	529
		_OpenSocket    		CODE           	5DFE	0000	997
		_RouteMessage  		CODE           	4B32	0000	1257
		_MiApp_SetChannel		CODE           	8ED6	0000	37
		_SaveIndirectMessage		CODE           	64A2	0000	689
		_MiWiTasks     		CODE           	01F6	0000	7157
		_MiApp_DiscardMessage		CODE           	8FDE	0000	9
		_BroadcastJitter		CODE           	80EA	0000	187
		_MiApp_MessageAvailable		CODE           	8FA6	0000	17
		_MiApp_SearchConnection		CODE           	6C42	0000	565
		_isSameAddress 		CODE           	8AB4	0000	83
		_AddNodeToNetworkTable		CODE           	7C9A	0000	259
		_MiApp_ConnectionMode		CODE           	8E04	0000	45

../../../../../../framework/miwi/src/miwi_mesh.c estimated size: 17732

C:\Program Files (x86)\Microchip\xc8\v1.35\sources\common\doprnt.c
		_sprintf       		CODE           	1DEA	0000	2623

C:\Program Files (x86)\Microchip\xc8\v1.35\sources\common\doprnt.c estimated size: 2623

../src/system_config/miwikit_pic18f46j50_24j40/eeprom.c
		_EEPROMRead    		CODE           	8C9C	0000	57
		_Read_MAC_Address		CODE           	7A80	0000	271

../src/system_config/miwikit_pic18f46j50_24j40/eeprom.c estimated size: 328

shared
		_dpowers       		MEDIUMCONST    	FD25	0000	11
		_ScanTime      		MEDIUMCONST    	FCDD	0000	6ODE           	878E	0000	119

C:\Program Files (x86)\Microchip\xc8\v1.35\sources\common\Umul32.c estimated size: 119

C:\Program Files (x86)\Microchip\xc8\v1.35\sources\common\isdigit.c
		_isdigit       		CODE           	8E5A	0000	43

C:\Program Files (x86)\Microchip\xc8\v1.35\sources\common\isdigit.c estimated size: 43

C:\Program Files (x86)\Microchip\xc8\v1.35\sources\common\ftge.c
		___ftge        		CODE           	7F64	0000	201

C:\Program Files (x86)\Microchip\xc8\v1.35\sources\common\ftge.c estimated size: 201

../src/system_config/miwikit_pic18f46j50_24j40/button.c
		_BUTTON_Pressed		CODE           	7570	0000	345

../src/system_config/miwikit_pic18f46j50_24j40/button.c estimated size: 345

C:\Program Files (x86)\Microchip\xc8\v1.35\sources\common\lwtoft.c
		___lwtoft      		CODE           	8E30	0000	43

C:\Program Files (x86)\Microchip\xc8\v1.35\sources\common\lwtoft.c estimated size: 43

C:\Program Files (x86)\Microchip\xc8\v1.35\sources\common\ftneg.c
		___ftneg       		CODE           	8DA6	0000	49

C:\Program Files (x86)\Microchip\xc8\v1.35\sources\common\ftneg.c estimated size: 49

C:\Program Files (x86)\Microchip\xc8\v1.35\sources\common\lbtoft.c
		___lbtoft      		CODE           	8DD6	0000	47

C:\Program Files (x86)\Microchip\xc8\v1.35\sources\common\lbtoft.c estimated size: 47

C:\Program Files (x86)\Microchip\xc8\v1.35\sources\common\memset.c
		_memset        		CODE           	8D40	0000	53

C:\Program Files (x86)\Microchip\xc8\v1.35\sources\common\memset.c estimated size: 53

C:\Program Files (x86)\Microchip\xc8\v1.35\sources\common\float.c
		___ftpack      		CODE           	7B8E	0000	269

C:\Program Files (x86)\Microchip\xc8\v1.35\sources\common\float.c estimated size: 269

C:\Program Files (x86)\Microchip\xc8\v1.35\sources\common\lwmod.c
		___lwmod       		CODE           	8946	0000	99

C:\Program Files (x86)\Microchip\xc8\v1.35\sources\common\lwmod.c estimated size: 99

../src/system_config/miwikit_pic18f46j50_24j40/delay.c
		_DELAY_ms      		CODE           	8252	0000	171
		_DELAY_10us    		CODE           	844E	0000	155

../src/system_config/miwikit_pic18f46j50_24j40/delay.c estimated size: 326

../../../../../../framework/miwi/src/miwi_mesh.c
		_UnicastShortAddress		CODE           	84E8	0000	147
		_MiApp_EstablishConnection		CODE           	501A	0000	1245
		_MiApp_ProtocolInit		CODE           	728C	0000	391
		_MiApp_UnicastAddress		CODE           	59B8	0000	1095
		_SendMACPacket 		CODE           	82FC	0000	171
		_SendBeacon    		CODE           	7958	0000	297
		_SendIndirectPacket		CODE           	3158	0000	1891
		_SearchForLongAddress		CODE           	7E98	0000	205
		_MiApp_BroadcastPacket		CODE           	7D9C	0000	253
		_findNextNetworkEntry		CODE           	8BE6	0000	65
		_SearchForShortAddress		CODE           	8608	0000	141
		_MiApp_UnicastConnection		CODE           	6E76	0000	529
		_OpenSocket    		CODE           	5DFE	0000	997
		_RouteMessage  		CODE           	4B32	0000	1257
		_MiApp_SetChannel		CODE           	8ED6	0000	37
		_SaveIndirectMessage		CODE           	64A2	0000	689
		_MiWiTasks     		CODE           	01F6	0000	7157
		_MiApp_DiscardMessage		CODE           	8FDE	0000	9
		_BroadcastJitter		CODE           	80EA	0000	187
		_MiApp_MessageAvailable		CODE           	8FA6	0000	17
		_MiApp_SearchConnection		CODE           	6C42	0000	565
		_isSameAddress 		CODE           	8AB4	0000	83
		_AddNodeToNetworkTable		CODE           	7C9A	0000	259
		_MiApp_ConnectionMode		CODE           	8E04	0000	45

../../../../../../framework/miwi/src/miwi_mesh.c estimated size: 17732

C:\Program Files (x86)\Microchip\xc8\v1.35\sources\common\doprnt.c
		_sprintf       		CODE           	1DEA	0000	2623

C:\Program Files (x86)\Microchip\xc8\v1.35\sources\common\doprnt.c estimated size: 2623

../src/system_config/miwikit_pic18f46j50_24j40/eeprom.c
		_EEPROMRead    		CODE           	8C9C	0000	57
		_Read_MAC_Address		CODE           	7A80	0000	271

../src/system_config/miwikit_pic18f46j50_24j40/eeprom.c estimated size: 328

shared
		_dpowers       		MEDIUMCONST    	FD25	0000	11
		_ScanTime      		MEDIUMCONST    	FCDD	0000	61
		i2_PHYGetShortRAMAddr		CODE           	8E84	0000	43
		i2_PHYGetLongRAMAddr		CODE           	8B06	0000	83
		i2_PHYSetShortRAMAddr		CODE           	8EAE	0000	41
		__initialization		CODE           	857A	0000	129
		_octpowers     		MEDIUMCONST    	FD19	0000	13
		i2_SPIGet      		CODE           	8FD4	0000	11
		_hexpowers     		MEDIUMCONST    	FD2F	0000	9
		i2_SPIPut      		CODE           	8F4E	0000	27

shared estimated size: 428

../src/system_config/miwikit_pic18f46j50_24j40/symbol.c
		_InitSymbolTimer		CODE           	8F68	0000	23
		_MiWi_TickGet  		CODE           	8804	0000	113

../src/system_config/miwikit_pic18f46j50_24j40/symbol.c estimated size: 136

C:\Program Files (x86)\Microchip\xc8\v1.35\sources\common\ftmul.c
		___ftmul       		CODE           	7412	0000	351

C:\Program Files (x86)\Microchip\xc8\v1.35\sources\common\ftmul.c estimated size: 351

C:\Program Files (x86)\Microchip\xc8\v1.35\sources\common\ftdiv.c
		___ftdiv       		CODE           	76C8	0000	333

C:\Program Files (x86)\Microchip\xc8\v1.35\sources\common\ftdiv.c estimated size: 333

../src/range_demo.c
		_RangeDemo     		CODE           	3F8C	0000	1549

../src/range_demo.c estimated size: 1549

C:\Program Files (x86)\Microchip\xc8\v1.35\sources\common\lwdiv.c
		___lwdiv       		CODE           	8716	0000	121

C:\Program Files (x86)\Microchip\xc8\v1.35\sources\common\lwdiv.c estimated size: 121

../src/system_config/miwikit_pic18f46j50_24j40/spi.c
		_SPIPut2       		CODE           	8EFA	0000	29
		_SPIGet        		CODE           	8FCA	0000	11
		_SPIGet2       		CODE           	8FC0	0000	11
		_SPIPut        		CODE           	8F16	0000	29

../src/system_config/miwikit_pic18f46j50_24j40/spi.c estimated size: 80

../src/main.c
		_main          		CODE           	2828	0000	2353

../src/main.c estimated size: 2353

C:\Program Files (x86)\Microchip\xc8\v1.35\sources\common\Umul16.c
		___wmul        		CODE           	8CD4	0000	55

C:\Program Files (x86)\Microchip\xc8\v1.35\sources\common\Umul16.c estimated size: 55

C:\Program Files (x86)\Microchip\xc8\v1.35\sources\common\lbmod.c
		___lbmod       		CODE           	8BA2	0000	69

C:\Program Files (x86)\Microchip\xc8\v1.35\sources\common\lbmod.c estimated size: 69

../src/temp_demo.c
		_ReadTempSensor		CODE           	6752	0000	649
		_PrintTempLCD  		CODE           	7086	0000	519
		_Read_VBGVoltage		CODE           	8C26	0000	61
		_TempDemo      		CODE           	4598	0000	1435

../src/temp_demo.c estimated size: 2664

C:\Program Files (x86)\Microchip\xc8\v1.35\sources\common\fttol.c
		___fttol       		CODE           	7814	0000	325

C:\Program Files (x86)\Microchip\xc8\v1.35\sources\common\fttol.c estimated size: 325

1
		i2_PHYGetShortRAMAddr		CODE           	8E84	0000	43
		i2_PHYGetLongRAMAddr		CODE           	8B06	0000	83
		i2_PHYSetShortRAMAddr		CODE           	8EAE	0000	41
		__initialization		CODE           	857A	0000	129
		_octpowers     		MEDIUMCONST    	FD19	0000	13
		i2_SPIGet      		CODE           	8FD4	0000	11
		_hexpowers     		MEDIUMCONST    	FD2F	0000	9
		i2_SPIPut      		CODE           	8F4E	0000	27

shared estimated size: 428

../src/system_config/miwikit_pic18f46j50_24j40/symbol.c
		_InitSymbolTimer		CODE           	8F68	0000	23
		_MiWi_TickGet  		CODE           	8804	0000	113

../src/system_config/miwikit_pic18f46j50_24j40/symbol.c estimated size: 136

C:\Program Files (x86)\Microchip\xc8\v1.35\sources\common\ftmul.c
		___ftmul       		CODE           	7412	0000	351

C:\Program Files (x86)\Microchip\xc8\v1.35\sources\common\ftmul.c estimated size: 351

C:\Program Files (x86)\Microchip\xc8\v1.35\sources\common\ftdiv.c
		___ftdiv       		CODE           	76C8	0000	333

C:\Program Files (x86)\Microchip\xc8\v1.35\sources\common\ftdiv.c estimated size: 333

../src/range_demo.c
		_RangeDemo     		CODE           	3F8C	0000	1549

../src/range_demo.c estimated size: 1549

C:\Program Files (x86)\Microchip\xc8\v1.35\sources\common\lwdiv.c
		___lwdiv       		CODE           	8716	0000	121

C:\Program Files (x86)\Microchip\xc8\v1.35\sources\common\lwdiv.c estimated size: 121

../src/system_config/miwikit_pic18f46j50_24j40/spi.c
		_SPIPut2       		CODE           	8EFA	0000	29
		_SPIGet        		CODE           	8FCA	0000	11
		_SPIGet2       		CODE           	8FC0	0000	11
		_SPIPut        		CODE           	8F16	0000	29

../src/system_config/miwikit_pic18f46j50_24j40/spi.c estimated size: 80

../src/main.c
		_main          		CODE           	2828	0000	2353

../src/main.c estimated size: 2353

C:\Program Files (x86)\Microchip\xc8\v1.35\sources\common\Umul16.c
		___wmul        		CODE           	8CD4	0000	55

C:\Program Files (x86)\Microchip\xc8\v1.35\sources\common\Umul16.c estimated size: 55

C:\Program Files (x86)\Microchip\xc8\v1.35\sources\common\lbmod.c
		___lbmod       		CODE           	8BA2	0000	69

C:\Program Files (x86)\Microchip\xc8\v1.35\sources\common\lbmod.c estimated size: 69

../src/temp_demo.c
		_ReadTempSensor		CODE           	6752	0000	649
		_PrintTempLCD  		CODE           	7086	0000	519
		_Read_VBGVoltage		CODE           	8C26	0000	61
		_TempDemo      		CODE           	4598	0000	1435

../src/temp_demo.c estimated size: 2664

C:\Program Files (x86)\Microchip\xc8\v1.35\sources\common\fttol.c
		___fttol       		CODE           	7814	0000	325

C:\Program Files (x86)\Microchip\xc8\v1.35\sources\common\fttol.c estimated size: 325

