Microchip MPLAB XC8 Compiler V1.37 ()

Linker command line:

--edf=C:\Program Files (x86)\Microchip\xc8\v1.37\dat\en_msgs.txt -cs \
  -h+dist/miwikit_pic18f46j50_24j40/production\miwi_demo_kit.X.production.sym \
  --cmf=dist/miwikit_pic18f46j50_24j40/production\miwi_demo_kit.X.production.cmf \
  -z -Q18F46J50 -oC:\Users\e1430397\AppData\Local\Temp\s670.2 \
  -Mdist/miwikit_pic18f46j50_24j40/production/miwi_demo_kit.X.production.map \
  -E1 -ver=XC8 -ASTACK=0486h-0ebfh -pstack=STACK -ACODE=00h-0FFF7h \
  -ACONST=00h-0FFF7h -ASMALLCONST=0F00h-0FFFhx240,0FF00h-0FFF7h \
  -AMEDIUMCONST=0F00h-0FFF7h -ACOMRAM=01h-05Fh -AABS1=00h-0EBFh \
  -ABIGRAM=01h-0EBFh -ARAM=060h-0FFh,0100h-01FFhx13,0E00h-0EBFh \
  -ABANK0=060h-0FFh -ABANK1=0100h-01FFh -ABANK2=0200h-02FFh \
  -ABANK3=0300h-03FFh -ABANK4=0400h-04FFh -ABANK5=0500h-05FFh \
  -ABANK6=0600h-06FFh -ABANK7=0700h-07FFh -ABANK8=0800h-08FFh \
  -ABANK9=0900h-09FFh -ABANK10=0A00h-0AFFh -ABANK11=0B00h-0BFFh \
  -ABANK12=0C00h-0CFFh -ABANK13=0D00h-0DFFh -ABANK14=0E00h-0EBFh \
  -ASFR=0EC0h-0EFFh,0F00h-0F5Fh,0F60h-0FFFh \
  -preset_vec=00h,intcode=08h,intcodelo,powerup,init,end_init \
  -pramtop=0F00h -psmallconst=SMALLCONST -pmediumconst=MEDIUMCONST \
  -pconst=CONST -AFARRAM=00h-00h -ACONFIG=0FFF8h-0FFFFh -pconfig=CONFIG \
  -pjflash_buffer=0F800h \
  -prdata=COMRAM,nvrram=COMRAM,nvbit=COMRAM,rbss=COMRAM,rbit=COMRAM \
  -pfarbss=FARRAM,fardata=FARRAM,nvFARRAM=FARRAM \
  -pintsave_regs=BIGRAM,bigbss=BIGRAM,bigdata=BIGRAM -pbss=RAM \
  -pidata=CODE,irdata=CODE,ibigdata=CODE,ifardata=CODE -prparam=COMRAM \
  C:\Users\e1430397\AppData\Local\Temp\s670.obj \
  dist/miwikit_pic18f46j50_24j40/production\miwi_demo_kit.X.production.obj 

Object code version is 3.11

Machine type is 18F46J50

Call graph: (short form)




                Name                               Link     Load   Length Selector   Space Scale
C:\Users\e1430397\AppData\Local\Temp\s670.obj
                end_init                            2A0      2A0        4        4       0
                reset_vec                             0        0        4        0       0
                config                             FFF8     FFF8        8     FFF8       0
dist/miwikit_pic18f46j50_24j40/production\miwi_demo_kit.X.production.obj
                intcode                               8        8      298        4       0
                temp                                 49       49        1        1       1
                mediumconst                        FD5C     FD5C      29C     7EAE       0
                text90                             9550     9550        2     4A85       0
                text89                             9476     9476       1A        4       0
                text88                             953C     953C        A     4A85       0
                text87                             905A     905A       52        4       0
                text86                             935C     935C       2A        4       0
                text85                             9386     9386       28        4       0
                text83                             9426     9426       1C        4       0
                text82                             8EFC     8EFC       62        4       0
                text81                             92D4     92D4       32        4       0
                text80                             8FB4     8FB4       54        4       0
                text79                             9532     9532        A     4A85       0
                text78                             8D72     8D72       64        4       0
                text77                             926A     926A       36        4       0
                text76                             6848     6848      2C0        4       0
                text75                             8D04     8D04       6E        4       0
                text74                             8C94     8C94       70        4       0
                text73                             52D2     52D2      4C2        4       0
                text72                             6B08     6B08      2B0        4       0
                text71                             81DE     81DE       FC        4       0
                text70                             9528     9528        A     4A85       0
                text69                             8C20     8C20       74        4       0
                text68                             94CE     94CE       12        4       0
                text67                             7DB6     7DB6      118        4       0
                text66                             940A     940A       1C        4       0
                text65                             9546     9546        8     4A85       0
                text64                             82DA     82DA       CC        4       0
                text63                             8A28     8A28       88        4       0
                text62                             9182     9182       40        4       0
                text61                             7FDC     7FDC      102        4       0
                text60                             913E     913E       44        4       0
                text59                             8464     8464       BA        4       0
                text58                             93AE     93AE       24        4       0
                text57                             3BF6     3BF6      6D2        4       0
                text56                             8720     8720       AA        4       0
                text55                             9008     9008       52        4       0
                text54                             3498     3498      75E        4       0
                text53                             7C8E     7C8E      128        4       0
                text52                             4DF6     4DF6      4DC        4       0
                text51                             899A     899A       8E        4       0
                text50                              2A4      2A4     1BBA        4       0
                text49                             94E0     94E0       10        4       0
                text48                             945C     945C       1A        4       0
                text47                             8E9A     8E9A       62        4       0
                text46                             8906     8906       94        4       0
                text45                             76C8     76C8      1A2        4       0
                text44                             8BAA     8BAA       76        4       0
                text43                             8676     8676       AA        4       0
                text42                             93EE     93EE       1C        4       0
                text41                             94BA     94BA       14        4       0
                text40                             92A0     92A0       34        4       0
                text39                             91C2     91C2       3A        4       0
                text38                             94A6     94A6       14        4       0
                text37                             87CA     87CA       A8        4       0
                text36                             8B32     8B32       78        4       0
                text35                             8E38     8E38       62        4       0
                text34                             9234     9234       36        4       0
                text33                             9332     9332       2A        4       0
                text32                             2A5A     2A5A      A3E        4       0
                text31                             8F5E     8F5E       56        4       0
                text30                             9306     9306       2C        4       0
                text29                             7284     7284      234        4       0
                text28                             5C46     5C46      442        4       0
                text27                             6468     6468      3E0        4       0
                text26                             5794     5794      4B2        4       0
                text25                             9490     9490       16        4       0
                text24                             90AC     90AC       4A        4       0
                text23                             786A     786A      184        4       0
                text22                             90F6     90F6       48        4       0
                text21                             83A6     83A6       BE        4       0
                text20                             74B8     74B8      210        4       0
                text19                             80DE     80DE      100        4       0
                text18                             951E     951E        A     4A85       0
                text17                             91FC     91FC       38        4       0
                text16                             7ECE     7ECE      10E        4       0
                text15                             8AB0     8AB0       82        4       0
                text14                             851E     851E       AE        4       0
                text13                             4906     4906      4F0        4       0
                text12                             9514     9514        A     4A85       0
                text11                             950A     950A        A     4A85       0
                text10                             8DD6     8DD6       62        4       0
                text9                              701E     701E      266        4       0
                text8                              6DB8     6DB8      266        4       0
                text7                              9442     9442       1A        4       0
                text6                              8872     8872       94        4       0
                text5                              7B46     7B46      148        4       0
                text4                              79EE     79EE      158        4       0
                text3                              42C8     42C8      63E        4       0
                text2                              6088     6088      3E0        4       0
                text1                              1E5E     1E5E      BFC        4       0
                text0                              93D2     93D2       1C        4       0
                cstackCOMRAM                          1        1       24        1       1
                cstackBANK0                          60       60       9D       60       1
                cstackBANK1                         191      191       62      100       1
                bssBANK4                            400      400       86      400       1
                bssBANK3                            300      300       DC      300       1
                dataBANK2                           2CD      2CD        D      200       1
                bssBANK2                            200      200       CD      200       1
                dataBANK1                           1F3      1F3        C      100       1
                bssBANK1                            100      100       91      100       1
                bssBANK0                             FD       FD        3       60       1
                dataCOMRAM                           47       47        2        1       1
                bssCOMRAM                            25       25       22        1       1
                cinit                              85CC     85CC       AA        4       0
                idataBANK2                         94F0     94F0        D        4       0
                idataBANK1                         94FD     94FD        C        4       0
                idataCOMRAM                        954E     954E        2     4A85       0

TOTAL           Name                               Link     Load   Length     Space
        CLASS   STACK          

        CLASS   CODE           
                end_init                            2A0      2A0        4         0
                intcode                               8        8      298         0
                reset_vec                             0        0        4         0
                text90                             9550     9550        2         0
                text89                             9476     9476       1A         0
                text88                             953C     953C        A         0
                text87                             905A     905A       52         0
                text86                             935C     935C       2A         0
                text85                             9386     9386       28         0
                text83                             9426     9426       1C         0
                text82                             8EFC     8EFC       62         0
                text81                             92D4     92D4       32         0
                text80                             8FB4     8FB4       54         0
                text79                             9532     9532        A         0
                text78                             8D72     8D72       64         0
                text77                             926A     926A       36         0
                text76                             6848     6848      2C0         0
                text75                             8D04     8D04       6E         0
                text74                             8C94     8C94       70         0
                text73                             52D2     52D2      4C2         0
                text72                             6B08     6B08      2B0         0
                text71                             81DE     81DE       FC         0
                text70                             9528     9528        A         0
                text69                             8C20     8C20       74         0
                text68                             94CE     94CE       12         0
                text67                             7DB6     7DB6      118         0
                text66                             940A     940A       1C         0
                text65                             9546     9546        8         0
                text64                             82DA     82DA       CC         0
                text63                             8A28     8A28       88         0
                text62                             9182     9182       40         0
                text61                             7FDC     7FDC      102         0
                text60                             913E     913E       44         0
                text59                             8464     8464       BA         0
                text58                             93AE     93AE       24         0
                text57                             3BF6     3BF6      6D2         0
                text56                             8720     8720       AA         0
                text55                             9008     9008       52         0
                text54                             3498     3498      75E         0
                text53                             7C8E     7C8E      128         0
                text52                             4DF6     4DF6      4DC         0
                text51                             899A     899A       8E         0
                text50                              2A4      2A4     1BBA         0
                text49                             94E0     94E0       10         0
                text48                             945C     945C       1A         0
                text47                             8E9A     8E9A       62         0
                text46                             8906     8906       94         0
                text45                             76C8     76C8      1A2         0
                text44                             8BAA     8BAA       76         0
                text43                             8676     8676       AA         0
                text42                             93EE     93EE       1C         0
                text41                             94BA     94BA       14         0
                text40                             92A0     92A0       34         0
                text39                             91C2     91C2       3A         0
                text38                             94A6     94A6       14         0
                text37                             87CA     87CA       A8         0
                text36                             8B32     8B32       78         0
                text35                             8E38     8E38       62         0
                text34                             9234     9234       36         0
                text33                             9332     9332       2A         0
                text32                             2A5A     2A5A      A3E         0
                text31                             8F5E     8F5E       56         0
                text30                             9306     9306       2C         0
                text29                             7284     7284      234         0
                text28                             5C46     5C46      442         0
                text27                             6468     6468      3E0         0
                text26                             5794     5794      4B2         0
                text25                             9490     9490       16         0
                text24                             90AC     90AC       4A         0
                text23                             786A     786A      184         0
                text22                             90F6     90F6       48         0
                text21                             83A6     83A6       BE         0
                text20                             74B8     74B8      210         0
                text19                             80DE     80DE      100         0
                text18                             951E     951E        A         0
                text17                             91FC     91FC       38         0
                text16                             7ECE     7ECE      10E         0
                text15                             8AB0     8AB0       82         0
                text14                             851E     851E       AE         0
                text13                             4906     4906      4F0         0
                text12                             9514     9514        A         0
                text11                             950A     950A        A         0
                text10                             8DD6     8DD6       62         0
                text9                              701E     701E      266         0
                text8                              6DB8     6DB8      266         0
                text7                              9442     9442       1A         0
                text6                              8872     8872       94         0
                text5                              7B46     7B46      148         0
                text4                              79EE     79EE      158         0
                text3                              42C8     42C8      63E         0
                text2                              6088     6088      3E0         0
                text1                              1E5E     1E5E      BFC         0
                text0                              93D2     93D2       1C         0
                cinit                              85CC     85CC       AA         0
                idataBANK2                         94F0     94F0        D         0
                idataBANK1                         94FD     94FD        C         0
                idataCOMRAM                        954E     954E        2         0

        CLASS   CONST          

        CLASS   SMALLCONST     

        CLASS   MEDIUMCONST    
                mediumconst                        FD5C     FD5C      29C         0

        CLASS   COMRAM         
                temp                                 49       49        1         1
                cstackCOMRAM                          1        1       24         1
                dataCOMRAM                           47       47        2         1
                bssCOMRAM                            25       25       22         1

        CLASS   ABS1           

        CLASS   BIGRAM         

        CLASS   RAM            

        CLASS   BANK0          
                cstackBANK0                          60       60       9D         1
                bssBANK0                             FD       FD        3         1

        CLASS   BANK1          
                cstackBANK1                         191      191       62         1
                dataBANK1                           1F3      1F3        C         1
                bssBANK1                            100      100       91         1

        CLASS   BANK2          
                dataBANK2                           2CD      2CD        D         1
                bssBANK2                            200      200       CD         1

        CLASS   BANK3          
                bssBANK3                            300      300       DC         1

        CLASS   BANK4          
                bssBANK4                            400      400       86         1

        CLASS   BANK5          

        CLASS   BANK6          

        CLASS   BANK7          

        CLASS   BANK8          

        CLASS   BANK9          

        CLASS   BANK10         

        CLASS   BANK11         

        CLASS   BANK12         

        CLASS   BANK13         

        CLASS   BANK14         

        CLASS   SFR            

        CLASS   FARRAM         

        CLASS   CONFIG         
                config                             FFF8     FFF8        8         0

        CLASS   IDLOC          



SEGMENTS        Name                           Load    Length   Top    Selector   Space  Class

                reset_vec                      000000  000004  000004         0       0  CODE    
                cstackCOMRAM                   000001  000049  00004A         1       1  COMRAM  
                intcode                        000008  009501  009509         4       0  CODE    
                cstackBANK0                    000060  0000A0  000100        60       1  BANK0   
                bssBANK1                       000100  0000FF  0001FF       100       1  BANK1   
                bssBANK2                       000200  0000DA  0002DA       200       1  BANK2   
                bssBANK3                       000300  0000DC  0003DC       300       1  BANK3   
                bssBANK4                       000400  000086  000486       400       1  BANK4   
                text11                         00950A  000048  009552      4A85       0  CODE    
                mediumconst                    00FD5C  00029C  00FFF8      7EAE       0  MEDIUMCO
                config                         00FFF8  000008  010000      FFF8       0  CONFIG  


UNUSED ADDRESS RANGES

        Name                Unused          Largest block    Delta
        BANK1            001FF-001FF               1
        BANK10           00A00-00AFF             100
        BANK11           00B00-00BFF             100
        BANK12           00C00-00CFF             100
        BANK13           00D00-00DFF             100
        BANK14           00E00-00EBF              C0
        BANK2            002DA-002FF              26
        BANK3            003DC-003FF              24
        BANK4            00486-004FF              7A
        BANK5            00500-005FF             100
        BANK6            00600-006FF             100
        BANK7            00700-007FF             100
        BANK8            00800-008FF             100
        BANK9            00900-009FF             100
        BIGRAM           0004A-0005F              16
                         001FF-001FF               1
                         002DA-002FF              26
                         003DC-003FF              24
                         00486-00EBF             A3A
        CODE             00004-00007               4
                         09509-09509               1
                         09552-0FD5B            680A
        COMRAM           0004A-0005F              16
        CONST            00004-00007               4
                         09509-09509               1
                         09552-0FD5B            680A
        MEDIUMCONST      09509-09509               1
                         09552-0FD5B            680A
        RAM              001FF-001FF               1
                         002DA-002FF              26
                         003DC-003FF              24
                         00486-00EBF             100
        SFR              00EC0-00FFF              60
        SMALLCONST       09509-09509               1
                         09552-0FD5B             100
        STACK            00486-00EBF             A3A

                                  Symbol Table

?_MiWi_TickGet                            cstackBANK0   00060
?_UART_kbhit_A2_A1                        cstackBANK0   00060
?___awdiv                                 cstackBANK0   00060
?___lmul                                  cstackBANK0   00060
?___lwdiv                                 cstackBANK0   00060
?___lwmod                                 cstackBANK0   00067
?___wmul                                  cstackBANK0   00060
?_sprintf                                 cstackBANK0   0006C
AddNodeToNetworkTable@handle              cstackBANK0   00069
AddNodeToNetworkTable@i                   cstackBANK0   00068
BUTTON_Pressed@result                     cstackBANK0   00076
BUTTON_Pressed@t                          cstackBANK0   00072
BUTTON_Pressed@tickDifference             cstackBANK0   0006E
BroadcastJitter@jitter                    cstackBANK0   0007B
BroadcastJitter@range                     cstackBANK0   0007A
BroadcastJitter@t1                        cstackBANK0   00072
BroadcastJitter@t2                        cstackBANK0   00076
ComputerControl@CMD                       cstackBANK0   000B4
ComputerControl@F8393                     dataBANK2     002CD
ComputerControl@Title                     cstackBANK0   0009F
ComputerControl@_dcnt                     cstackBANK0   000AC
ComputerControl@_ms                       cstackBANK0   000B0
DELAY_ms@cyclesRequiredForEntireDelay     cstackBANK0   0006E
DELAY_ms@ms                               cstackBANK0   0006C
Demo_Pan@status                           cstackBANK0   000DB
DoorUnlock@_dcnt                          cstackBANK0   000DB
DoorUnlock@_ms                            cstackBANK0   000DF
EEPROMRead@addr                           cstackBANK0   00064
EEPROMRead@count                          cstackBANK0   00065
EEPROMRead@dest                           cstackBANK0   00062
InitMRF24J40@_dcnt                        cstackBANK0   0006B
InitMRF24J40@_dcnt_846                    cstackBANK0   0006F
InitMRF24J40@_ms                          cstackBANK0   00073
InitMRF24J40@_ms_847                      cstackBANK0   00077
InitMRF24J40@i                            cstackBANK0   0007D
InitMRF24J40@j                            cstackBANK0   0007B
LCD_Display@delay                         cstackBANK0   00094
LCD_Display@i                             cstackBANK0   00095
LCD_Display@text                          cstackBANK0   00091
LCD_Display@value                         cstackBANK0   00093
LCD_Update@i                              cstackBANK0   00063
LCD_WriteCmd@data                         cstackBANK0   00062
LCD_WriteData@data                        cstackBANK0   00062
MiApp_BroadcastPacket@SecEn               cstackBANK0   0009D
MiApp_BroadcastPacket@i                   cstackBANK0   0009E
MiApp_ConnectionMode@Mode                 cstackBANK0   00061
MiApp_EstablishConnection@ActiveScanIndex cstackBANK1   001A3
MiApp_EstablishConnection@Mode            cstackBANK0   000FC
MiApp_EstablishConnection@i               cstackBANK1   001A2
MiApp_EstablishConnection@retry           cstackBANK1   001A1
MiApp_EstablishConnection@t1              cstackBANK1   00199
MiApp_EstablishConnection@t2              cstackBANK1   0019D
MiApp_NoiseDetection@ChannelMap           cstackBANK0   0006B
MiApp_NoiseDetection@DetectionMode        cstackBANK0   00070
MiApp_NoiseDetection@OptimalChannel       cstackBANK0   0008C
MiApp_NoiseDetection@RSSIValue            cstackBANK0   00071
MiApp_NoiseDetection@RSSIcheck            cstackBANK0   0008F
MiApp_NoiseDetection@ScanDuration         cstackBANK0   0006F
MiApp_NoiseDetection@channelMask          cstackBANK0   00080
MiApp_NoiseDetection@i                    cstackBANK0   00091
MiApp_NoiseDetection@j                    cstackBANK0   0008D
MiApp_NoiseDetection@k                    cstackBANK0   0008E
MiApp_NoiseDetection@maxRSSI              cstackBANK0   00092
MiApp_NoiseDetection@minRSSI              cstackBANK0   00090
MiApp_NoiseDetection@t1                   cstackBANK0   00084
MiApp_NoiseDetection@t2                   cstackBANK0   00088
MiApp_ProtocolInit@MIP                    cstackBANK0   00084
MiApp_ProtocolInit@bNetworkFreezer        cstackBANK0   00083
MiApp_ProtocolInit@i                      cstackBANK0   00087
MiApp_SearchConnection@ChannelMap         cstackBANK0   000DA
MiApp_SearchConnection@ScanDuration       cstackBANK0   000F7
MiApp_SearchConnection@backupChannel      cstackBANK0   000F8
MiApp_SearchConnection@channelMask        cstackBANK0   000EB
MiApp_SearchConnection@i                  cstackBANK0   000F9
MiApp_SearchConnection@t1                 cstackBANK0   000EF
MiApp_SearchConnection@t2                 cstackBANK0   000F3
MiApp_SetChannel@channel                  cstackBANK0   0006A
MiApp_StartConnection@ChannelMap          cstackBANK0   00094
MiApp_StartConnection@Mode                cstackBANK0   00099
MiApp_StartConnection@RSSIValue           cstackBANK0   0009B
MiApp_StartConnection@ScanDuration        cstackBANK0   00093
MiApp_StartConnection@channel             cstackBANK0   0009A
MiApp_UnicastAddress@DestAddress          cstackBANK0   000DA
MiApp_UnicastAddress@MiWiFrameControl     cstackBANK0   000F6
MiApp_UnicastAddress@PermanentAddr        cstackBANK0   000DC
MiApp_UnicastAddress@SecEn                cstackBANK0   000DD
MiApp_UnicastAddress@handle               cstackBANK0   000F8
MiApp_UnicastAddress@i                    cstackBANK0   000F7
MiApp_UnicastAddress@t1                   cstackBANK0   000E6
MiApp_UnicastAddress@t1_1921              cstackBANK0   000EE
MiApp_UnicastAddress@t2                   cstackBANK0   000EA
MiApp_UnicastAddress@t2_1932              cstackBANK0   000F2
MiMAC_ChannelAssessment@RSSIcheck         cstackBANK0   00068
MiMAC_Init@i                              cstackBANK0   00081
MiMAC_Init@initValue                      cstackBANK0   0007E
MiMAC_ReceivedPacket@addrMode             cstackBANK0   00066
MiMAC_ReceivedPacket@bIntraPAN            cstackBANK0   00068
MiMAC_ReceivedPacket@i                    cstackBANK0   00067
MiMAC_SendPacket@IntraPAN                 cstackBANK0   00098
MiMAC_SendPacket@MACPayload               cstackBANK0   00085
MiMAC_SendPacket@MACPayloadLen            cstackBANK0   00087
MiMAC_SendPacket@frameControl             cstackBANK0   00099
MiMAC_SendPacket@headerLength             cstackBANK0   0009A
MiMAC_SendPacket@i                        cstackBANK0   0009B
MiMAC_SendPacket@loc                      cstackBANK0   0009C
MiMAC_SendPacket@t1                       cstackBANK0   00090
MiMAC_SendPacket@t2                       cstackBANK0   00094
MiMAC_SendPacket@transParam               cstackBANK0   0007E
MiMAC_SetAltAddress@Address               cstackBANK0   00065
MiMAC_SetAltAddress@PANID                 cstackBANK0   00067
MiMAC_SetChannel@channel                  cstackBANK0   00069
MiMAC_SetChannel@offsetFreq               cstackBANK0   00068
MiWiTasks@CapacityByte                    cstackBANK0   000CA
MiWiTasks@CoordAddress                    cstackBANK0   000BD
MiWiTasks@associateStatus                 cstackBANK0   000C1
MiWiTasks@cIndex                          cstackBANK0   000C9
MiWiTasks@coordinatorNumber               cstackBANK0   000C2
MiWiTasks@destPANID                       cstackBANK0   000CC
MiWiTasks@destShortAddress                cstackBANK0   000D0
MiWiTasks@entry                           cstackBANK0   000C0
MiWiTasks@handle                          cstackBANK0   000D5
MiWiTasks@i                               cstackBANK0   000D9
MiWiTasks@j                               cstackBANK0   000D8
MiWiTasks@j_1637                          cstackBANK0   000D4
MiWiTasks@j_1681                          cstackBANK0   000CE
MiWiTasks@j_1692                          cstackBANK0   000C3
MiWiTasks@j_1723                          cstackBANK0   000CF
MiWiTasks@mask                            cstackBANK0   000BF
MiWiTasks@rxIndex                         cstackBANK0   000CB
MiWiTasks@sourcePANID                     cstackBANK0   000D2
MiWiTasks@sourceShortAddress              cstackBANK0   000D6
MiWiTasks@t1                              cstackBANK0   000C5
MiWiTasks@t2                              cstackBANK0   000B9
MiWi_TickGet@currentTime                  cstackBANK0   00066
MiWi_TickGet@failureCounter               cstackBANK0   00065
MovementDetector@_dcnt                    cstackBANK0   0009F
MovementDetector@_dcnt_5210               cstackBANK0   000A3
MovementDetector@_ms                      cstackBANK0   000A7
MovementDetector@_ms_5211                 cstackBANK0   000AB
Network@CoordCount                        cstackBANK1   001AF
Network@DEVICEMODE                        cstackBANK1   001A4
Network@Status                            cstackBANK1   001AE
Network@count                             cstackBANK1   001AD
Network@j                                 cstackBANK1   001B3
Network@k                                 cstackBANK1   001B2
Network@nodeIndex                         cstackBANK1   001AC
Network@result                            cstackBANK1   001B1
Network@scanresult                        cstackBANK1   001B4
Network@skip_print                        cstackBANK1   001B0
OpenSocket@i                              cstackBANK0   000FB
PHYGetLongRAMAddr@address                 cstackBANK0   00062
PHYGetLongRAMAddr@tmpRFIE                 cstackBANK0   00067
PHYGetLongRAMAddr@toReturn                cstackBANK0   00066
PHYGetShortRAMAddr@address                cstackBANK0   00062
PHYGetShortRAMAddr@tmpRFIE                cstackBANK0   00064
PHYGetShortRAMAddr@toReturn               cstackBANK0   00063
PHYSetLongRAMAddr@address                 cstackBANK0   00062
PHYSetLongRAMAddr@tmpRFIE                 cstackBANK0   00067
PHYSetLongRAMAddr@value                   cstackBANK0   00064
PHYSetShortRAMAddr@address                cstackBANK0   00063
PHYSetShortRAMAddr@tmpRFIE                cstackBANK0   00064
PHYSetShortRAMAddr@value                  cstackBANK0   00062
Pan@rssi                                  cstackBANK0   000DD
Pan@status                                cstackBANK0   000DB
Power_off@_dcnt                           cstackBANK0   00068
Power_off@_dcnt_3718                      cstackBANK0   0006C
Power_off@_dcnt_3720                      cstackBANK0   00070
Power_off@_ms                             cstackBANK0   00074
Power_off@_ms_3719                        cstackBANK0   00078
Power_off@_ms_3721                        cstackBANK0   0007C
Power_on@_dcnt                            cstackBANK0   00068
Power_on@_dcnt_3725                       cstackBANK0   0006C
Power_on@_dcnt_3727                       cstackBANK0   00070
Power_on@_ms                              cstackBANK0   00074
Power_on@_ms_3726                         cstackBANK0   00078
Power_on@_ms_3728                         cstackBANK0   0007C
ProjectorScreen@_dcnt                     cstackBANK0   000DB
ProjectorScreen@_dcnt_4326                cstackBANK0   000DF
ProjectorScreen@_ms                       cstackBANK0   000E3
ProjectorScreen@_ms_4327                  cstackBANK0   000E7
Read_MAC_Address@i                        cstackBANK0   00068
RouteMessage@PANID                        cstackBANK0   000A5
RouteMessage@SecEn                        cstackBANK0   000A9
RouteMessage@ShortAddress                 cstackBANK0   000A7
RouteMessage@i                            cstackBANK0   000AE
RouteMessage@parentNode                   cstackBANK0   000AD
SPIPut2@i                                 cstackBANK0   00060
SPIPut2@v                                 cstackBANK0   00061
SPIPut@i                                  cstackBANK0   00060
SPIPut@v                                  cstackBANK0   00061
SaveIndirectMessage@Broadcast             cstackBANK0   00072
SaveIndirectMessage@DestinationAddress    cstackBANK0   0006C
SaveIndirectMessage@DestinationPANID      cstackBANK0   0006A
SaveIndirectMessage@SecurityEnabled       cstackBANK0   0006F
SaveIndirectMessage@i                     cstackBANK0   00074
SaveIndirectMessage@isAltAddress          cstackBANK0   0006E
SaveIndirectMessage@j                     cstackBANK0   00073
SearchForLongAddress@i                    cstackBANK0   00065
SearchForLongAddress@j                    cstackBANK0   00064
SearchForShortAddress@i                   cstackBANK0   00062
SendBeacon@i                              cstackBANK0   000A4
SendIndirectPacket@Address                cstackBANK0   000A4
SendIndirectPacket@AltAddress             cstackBANK0   000A6
SendIndirectPacket@i                      cstackBANK0   000AE
SendIndirectPacket@index                  cstackBANK0   000AD
SendIndirectPacket@isAltAddress           cstackBANK0   000A8
SendIndirectPacket@j                      cstackBANK0   000AC
SendIndirectPacket@packetType             cstackBANK0   000AB
SendMACPacket@Address                     cstackBANK0   0009F
SendMACPacket@ModeMask                    cstackBANK0   000A2
SendMACPacket@PANID                       cstackBANK0   0009D
SendMACPacket@PacketType                  cstackBANK0   000A1
Student@_dcnt                             cstackBANK0   000DB
Student@_dcnt_3838                        cstackBANK0   000DF
Student@_dcnt_3842                        cstackBANK0   000E3
Student@_ms                               cstackBANK0   000E7
Student@_ms_3839                          cstackBANK0   000EB
Student@_ms_3843                          cstackBANK0   000EF
Teacher@Pkt_Loss_Cnt                      cstackBANK1   00194
Teacher@Tx_Packet                         cstackBANK1   00191
Teacher@_dcnt                             cstackBANK1   00195
Teacher@_dcnt_3971                        cstackBANK1   00199
Teacher@_dcnt_3974                        cstackBANK1   0019D
Teacher@_dcnt_3978                        cstackBANK1   001A1
Teacher@_dcnt_3980                        cstackBANK1   001A5
Teacher@_dcnt_3984                        cstackBANK1   001A9
Teacher@_dcnt_3986                        cstackBANK1   001AD
Teacher@_dcnt_3990                        cstackBANK1   001B1
Teacher@_dcnt_3992                        cstackBANK1   001B5
Teacher@_dcnt_3995                        cstackBANK1   001B9
Teacher@_dcnt_3998                        cstackBANK1   001BD
Teacher@_ms                               cstackBANK1   001C1
Teacher@_ms_3972                          cstackBANK1   001C5
Teacher@_ms_3975                          cstackBANK1   001C9
Teacher@_ms_3979                          cstackBANK1   001CD
Teacher@_ms_3981                          cstackBANK1   001D1
Teacher@_ms_3985                          cstackBANK1   001D5
Teacher@_ms_3987                          cstackBANK1   001D9
Teacher@_ms_3991                          cstackBANK1   001DD
Teacher@_ms_3993                          cstackBANK1   001E1
Teacher@_ms_3996                          cstackBANK1   001E5
Teacher@_ms_3999                          cstackBANK1   001E9
Teacher@memoire                           cstackBANK1   00193
Teacher@questionnaire                     cstackBANK1   001ED
Teacher@reponsea                          cstackBANK1   001EE
Teacher@reponseb                          cstackBANK1   001EF
Teacher@reponsec                          cstackBANK1   001F0
Teacher@reponsed                          cstackBANK1   001F1
Teacher@rssi                              cstackBANK1   00192
Teacher@switch_val                        cstackBANK1   001F2
UART_Read_A2_A1@data                      cstackBANK0   00063
UART_Read_A2_A1@i                         cstackBANK0   00061
UnicastShortAddress@DestAddress           cstackBANK0   000AF
_ANCON0                                   (abs)         00F48
_ANCON0bits                               (abs)         00F48
_ANCON1                                   (abs)         00F49
_AcknowledgementAddr                      bssBANK1      0012D
_AcknowledgementSeq                       dataBANK1     001F5
_ActiveScanResultIndex                    bssCOMRAM     00039
_ActiveScanResults                        bssBANK3      00300
_AddNodeToNetworkTable                    text61        07FDC
_AdditionalNodeID                         bssCOMRAM     0003A
_BUTTON_Pressed                           text4         079EE
_BankIndex                                dataCOMRAM    00047
_BroadcastJitter                          text59        08464
_BroadcastRecords                         bssBANK2      00200
_BuzzerStatus                             bssBANK1      00131
_CREN                                     (abs)         07D64
_ComputerControl                          text67        07DB6
_ConnMode                                 bssCOMRAM     0003B
_ConnectionEntry                          bssBANK1      00132
_ConnectionTable                          bssBANK2      00220
_DELAY_ms                                 text43        08676
_Demo_Pan                                 text47        08E9A
_DoorUnlock                               text46        08906
_EECON2                                   (abs)         00FA7
_EEPROMRead                               text17        091FC
_IEEESeqNum                               bssBANK1      00133
_INTCON2bits                              (abs)         00FF1
_INTCONbits                               (abs)         00FF2
_IPR2bits                                 (abs)         00FA2
_InitMRF24J40                             text76        06848
_InitSymbolTimer                          text25        09490
_LATAbits                                 (abs)         00F89
_LATBbits                                 (abs)         00F8A
_LATCbits                                 (abs)         00F8B
_LATDbits                                 (abs)         00F8C
_LATEbits                                 (abs)         00F8D
_LCDText                                  bssBANK2      002AC
_LCD_Display                              text31        08F5E
_LCD_Erase                                text39        091C2
_LCD_Initialize                           text15        08AB0
_LCD_Update                               text37        087CA
_LCD_WriteCmd                             text41        094BA
_LCD_WriteData                            text38        094A6
_MACCurrentChannel                        bssBANK1      00134
_MACInitParams                            bssBANK1      0012A
_MACRxPacket                              bssCOMRAM     00025
_MAC_PANID                                bssBANK1      0018B
_MRF24J40Status                           bssCOMRAM     0003C
_MTP                                      bssCOMRAM     00030
_MiApp_BroadcastPacket                    text71        081DE
_MiApp_ConnectionMode                     text30        09306
_MiApp_DiscardMessage                     text65        09546
_MiApp_EstablishConnection                text26        05794
_MiApp_MessageAvailable                   text49        094E0
_MiApp_NoiseDetection                     text20        074B8
_MiApp_ProtocolInit                       text23        0786A
_MiApp_SearchConnection                   text29        07284
_MiApp_SetChannel                         text58        093AE
_MiApp_StartConnection                    text19        080DE
_MiApp_UnicastAddress                     text28        05C46
_MiMAC_ChannelAssessment                  text22        090F6
_MiMAC_DiscardPacket                      text66        0940A
_MiMAC_Init                               text24        090AC
_MiMAC_ReceivedPacket                     text57        03BF6
_MiMAC_SendPacket                         text73        052D2
_MiMAC_SetAltAddress                      text75        08D04
_MiMAC_SetChannel                         text80        08FB4
_MiWiAckRequired                          bssBANK1      00135
_MiWiCapacityInfo                         bssBANK1      00136
_MiWiSeqNum                               bssCOMRAM     0003D
_MiWiStateMachine                         bssCOMRAM     00037
_MiWiTasks                                text50        002A4
_MiWi_TickGet                             text74        08C94
_MovementDetector                         text45        076C8
_Network                                  text13        04906
_OSCCON                                   (abs)         00FD3
_OSCTUNEbits                              (abs)         00F9B
_OpenSocket                               text27        06468
_PHYGetLongRAMAddr                        text78        08D72
_PHYGetShortRAMAddr                       text77        0926A
_PHYSetLongRAMAddr                        text82        08EFC
_PHYSetShortRAMAddr                       text81        092D4
_PIE1bits                                 (abs)         00F9D
_PIE2bits                                 (abs)         00FA0
_PIR1bits                                 (abs)         00F9E
_PIR2bits                                 (abs)         00FA1
_PIR3bits                                 (abs)         00FA4
_PORTAbits                                (abs)         00F80
_PORTBbits                                (abs)         00F81
_PPSCONbits                               (abs)         00EFF
_Pan                                      text6         08872
_Power_off                                text9         0701E
_Power_on                                 text8         06DB8
_ProjectorScreen                          text5         07B46
_RCIF                                     (abs)         07CF5
_RCONbits                                 (abs)         00FD0
_RCREG                                    (abs)         00FAF
_RPINR1                                   (abs)         00EE7
_RPINR21                                  (abs)         00EFB
_RPOR19                                   (abs)         00ED9
_RPOR21                                   (abs)         00EDB
_Read_MAC_Address                         text16        07ECE
_RouteMessage                             text52        04DF6
_RouterFailures                           bssBANK1      0010A
_RoutingTable                             bssBANK1      00112
_RxBuffer                                 bssBANK3      0033C
_SPBRG                                    (abs)         00FB0
_SPEN                                     (abs)         07D67
_SPIGet                                   text79        09532
_SPIGet2                                  text18        0951E
_SPIPut                                   text83        09426
_SPIPut2                                  text42        093EE
_SSP1BUF                                  (abs)         00FC9
_SSP1CON1                                 (abs)         00FC6
_SSP1CON1bits                             (abs)         00FC6
_SSP1STAT                                 (abs)         00FC7
_SSP2BUF                                  (abs)         00F75
_SSP2CON1                                 (abs)         00F72
_SSP2CON1bits                             (abs)         00F72
_SSP2STAT                                 (abs)         00F73
_SYNC                                     (abs)         07D6C
_SYSTEM_Initialize                        text14        0851E
_SaveIndirectMessage                      text72        06B08
_ScanTime                                 mediumconst   0FD5D
_SearchForLongAddress                     text64        082DA
_SearchForShortAddress                    text63        08A28
_SendBeacon                               text53        07C8E
_SendIndirectPacket                       text54        03498
_SendMACPacket                            text56        08720
_Student                                  text2         06088
_T1CON                                    (abs)         00FCD
_T1CONbits                                (abs)         00FCD
_T3CON                                    (abs)         00F79
_TCLKCONbits                              (abs)         00F52
_TMR0L                                    (abs)         00FD6
_TMR1H                                    (abs)         00FCF
_TMR1L                                    (abs)         00FCE
_TMR3                                     (abs)         00F7A
_TRISAbits                                (abs)         00F92
_TRISB                                    (abs)         00F93
_TRISBbits                                (abs)         00F93
_TRISC6                                   (abs)         07CA6
_TRISC7                                   (abs)         07CA7
_TRISCbits                                (abs)         00F94
_TRISDbits                                (abs)         00F95
_TRISEbits                                (abs)         00F96
_TRMT                                     (abs)         07D69
_TXEN                                     (abs)         07D6D
_TXREG                                    (abs)         00FAE
_Teacher                                  text1         01E5E
_TxBuffer                                 bssBANK1      0013D
_TxData                                   bssBANK0      000FD
_UART_Init_A2_A1                          text70        09528
_UART_Read_A2_A1                          text69        08C20
_UART_kbhit_A2_A1                         text68        094CE
_UnicastShortAddress                      text51        0899A
_UserInterruptHandler                     text90        09550
_WDTCONbits                               (abs)         00FC0
__CFG_CPUDIV$OSC3_PLL3                    (abs)         00000
__CFG_OSC$INTOSCPLL                       (abs)         00000
__CFG_PLLDIV$2                            (abs)         00000
__CFG_WDTEN$OFF                           (abs)         00000
__CFG_WDTPS$2048                          (abs)         00000
__CFG_XINST$OFF                           (abs)         00000
__HRAM                                    (abs)         00000
__Habs1                                   abs1          00000
__Hbank0                                  bank0         00000
__Hbank1                                  bank1         00000
__Hbank10                                 bank10        00000
__Hbank11                                 bank11        00000
__Hbank12                                 bank12        00000
__Hbank13                                 bank13        00000
__Hbank14                                 bank14        00000
__Hbank2                                  bank2         00000
__Hbank3                                  bank3         00000
__Hbank4                                  bank4         00000
__Hbank5                                  bank5         00000
__Hbank6                                  bank6         00000
__Hbank7                                  bank7         00000
__Hbank8                                  bank8         00000
__Hbank9                                  bank9         00000
__Hbigbss                                 bigbss        00000
__Hbigdata                                bigdata       00000
__Hbigram                                 bigram        00000
__Hbss                                    bss           00000
__HbssBANK0                               bssBANK0      00000
__HbssBANK1                               bssBANK1      00000
__HbssBANK2                               bssBANK2      00000
__HbssBANK3                               bssBANK3      00000
__HbssBANK4                               bssBANK4      00000
__HbssCOMRAM                              bssCOMRAM     00000
__Hcinit                                  cinit         00000
__Hclrtext                                clrtext       00000
__Hcomram                                 comram        00000
__Hconfig                                 config        10000
__Hconst                                  const         00000
__HcstackBANK0                            cstackBANK0   00000
__HcstackBANK1                            cstackBANK1   00000
__HcstackCOMRAM                           cstackCOMRAM  00000
__Hdata                                   data          00000
__HdataBANK1                              dataBANK1     00000
__HdataBANK2                              dataBANK2     00000
__HdataCOMRAM                             dataCOMRAM    00000
__Hend_init                               end_init      002A4
__Hfarbss                                 farbss        00000
__Hfardata                                fardata       00000
__Hibigdata                               ibigdata      00000
__Hidata                                  idata         00000
__HidataBANK1                             idataBANK1    00000
__HidataBANK2                             idataBANK2    00000
__HidataCOMRAM                            idataCOMRAM   00000
__Hidloc                                  idloc         00000
__Hifardata                               ifardata      00000
__Hinit                                   init          002A0
__Hintcode                                intcode       002A0
__Hintcode_body                           intcode_body  00000
__Hintcodelo                              intcodelo     002A0
__Hintentry                               intentry      00000
__Hintret                                 intret        00000
__Hintsave_regs                           intsave_regs  00000
__Hirdata                                 irdata        00000
__Hjflash_buffer                          jflash_buffer 0F800
__Hmediumconst                            mediumconst   0FFF8
__HnvFARRAM                               nvFARRAM      00000
__Hnvbit                                  nvbit         00000
__Hnvrram                                 nvrram        00000
__Hparam                                  rparam        00000
__Hpowerup                                powerup       002A0
__Hram                                    ram           00000
__Hramtop                                 ramtop        00F00
__Hrbit                                   rbit          00000
__Hrbss                                   rbss          00000
__Hrdata                                  rdata         00000
__Hreset_vec                              reset_vec     00004
__Hrparam                                 rparam        00000
__Hsfr                                    sfr           00000
__Hsmallconst                             smallconst    00000
__Hspace_0                                (abs)         10000
__Hspace_1                                (abs)         00486
__Hspace_2                                (abs)         00000
__Hstack                                  stack         00000
__Hstruct                                 struct        00000
__Htemp                                   temp          0004A
__Htext                                   text          00000
__Htext0                                  text0         00000
__Htext1                                  text1         00000
__Htext10                                 text10        00000
__Htext11                                 text11        00000
__Htext12                                 text12        00000
__Htext13                                 text13        00000
__Htext14                                 text14        00000
__Htext15                                 text15        00000
__Htext16                                 text16        00000
__Htext17                                 text17        00000
__Htext18                                 text18        00000
__Htext19                                 text19        00000
__Htext2                                  text2         00000
__Htext20                                 text20        00000
__Htext21                                 text21        00000
__Htext22                                 text22        00000
__Htext23                                 text23        00000
__Htext24                                 text24        00000
__Htext25                                 text25        00000
__Htext26                                 text26        00000
__Htext27                                 text27        00000
__Htext28                                 text28        00000
__Htext29                                 text29        00000
__Htext3                                  text3         00000
__Htext30                                 text30        00000
__Htext31                                 text31        00000
__Htext32                                 text32        00000
__Htext33                                 text33        00000
__Htext34                                 text34        00000
__Htext35                                 text35        00000
__Htext36                                 text36        00000
__Htext37                                 text37        00000
__Htext38                                 text38        00000
__Htext39                                 text39        00000
__Htext4                                  text4         00000
__Htext40                                 text40        00000
__Htext41                                 text41        00000
__Htext42                                 text42        00000
__Htext43                                 text43        00000
__Htext44                                 text44        00000
__Htext45                                 text45        00000
__Htext46                                 text46        00000
__Htext47                                 text47        00000
__Htext48                                 text48        00000
__Htext49                                 text49        00000
__Htext5                                  text5         00000
__Htext50                                 text50        00000
__Htext51                                 text51        00000
__Htext52                                 text52        00000
__Htext53                                 text53        00000
__Htext54                                 text54        00000
__Htext55                                 text55        00000
__Htext56                                 text56        00000
__Htext57                                 text57        00000
__Htext58                                 text58        00000
__Htext59                                 text59        00000
__Htext6                                  text6         00000
__Htext60                                 text60        00000
__Htext61                                 text61        00000
__Htext62                                 text62        00000
__Htext63                                 text63        00000
__Htext64                                 text64        00000
__Htext65                                 text65        00000
__Htext66                                 text66        00000
__Htext67                                 text67        00000
__Htext68                                 text68        00000
__Htext69                                 text69        00000
__Htext7                                  text7         00000
__Htext70                                 text70        00000
__Htext71                                 text71        00000
__Htext72                                 text72        00000
__Htext73                                 text73        00000
__Htext74                                 text74        00000
__Htext75                                 text75        00000
__Htext76                                 text76        00000
__Htext77                                 text77        00000
__Htext78                                 text78        00000
__Htext79                                 text79        00000
__Htext8                                  text8         00000
__Htext80                                 text80        00000
__Htext81                                 text81        00000
__Htext82                                 text82        00000
__Htext83                                 text83        00000
__Htext85                                 text85        00000
__Htext86                                 text86        00000
__Htext87                                 text87        00000
__Htext88                                 text88        00000
__Htext89                                 text89        00000
__Htext9                                  text9         00000
__Htext90                                 text90        00000
__LRAM                                    (abs)         00001
__Labs1                                   abs1          00000
__Lbank0                                  bank0         00000
__Lbank1                                  bank1         00000
__Lbank10                                 bank10        00000
__Lbank11                                 bank11        00000
__Lbank12                                 bank12        00000
__Lbank13                                 bank13        00000
__Lbank14                                 bank14        00000
__Lbank2                                  bank2         00000
__Lbank3                                  bank3         00000
__Lbank4                                  bank4         00000
__Lbank5                                  bank5         00000
__Lbank6                                  bank6         00000
__Lbank7                                  bank7         00000
__Lbank8                                  bank8         00000
__Lbank9                                  bank9         00000
__Lbigbss                                 bigbss        00000
__Lbigdata                                bigdata       00000
__Lbigram                                 bigram        00000
__Lbss                                    bss           00000
__LbssBANK0                               bssBANK0      00000
__LbssBANK1                               bssBANK1      00000
__LbssBANK2                               bssBANK2      00000
__LbssBANK3                               bssBANK3      00000
__LbssBANK4                               bssBANK4      00000
__LbssCOMRAM                              bssCOMRAM     00000
__Lcinit                                  cinit         00000
__Lclrtext                                clrtext       00000
__Lcomram                                 comram        00000
__Lconfig                                 config        0FFF8
__Lconst                                  const         00000
__LcstackBANK0                            cstackBANK0   00000
__LcstackBANK1                            cstackBANK1   00000
__LcstackCOMRAM                           cstackCOMRAM  00000
__Ldata                                   data          00000
__LdataBANK1                              dataBANK1     00000
__LdataBANK2                              dataBANK2     00000
__LdataCOMRAM                             dataCOMRAM    00000
__Lend_init                               end_init      002A0
__Lfarbss                                 farbss        00000
__Lfardata                                fardata       00000
__Libigdata                               ibigdata      00000
__Lidata                                  idata         00000
__LidataBANK1                             idataBANK1    00000
__LidataBANK2                             idataBANK2    00000
__LidataCOMRAM                            idataCOMRAM   00000
__Lidloc                                  idloc         00000
__Lifardata                               ifardata      00000
__Linit                                   init          002A0
__Lintcode                                intcode       00008
__Lintcode_body                           intcode_body  00000
__Lintcodelo                              intcodelo     002A0
__Lintentry                               intentry      00000
__Lintret                                 intret        00000
__Lintsave_regs                           intsave_regs  00000
__Lirdata                                 irdata        00000
__Ljflash_buffer                          jflash_buffer 0F800
__Lmediumconst                            mediumconst   0FD5C
__LnvFARRAM                               nvFARRAM      00000
__Lnvbit                                  nvbit         00000
__Lnvrram                                 nvrram        00000
__Lparam                                  rparam        00000
__Lpowerup                                powerup       002A0
__Lram                                    ram           00000
__Lramtop                                 ramtop        00F00
__Lrbit                                   rbit          00000
__Lrbss                                   rbss          00000
__Lrdata                                  rdata         00000
__Lreset_vec                              reset_vec     00000
__Lrparam                                 rparam        00000
__Lsfr                                    sfr           00000
__Lsmallconst                             smallconst    00000
__Lspace_0                                (abs)         00000
__Lspace_1                                (abs)         00000
__Lspace_2                                (abs)         00000
__Lstack                                  stack         00000
__Lstruct                                 struct        00000
__Ltemp                                   temp          00049
__Ltext                                   text          00000
__Ltext0                                  text0         00000
__Ltext1                                  text1         00000
__Ltext10                                 text10        00000
__Ltext11                                 text11        00000
__Ltext12                                 text12        00000
__Ltext13                                 text13        00000
__Ltext14                                 text14        00000
__Ltext15                                 text15        00000
__Ltext16                                 text16        00000
__Ltext17                                 text17        00000
__Ltext18                                 text18        00000
__Ltext19                                 text19        00000
__Ltext2                                  text2         00000
__Ltext20                                 text20        00000
__Ltext21                                 text21        00000
__Ltext22                                 text22        00000
__Ltext23                                 text23        00000
__Ltext24                                 text24        00000
__Ltext25                                 text25        00000
__Ltext26                                 text26        00000
__Ltext27                                 text27        00000
__Ltext28                                 text28        00000
__Ltext29                                 text29        00000
__Ltext3                                  text3         00000
__Ltext30                                 text30        00000
__Ltext31                                 text31        00000
__Ltext32                                 text32        00000
__Ltext33                                 text33        00000
__Ltext34                                 text34        00000
__Ltext35                                 text35        00000
__Ltext36                                 text36        00000
__Ltext37                                 text37        00000
__Ltext38                                 text38        00000
__Ltext39                                 text39        00000
__Ltext4                                  text4         00000
__Ltext40                                 text40        00000
__Ltext41                                 text41        00000
__Ltext42                                 text42        00000
__Ltext43                                 text43        00000
__Ltext44                                 text44        00000
__Ltext45                                 text45        00000
__Ltext46                                 text46        00000
__Ltext47                                 text47        00000
__Ltext48                                 text48        00000
__Ltext49                                 text49        00000
__Ltext5                                  text5         00000
__Ltext50                                 text50        00000
__Ltext51                                 text51        00000
__Ltext52                                 text52        00000
__Ltext53                                 text53        00000
__Ltext54                                 text54        00000
__Ltext55                                 text55        00000
__Ltext56                                 text56        00000
__Ltext57                                 text57        00000
__Ltext58                                 text58        00000
__Ltext59                                 text59        00000
__Ltext6                                  text6         00000
__Ltext60                                 text60        00000
__Ltext61                                 text61        00000
__Ltext62                                 text62        00000
__Ltext63                                 text63        00000
__Ltext64                                 text64        00000
__Ltext65                                 text65        00000
__Ltext66                                 text66        00000
__Ltext67                                 text67        00000
__Ltext68                                 text68        00000
__Ltext69                                 text69        00000
__Ltext7                                  text7         00000
__Ltext70                                 text70        00000
__Ltext71                                 text71        00000
__Ltext72                                 text72        00000
__Ltext73                                 text73        00000
__Ltext74                                 text74        00000
__Ltext75                                 text75        00000
__Ltext76                                 text76        00000
__Ltext77                                 text77        00000
__Ltext78                                 text78        00000
__Ltext79                                 text79        00000
__Ltext8                                  text8         00000
__Ltext80                                 text80        00000
__Ltext81                                 text81        00000
__Ltext82                                 text82        00000
__Ltext83                                 text83        00000
__Ltext85                                 text85        00000
__Ltext86                                 text86        00000
__Ltext87                                 text87        00000
__Ltext88                                 text88        00000
__Ltext89                                 text89        00000
__Ltext9                                  text9         00000
__Ltext90                                 text90        00000
__S0                                      (abs)         10000
__S1                                      (abs)         00486
__S2                                      (abs)         00000
___awdiv                                  text21        083A6
___awdiv@counter                          cstackBANK0   00064
___awdiv@dividend                         cstackBANK0   00060
___awdiv@divisor                          cstackBANK0   00062
___awdiv@quotient                         cstackBANK0   00066
___awdiv@sign                             cstackBANK0   00065
___inthi_sp                               stack         00000
___intlo_sp                               stack         00000
___lbmod                                  text60        0913E
___lbmod@counter                          cstackBANK0   00062
___lbmod@dividend                         cstackBANK0   00061
___lbmod@divisor                          cstackBANK0   00060
___lbmod@rem                              cstackBANK0   00063
___lmul                                   text44        08BAA
___lmul@multiplicand                      cstackBANK0   00064
___lmul@multiplier                        cstackBANK0   00060
___lmul@product                           cstackBANK0   00068
___lwdiv                                  text36        08B32
___lwdiv@counter                          cstackBANK0   00064
___lwdiv@dividend                         cstackBANK0   00060
___lwdiv@divisor                          cstackBANK0   00062
___lwdiv@quotient                         cstackBANK0   00065
___lwmod                                  text35        08E38
___lwmod@counter                          cstackBANK0   0006B
___lwmod@dividend                         cstackBANK0   00067
___lwmod@divisor                          cstackBANK0   00069
___param_bank                             (abs)         00010
___rparam_used                            (abs)         00001
___sp                                     stack         00000
___wmul                                   text34        09234
___wmul@multiplicand                      cstackBANK0   00062
___wmul@multiplier                        cstackBANK0   00060
___wmul@product                           cstackBANK0   00064
__accesstop                               (abs)         00060
__activetblptr                            (abs)         00002
__end_of_AddNodeToNetworkTable            text61        080DE
__end_of_BUTTON_Pressed                   text4         07B46
__end_of_BroadcastJitter                  text59        0851E
__end_of_ComputerControl                  text67        07ECE
__end_of_DELAY_ms                         text43        08720
__end_of_Demo_Pan                         text47        08EFC
__end_of_DoorUnlock                       text46        0899A
__end_of_EEPROMRead                       text17        09234
__end_of_InitMRF24J40                     text76        06B08
__end_of_InitSymbolTimer                  text25        094A6
__end_of_LCD_Display                      text31        08FB4
__end_of_LCD_Erase                        text39        091FC
__end_of_LCD_Initialize                   text15        08B32
__end_of_LCD_Update                       text37        08872
__end_of_LCD_WriteCmd                     text41        094CE
__end_of_LCD_WriteData                    text38        094BA
__end_of_MiApp_BroadcastPacket            text71        082DA
__end_of_MiApp_ConnectionMode             text30        09332
__end_of_MiApp_DiscardMessage             text65        0954E
__end_of_MiApp_EstablishConnection        text26        05C46
__end_of_MiApp_MessageAvailable           text49        094F0
__end_of_MiApp_NoiseDetection             text20        076C8
__end_of_MiApp_ProtocolInit               text23        079EE
__end_of_MiApp_SearchConnection           text29        074B8
__end_of_MiApp_SetChannel                 text58        093D2
__end_of_MiApp_StartConnection            text19        081DE
__end_of_MiApp_UnicastAddress             text28        06088
__end_of_MiMAC_ChannelAssessment          text22        0913E
__end_of_MiMAC_DiscardPacket              text66        09426
__end_of_MiMAC_Init                       text24        090F6
__end_of_MiMAC_ReceivedPacket             text57        042C8
__end_of_MiMAC_SendPacket                 text73        05794
__end_of_MiMAC_SetAltAddress              text75        08D72
__end_of_MiMAC_SetChannel                 text80        09008
__end_of_MiWiTasks                        text50        01E5E
__end_of_MiWi_TickGet                     text74        08D04
__end_of_MovementDetector                 text45        0786A
__end_of_Network                          text13        04DF6
__end_of_OpenSocket                       text27        06848
__end_of_PHYGetLongRAMAddr                text78        08DD6
__end_of_PHYGetShortRAMAddr               text77        092A0
__end_of_PHYSetLongRAMAddr                text82        08F5E
__end_of_PHYSetShortRAMAddr               text81        09306
__end_of_Pan                              text6         08906
__end_of_Power_off                        text9         07284
__end_of_Power_on                         text8         0701E
__end_of_ProjectorScreen                  text5         07C8E
__end_of_Read_MAC_Address                 text16        07FDC
__end_of_RouteMessage                     text52        052D2
__end_of_SPIGet                           text79        0953C
__end_of_SPIGet2                          text18        09528
__end_of_SPIPut                           text83        09442
__end_of_SPIPut2                          text42        0940A
__end_of_SYSTEM_Initialize                text14        085CC
__end_of_SaveIndirectMessage              text72        06DB8
__end_of_ScanTime                         mediumconst   0FD99
__end_of_SearchForLongAddress             text64        083A6
__end_of_SearchForShortAddress            text63        08AB0
__end_of_SendBeacon                       text53        07DB6
__end_of_SendIndirectPacket               text54        03BF6
__end_of_SendMACPacket                    text56        087CA
__end_of_Student                          text2         06468
__end_of_Teacher                          text1         02A5A
__end_of_UART_Init_A2_A1                  text70        09532
__end_of_UART_Read_A2_A1                  text69        08C94
__end_of_UART_kbhit_A2_A1                 text68        094E0
__end_of_UnicastShortAddress              text51        08A28
__end_of_UserInterruptHandler             text90        09552
__end_of___awdiv                          text21        08464
__end_of___lbmod                          text60        09182
__end_of___lmul                           text44        08C20
__end_of___lwdiv                          text36        08BAA
__end_of___lwmod                          text35        08E9A
__end_of___wmul                           text34        0926A
__end_of__initialization                  cinit         08668
__end_of_alarm                            text7         0945C
__end_of_demo_gyro                        text48        09476
__end_of_dpowers                          mediumconst   0FDAF
__end_of_findNextNetworkEntry             text62        091C2
[...]
      Locals:         0       2       0       0       0       0       0       0       0       0       0       0       0       0       0       0
      Temps:          0       0       0       0       0       0       0       0       0       0       0       0       0       0       0       0
      Totals:         0       2       0       0       0       0       0       0       0       0       0       0       0       0       0       0
Total ram usage:        2 bytes
 Hardware stack levels used:    1
 Hardware stack levels required when called:    4
 This function calls:
		Nothing
 This function is called by:
		_PHYSetLongRAMAddr
		_PHYSetShortRAMAddr
		_PHYGetShortRAMAddr
		_PHYGetLongRAMAddr
		_SPIGet
		_SSTWrite
 This function uses a non-reentrant model


 *************** function _high_isr *****************
 Defined at:
		line 1856 in file "../../../../../../framework/driver/mrf_miwi/src/drv_mrf_miwi_24j40.c"
 Parameters:    Size  Location     Type
		None
 Auto vars:     Size  Location     Type
  results         1   31[COMRAM] struct _DRIVER_UINT8_UNI
  RxBank          1   34[COMRAM] unsigned char 
  flags           2   32[COMRAM] struct .
  temp            2   29[COMRAM] unsigned int 
  temp            2   27[COMRAM] unsigned int 
  i               1   35[COMRAM] unsigned char 
 Return value:  Size  Location     Type
                  1    wreg      void 
 Registers used:
		wreg, fsr2l, fsr2h, status,2, status,0, prodl, prodh, cstack
 Tracked objects:
		On entry : 
		On exit  : 
		Unchanged: 
 Data sizes:     COMRAM   BANK0   BANK1   BANK2   BANK3   BANK4   BANK5   BANK6   BANK7   BANK8   BANK9  BANK10  BANK11  BANK12  BANK13  BANK14
      Params:         0       0       0       0       0       0       0       0       0       0       0       0       0       0       0       0
      Locals:         9       0       0       0       0       0       0       0       0       0       0       0       0       0       0       0
      Temps:         19       0       0       0       0       0       0       0       0       0       0       0       0       0       0       0
      Totals:        28       0       0       0       0       0       0       0       0       0       0       0       0       0       0       0
Total ram usage:       28 bytes
 Hardware stack levels used:    1
 Hardware stack levels required when called:    3
 This function calls:
		_UserInterruptHandler
		i2_PHYGetLongRAMAddr
		i2_PHYGetShortRAMAddr
		i2_PHYSetShortRAMAddr
 This function is called by:
		Interrupt level 2
 This function uses a non-reentrant model


 *************** function i2_PHYSetShortRAMAddr *****************
 Defined at:
		line 128 in file "../../../../../../framework/driver/mrf_miwi/src/drv_mrf_miwi_24j40.c"
 Parameters:    Size  Location     Type
  address         1    wreg     unsigned char 
  value           1    2[COMRAM] unsigned char 
 Auto vars:     Size  Location     Type
  address         1    3[COMRAM] unsigned char 
  PHYSetShortR    1    4[COMRAM] volatile unsigned char 
 Return value:  Size  Location     Type
                  1    wreg      void 
 Registers used:
		wreg, status,2, cstack
 Tracked objects:
		On entry : 
		On exit  : 
		Unchanged: 
 Data sizes:     COMRAM   BANK0   BANK1   BANK2   BANK3   BANK4   BANK5   BANK6   BANK7   BANK8   BANK9  BANK10  BANK11  BANK12  BANK13  BANK14
      Params:         1       0       0       0       0       0       0       0       0       0       0       0       0       0       0       0
      Locals:         2       0       0       0       0       0       0       0       0       0       0       0       0       0       0       0
      Temps:          0       0       0       0       0       0       0       0       0       0       0       0       0       0       0       0
      Totals:         3       0       0       0       0       0       0       0       0       0       0       0       0       0       0       0
Total ram usage:        3 bytes
 Hardware stack levels used:    1
 Hardware stack levels required when called:    1
 This function calls:
		i2_SPIPut
 This function is called by:
		_high_isr
 This function uses a non-reentrant model


 *************** function i2_PHYGetShortRAMAddr *****************
 Defined at:
		line 158 in file "../../../../../../framework/driver/mrf_miwi/src/drv_mrf_miwi_24j40.c"
 Parameters:    Size  Location     Type
  address         1    wreg     unsigned char 
 Auto vars:     Size  Location     Type
  address         1    2[COMRAM] unsigned char 
  PHYGetShortR    1    4[COMRAM] volatile unsigned char 
  PHYGetShortR    1    3[COMRAM] unsigned char 
 Return value:  Size  Location     Type
                  1    wreg      unsigned char 
 Registers used:
		wreg, status,2, cstack
 Tracked objects:
		On entry : 
		On exit  : 
		Unchanged: 
 Data sizes:     COMRAM   BANK0   BANK1   BANK2   BANK3   BANK4   BANK5   BANK6   BANK7   BANK8   BANK9  BANK10  BANK11  BANK12  BANK13  BANK14
      Params:         0       0       0       0       0       0       0       0       0       0       0       0       0       0       0       0
      Locals:         3       0       0       0       0       0       0       0       0       0       0       0       0       0       0       0
      Temps:          0       0       0       0       0       0       0       0       0       0       0       0       0       0       0       0
      Totals:         3       0       0       0       0       0       0       0       0       0       0       0       0       0       0       0
Total ram usage:        3 bytes
 Hardware stack levels used:    1
 Hardware stack levels required when called:    2
 This function calls:
		i2_SPIGet
		i2_SPIPut
 This function is called by:
		_high_isr
 This function uses a non-reentrant model


 *************** function i2_PHYGetLongRAMAddr *****************
 Defined at:
		line 189 in file "../../../../../../framework/driver/mrf_miwi/src/drv_mrf_miwi_24j40.c"
 Parameters:    Size  Location     Type
  address         2    2[COMRAM] unsigned int 
 Auto vars:     Size  Location     Type
  PHYGetLongRA    1    7[COMRAM] volatile unsigned char 
  PHYGetLongRA    1    6[COMRAM] unsigned char 
 Return value:  Size  Location     Type
                  1    wreg      unsigned char 
 Registers used:
		wreg, status,2, status,0, cstack
 Tracked objects:
		On entry : 
		On exit  : 
		Unchanged: 
 Data sizes:     COMRAM   BANK0   BANK1   BANK2   BANK3   BANK4   BANK5   BANK6   BANK7   BANK8   BANK9  BANK10  BANK11  BANK12  BANK13  BANK14
      Params:         2       0       0       0       0       0       0       0       0       0       0       0       0       0       0       0
      Locals:         2       0       0       0       0       0       0       0       0       0       0       0       0       0       0       0
      Temps:          2       0       0       0       0       0       0       0       0       0       0       0       0       0       0       0
      Totals:         6       0       0       0       0       0       0       0       0       0       0       0       0       0       0       0
Total ram usage:        6 bytes
 Hardware stack levels used:    1
 Hardware stack levels required when called:    2
 This function calls:
		i2_SPIGet
		i2_SPIPut
 This function is called by:
		_high_isr
 This function uses a non-reentrant model


 *************** function i2_SPIGet *****************
 Defined at:
		line 102 in file "../src/system_config/miwikit_pic18f46j50_24j40/spi.c"
 Parameters:    Size  Location     Type
		None
 Auto vars:     Size  Location     Type
		None
 Return value:  Size  Location     Type
                  1    wreg      unsigned char 
 Registers used:
		wreg, status,2, cstack
 Tracked objects:
		On entry : 
		On exit  : 
		Unchanged: 
 Data sizes:     COMRAM   BANK0   BANK1   BANK2   BANK3   BANK4   BANK5   BANK6   BANK7   BANK8   BANK9  BANK10  BANK11  BANK12  BANK13  BANK14
      Params:         0       0       0       0       0       0       0       0       0       0       0       0       0       0       0       0
      Locals:         0       0       0       0       0       0       0       0       0       0       0       0       0       0       0       0
      Temps:          0       0       0       0       0       0       0       0       0       0       0       0       0       0       0       0
      Totals:         0       0       0       0       0       0       0       0       0       0       0       0       0       0       0       0
Total ram usage:        0 bytes
 Hardware stack levels used:    1
 Hardware stack levels required when called:    1
 This function calls:
		i2_SPIPut
 This function is called by:
		i2_PHYGetShortRAMAddr
		i2_PHYGetLongRAMAddr
 This function uses a non-reentrant model


 *************** function i2_SPIPut *****************
 Defined at:
		line 45 in file "../src/system_config/miwikit_pic18f46j50_24j40/spi.c"
 Parameters:    Size  Location     Type
  v               1    wreg     unsigned char 
 Auto vars:     Size  Location     Type
  v               1    1[COMRAM] unsigned char 
  SPIPut          1    0[COMRAM] unsigned char 
 Return value:  Size  Location     Type
                  1    wreg      void 
 Registers used:
		wreg
 Tracked objects:
		On entry : 
		On exit  : 
		Unchanged: 
 Data sizes:     COMRAM   BANK0   BANK1   BANK2   BANK3   BANK4   BANK5   BANK6   BANK7   BANK8   BANK9  BANK10  BANK11  BANK12  BANK13  BANK14
      Params:         0       0       0       0       0       0       0       0       0       0       0       0       0       0       0       0
      Locals:         2       0       0       0       0       0       0       0       0       0       0       0       0       0       0       0
      Temps:          0       0       0       0       0       0       0       0       0       0       0       0       0       0       0       0
      Totals:         2       0       0       0       0       0       0       0       0       0       0       0       0       0       0       0
Total ram usage:        2 bytes
 Hardware stack levels used:    1
 This function calls:
		Nothing
 This function is called by:
		i2_PHYSetShortRAMAddr
		i2_PHYGetShortRAMAddr
		i2_PHYGetLongRAMAddr
		i2_SPIGet
 This function uses a non-reentrant model


 *************** function _UserInterruptHandler *****************
 Defined at:
		line 186 in file "../src/system_config/miwikit_pic18f46j50_24j40/lcd.c"
 Parameters:    Size  Location     Type
		None
 Auto vars:     Size  Location     Type
		None
 Return value:  Size  Location     Type
                  1    wreg      void 
 Registers used:
		None
 Tracked objects:
		On entry : 
		On exit  : 
		Unchanged: 
 Data sizes:     COMRAM   BANK0   BANK1   BANK2   BANK3   BANK4   BANK5   BANK6   BANK7   BANK8   BANK9  BANK10  BANK11  BANK12  BANK13  BANK14
      Params:         0       0       0       0       0       0       0       0       0       0       0       0       0       0       0       0
      Locals:         0       0       0       0       0       0       0       0       0       0       0       0       0       0       0       0
      Temps:          0       0       0       0       0       0       0       0       0       0       0       0       0       0       0       0
      Totals:         0       0       0       0       0       0       0       0       0       0       0       0       0       0       0       0
Total ram usage:        0 bytes
 Hardware stack levels used:    1
 This function calls:
		Nothing
 This function is called by:
		_high_isr
 This function uses a non-reentrant model



MODULE INFORMATION

Module		Function		Class		Link	Load	Size
C:\Program Files (x86)\Microchip\xc8\v1.37\sources\common\memset.c
		_memset        		CODE           	92A0	0000	53

C:\Program Files (x86)\Microchip\xc8\v1.37\sources\common\memset.c estimated size: 53

../src/system_config/miwikit_pic18f46j50_24j40/lcd.c
		_LCD_Erase     		CODE           	91C2	0000	59
		_LCD_Initialize		CODE           	8AB0	0000	131
		_LCD_Update    		CODE           	87CA	0000	169
		_LCD_Display   		CODE           	8F5E	0000	87
		_UserInterruptHandler		CODE           	9550	0000	3
		_LCD_WriteCmd  		CODE           	94BA	0000	21
		_LCD_WriteData 		CODE           	94A6	0000	21

../src/system_config/miwikit_pic18f46j50_24j40/lcd.c estimated size: 491

../../../../../../framework/driver/mrf_miwi/src/drv_mrf_miwi_24j40.c
		_PHYGetLongRAMAddr		CODE           	8D72	0000	101
		_PHYSetLongRAMAddr		CODE           	8EFC	0000	99
		_PHYGetShortRAMAddr		CODE           	926A	0000	55
		_PHYSetShortRAMAddr		CODE           	92D4	0000	51
		_InitMRF24J40  		CODE           	6848	0000	705
		_MiMAC_ReceivedPacket		CODE           	3BF6	0000	1747
		_MiMAC_DiscardPacket		CODE           	940A	0000	29
		_high_isr      		CODE           	0008	0000	665
		_MiMAC_ChannelAssessment		CODE           	90F6	0000	73
		_MiMAC_SetChannel		CODE           	8FB4	0000	85
		_MiMAC_Init    		CODE           	90AC	0000	75
		_MiMAC_SendPacket		CODE           	52D2	0000	1219
		_MiMAC_SetAltAddress		CODE           	8D04	0000	111

../../../../../../framework/driver/mrf_miwi/src/drv_mrf_miwi_24j40.c estimated size: 5015

../src/system_config/miwikit_pic18f46j50_24j40/system.c
		_SYSTEM_Initialize		CODE           	851E	0000	175

../src/system_config/miwikit_pic18f46j50_24j40/system.c estimated size: 175

C:\Program Files (x86)\Microchip\xc8\v1.37\sources\common\doprnt.c
		_sprintf       		CODE           	2A5A	0000	2623

C:\Program Files (x86)\Microchip\xc8\v1.37\sources\common\doprnt.c estimated size: 2623

../src/network.c
		_Network       		CODE           	4906	0000	1265

../src/network.c estimated size: 1265

C:\Program Files (x86)\Microchip\xc8\v1.37\sources\common\Umul16.c
		___wmul        		CODE           	9234	0000	55

C:\Program Files (x86)\Microchip\xc8\v1.37\sources\common\Umul16.c estimated size: 55

../src/system_config/miwikit_pic18f46j50_24j40/button.c
		_BUTTON_Pressed		CODE           	79EE	0000	345

../src/system_config/miwikit_pic18f46j50_24j40/button.c estimated size: 345

../src/student.c
		_Student       		CODE           	6088	0000	993
		_questionnaire_function		CODE           	42C8	0000	1599

../src/student.c estimated size: 2592

C:\Program Files (x86)\Microchip\xc8\v1.37\sources\common\lwdiv.c
		___lwdiv       		CODE           	8B32	0000	121

C:\Program Files (x86)\Microchip\xc8\v1.37\sources\common\lwdiv.c estimated size: 121

C:\Program Files (x86)\Microchip\xc8\v1.37\sources\common\awdiv.c
		___awdiv       		CODE           	83A6	0000	191

C:\Program Files (x86)\Microchip\xc8\v1.37\sources\common\awdiv.c estimated size: 191

../src/pan.c
		_alarm         		CODE           	9442	0000	27
		_stopBit       		CODE           	950A	0000	11
		_putcv         		CODE           	8DD6	0000	99
		_startBit      		CODE           	9514	0000	11
		_Pan           		CODE           	8872	0000	149
		_Power_on      		CODE           	6DB8	0000	615
		_Power_off     		CODE           	701E	0000	615

../src/pan.c estimated size: 1527

C:\Program Files (x86)\Microchip\xc8\v1.37\sources\common\isdigit.c
		_isdigit       		CODE           	9332	0000	43

C:\Program Files (x86)\Microchip\xc8\v1.37\sources\common\isdigit.c estimated size: 43

C:\Program Files (x86)\Microchip\xc8\v1.37\sources\common\lbmod.c
		___lbmod       		CODE           	913E	0000	69

C:\Program Files (x86)\Microchip\xc8\v1.37\sources\common\lbmod.c estimated size: 69

../src/projector_screen.c
		_ProjectorScreen		CODE           	7B46	0000	329

../src/projector_screen.c estimated size: 329

../src/door_unlock.c
		_DoorUnlock    		CODE           	8906	0000	149

../src/door_unlock.c estimated size: 149

../src/system_config/miwikit_pic18f46j50_24j40/delay.c
		_DELAY_ms      		CODE           	8676	0000	171

../src/system_config/miwikit_pic18f46j50_24j40/delay.c estimated size: 171

../../../../../../../../../XC8 exemples de code/soft_uart.c
		_UART_kbhit_A2_A1		CODE           	94CE	0000	19
		_UART_Read_A2_A1		CODE           	8C20	0000	117
		_UART_Init_A2_A1		CODE           	9528	0000	11

../../../../../../../../../XC8 exemples de code/soft_uart.c estimated size: 147

../../../../../../framework/miwi/src/miwi_mesh.c
		_MiApp_NoiseDetection		CODE           	74B8	0000	529
		_UnicastShortAddress		CODE           	899A	0000	143
		_MiApp_EstablishConnection		CODE           	5794	0000	1203
		_MiApp_ProtocolInit		CODE           	786A	0000	389
		_MiApp_UnicastAddress		CODE           	5C46	0000	1091
		_MiApp_StartConnection		CODE           	80DE	0000	257
		_SendMACPacket 		CODE           	8720	0000	171
		_SendBeacon    		CODE           	7C8E	0000	297
		_SendIndirectPacket		CODE           	3498	0000	1887
		_SearchForLongAddress		CODE           	82DA	0000	205
		_MiApp_BroadcastPacket		CODE           	81DE	0000	253
		_findNextNetworkEntry		CODE           	9182	0000	65
		_SearchForShortAddress		CODE           	8A28	0000	137
		_OpenSocket    		CODE           	6468	0000	993
		_RouteMessage  		CODE           	4DF6	0000	1245
		_MiApp_SetChannel		CODE           	93AE	0000	37
		_SaveIndirectMessage		CODE           	6B08	0000	689
		_MiWiTasks     		CODE           	02A4	0000	7099
		_MiApp_DiscardMessage		CODE           	9546	0000	9
		_BroadcastJitter		CODE           	8464	0000	187
		_MiApp_MessageAvailable		CODE           	94E0	0000	17
		_MiApp_SearchConnection		CODE           	7284	0000	565
		_isSameAddress 		CODE           	9008	0000	83
		_AddNodeToNetworkTable		CODE           	7FDC	0000	259
		_MiApp_ConnectionMode		CODE           	9306	0000	45

../../../../../../framework/miwi/src/miwi_mesh.c estimated size: 17855

C:\Program Files (x86)\Microchip\xc8\v1.37\sources\common\Umul32.c
		___lmul        		CODE           	8BAA	0000	119

C:\Program Files (x86)\Microchip\xc8\v1.37\sources\common\Umul32.c estimated size: 119

../src/demo_mouvement.c
		_MovementDetector		CODE           	76C8	0000	419

../src/demo_mouvement.c estimated size: 419

../src/computer_control.c
		_ComputerControl		CODE           	7DB6	0000	281

../src/computer_control.c estimated size: 281

../src/system_config/miwikit_pic18f46j50_24j40/eeprom.c
		_EEPROMRead    		CODE           	91FC	0000	57
		_Read_MAC_Address		CODE           	7ECE	0000	271

../src/system_config/miwikit_pic18f46j50_24j40/eeprom.c estimated size: 328

shared
		_dpowers       		MEDIUMCONST    	FDA5	0000	11
		_ScanTime      		MEDIUMCONST    	FD5D	0000	61
		i2_PHYGetShortRAMAddr		CODE           	935C	0000	43
		i2_PHYGetLongRAMAddr		CODE           	905A	0000	83
		i2_PHYSetShortRAMAddr		CODE           	9386	0000	41
		__initialization		CODE           	85CC	0000	157
		_octpowers     		MEDIUMCONST    	FD99	0000	13
		i2_SPIGet      		CODE           	953C	0000	11
		_hexpowers     		MEDIUMCONST    	FDAF	0000	9
		i2_SPIPut      		CODE           	9476	0000	27

shared estimated size: 456

../src/system_config/miwikit_pic18f46j50_24j40/symbol.c
		_InitSymbolTimer		CODE           	9490	0000	23
		_MiWi_TickGet  		CODE           	8C94	0000	113

../src/system_config/miwikit_pic18f46j50_24j40/symbol.c estimated size: 136

../src/system_config/miwikit_pic18f46j50_24j40/spi.c
		_SPIPut2       		CODE           	93EE	0000	29
		_SPIGet        		CODE           	9532	0000	11
		_SPIGet2       		CODE           	951E	0000	11
		_SPIPut        		CODE           	9426	0000	29

../src/system_config/miwikit_pic18f46j50_24j40/spi.c estimated size: 80

../src/demo_pan.c
		_demo_gyro     		CODE           	945C	0000	27
		_Demo_Pan      		CODE           	8E9A	0000	99

../src/demo_pan.c estimated size: 126

../src/main.c
		_main          		CODE           	93D2	0000	29

../src/main.c estimated size: 29

../src/teacher.c
		_Teacher       		CODE           	1E5E	0000	3069

../src/teacher.c estimated size: 3069

C:\Program Files (x86)\Microchip\xc8\v1.37\sources\common\lwmod.c
		___lwmod       		CODE           	8E38	0000	99

C:\Program Files (x86)\Microchip\xc8\v1.37\sources\common\lwmod.c estimated size: 99

