Microchip MPLAB XC8 Compiler V1.37 ()

Linker command line:

--edf=C:\Program Files (x86)\Microchip\xc8\v1.37\dat\en_msgs.txt -cs \
  -h+dist/miwikit_pic18f46j50_24j40/production\miwi_demo_kit.X.production.sym \
  --cmf=dist/miwikit_pic18f46j50_24j40/production\miwi_demo_kit.X.production.cmf \
  -z -Q18F46J50 -oC:\Users\e1430397\AppData\Local\Temp\sqo.2 \
  -Mdist/miwikit_pic18f46j50_24j40/production/miwi_demo_kit.X.production.map \
  -E1 -ver=XC8 -ASTACK=05EAh-0ebfh -pstack=STACK -ACODE=00h-0FFF7h \
  -ACONST=00h-0FFF7h -ASMALLCONST=0F00h-0FFFhx240,0FF00h-0FFF7h \
  -AMEDIUMCONST=0F00h-0FFF7h -ACOMRAM=01h-05Fh -AABS1=00h-0EBFh \
  -ABIGRAM=01h-0EBFh -ARAM=060h-0FFh,0100h-01FFhx13,0E00h-0EBFh \
  -ABANK0=060h-0FFh -ABANK1=0100h-01FFh -ABANK2=0200h-02FFh \
  -ABANK3=0300h-03FFh -ABANK4=0400h-04FFh -ABANK5=0500h-05FFh \
  -ABANK6=0600h-06FFh -ABANK7=0700h-07FFh -ABANK8=0800h-08FFh \
  -ABANK9=0900h-09FFh -ABANK10=0A00h-0AFFh -ABANK11=0B00h-0BFFh \
  -ABANK12=0C00h-0CFFh -ABANK13=0D00h-0DFFh -ABANK14=0E00h-0EBFh \
  -ASFR=0EC0h-0EFFh,0F00h-0F5Fh,0F60h-0FFFh \
  -preset_vec=00h,intcode=08h,intcodelo,powerup,init,end_init \
  -pramtop=0F00h -psmallconst=SMALLCONST -pmediumconst=MEDIUMCONST \
  -pconst=CONST -AFARRAM=00h-00h -ACONFIG=0FFF8h-0FFFFh -pconfig=CONFIG \
  -pjflash_buffer=0F800h \
  -prdata=COMRAM,nvrram=COMRAM,nvbit=COMRAM,rbss=COMRAM,rbit=COMRAM \
  -pfarbss=FARRAM,fardata=FARRAM,nvFARRAM=FARRAM \
  -pintsave_regs=BIGRAM,bigbss=BIGRAM,bigdata=BIGRAM -pbss=RAM \
  -pidata=CODE,irdata=CODE,ibigdata=CODE,ifardata=CODE -prparam=COMRAM \
  C:\Users\e1430397\AppData\Local\Temp\sqo.obj \
  dist/miwikit_pic18f46j50_24j40/production\miwi_demo_kit.X.production.obj 

Object code version is 3.11

Machine type is 18F46J50

Call graph: (short form)




                Name                               Link     Load   Length Selector   Space Scale
C:\Users\e1430397\AppData\Local\Temp\sqo.obj
                end_init                            2C6      2C6        4        4       0
                reset_vec                             0        0        4        0       0
                config                             FFF8     FFF8        8     FFF8       0
dist/miwikit_pic18f46j50_24j40/production\miwi_demo_kit.X.production.obj
                intcode                               8        8      2BE        4       0
                temp                                 49       49        1        1       1
                mediumconst                        F9AC     F9AC      64C     7CD6       0
                text98                             CD58     CD58        2     65EE       0
                text97                             BB4C     BB4C       B6        4       0
                text96                             CC8A     CC8A       1A     65EE       0
                text95                             CD44     CD44        A     65EE       0
                text94                             C82E     C82E       52        4       0
                text93                             CB62     CB62       2A        4       0
                text92                             CB8C     CB8C       28        4       0
                text90                             CC54     CC54       1C     65EE       0
                text89                             C676     C676       62        4       0
                text88                             CADA     CADA       32        4       0
                text87                             C788     C788       54        4       0
                text86                             CD3A     CD3A        A     65EE       0
                text85                             C54E     C54E       64        4       0
                text84                             CA3E     CA3E       36        4       0
                text83                             99E6     99E6      2C0        4       0
                text82                             C4E4     C4E4       6A        4       0
                text81                             C408     C408       70        4       0
                text80                             89EC     89EC      4BA        4       0
                text79                             9CA6     9CA6      2B0        4       0
                text78                             B742     B742       FC        4       0
                text77                             CC38     CC38       1C     65EE       0
                text76                             CD4E     CD4E        8     65EE       0
                text75                             B83E     B83E       CC        4       0
                text74                             C19C     C19C       88        4       0
                text73                             C956     C956       40        4       0
                text72                             B534     B534      10A        4       0
                text71                             C912     C912       44        4       0
                text70                             BA92     BA92       BA        4       0
                text69                             CBDC     CBDC       24     65EE       0
                text68                             6EEE     6EEE      6D2        4       0
                text67                             BD5A     BD5A       AA        4       0
                text66                             C7DC     C7DC       52        4       0
                text65                             6790     6790      75E        4       0
                text64                             B2FE     B2FE      128        4       0
                text63                             803A     803A      4DC        4       0
                text62                             C10E     C10E       8E        4       0
                text61                              2CA      2CA     1BE6        4       0
                text60                             CCF4     CCF4       10     65EE       0
                text59                             CD30     CD30        A     65EE       0
                text58                             C394     C394       74        4       0
                text57                             C478     C478       6C        4       0
                text56                             C080     C080       8E        4       0
                text55                             CCE2     CCE2       12     65EE       0
                text54                             B9D4     B9D4       BE        4       0
                text53                             BEAC     BEAC       A2        4       0
                text52                             C6D8     C6D8       5A        4       0
                text51                             45EC     45EC      E00        4       0
                text50                             B052     B052      158        4       0
                text49                             C31E     C31E       76        4       0
                text48                             BCB0     BCB0       AA        4       0
                text47                             CC1C     CC1C       1C     65EE       0
                text46                             CCCE     CCCE       14     65EE       0
                text45                             CA74     CA74       34        4       0
                text44                             C996     C996       3A        4       0
                text43                             CCBA     CCBA       14     65EE       0
                text42                             BE04     BE04       A8        4       0
                text41                             C2A6     C2A6       78        4       0
                text40                             C614     C614       62        4       0
                text39                             CA08     CA08       36        4       0
                text38                             CB38     CB38       2A        4       0
                text37                             53EC     53EC      AE6        4       0
                text36                             C732     C732       56        4       0
                text35                             75C0     75C0      57C        4       0
                text34                             CAA8     CAA8       32        4       0
                text33                             BF4E     BF4E       9E        4       0
                text32                             A6B6     A6B6      23E        4       0
                text31                             B1AA     B1AA      154        4       0
                text30                             AD38     AD38      196        4       0
                text29                             CB0C     CB0C       2C        4       0
                text28                             A8F4     A8F4      234        4       0
                text27                             8EA6     8EA6      442        4       0
                text26                             92E8     92E8      3E8        4       0
                text25                             8516     8516      4D6        4       0
                text24                             CCA4     CCA4       16     65EE       0
                text23                             C880     C880       4A        4       0
                text22                             AECE     AECE      184        4       0
                text21                             C8CA     C8CA       48        4       0
                text20                             AB28     AB28      210        4       0
                text19                             B63E     B63E      104        4       0
                text18                             CD26     CD26        A     65EE       0
                text17                             C9D0     C9D0       38        4       0
                text16                             B426     B426      10E        4       0
                text15                             C224     C224       82        4       0
                text14                             BC02     BC02       AE        4       0
                text13                             7B3C     7B3C      4FE        4       0
                text12                             CD1C     CD1C        A     65EE       0
                text11                             CD12     CD12        A     65EE       0
                text10                             C5B2     C5B2       62        4       0
                text9                              A450     A450      266        4       0
                text8                              A1EA     A1EA      266        4       0
                text7                              CC70     CC70       1A     65EE       0
                text6                              BFEC     BFEC       94        4       0
                text5                              96D0     96D0      316        4       0
                text4                              5ED2     5ED2      8BE        4       0
                text3                              9F56     9F56      294        4       0
                text2                              371E     371E      ECE        4       0
                text1                              1EB0     1EB0     186E        4       0
                text0                              CC00     CC00       1C     65EE       0
                cstackCOMRAM                          1        1       24        1       1
                cstackBANK0                          60       60       9C       60       1
                cstackBANK1                         100      100       F4      100       1
                bssBANK5                            500      500       EA      500       1
                bssBANK4                            400      400       A0      400       1
                dataBANK3                           3C8      3C8        E      300       1
                bssBANK3                            300      300       C8      300       1
                dataBANK2                           2D6      2D6       27      200       1
                bssBANK2                            200      200       D6      200       1
                dataBANK1                           1FF      1FF        1      100       1
                bssBANK1                            1F4      1F4        B      100       1
                bssBANK0                             FC       FC        4       60       1
                dataCOMRAM                           47       47        2        1       1
                bssCOMRAM                            25       25       22        1       1
                cinit                              B90A     B90A       CA        4       0
                idataBANK3                         CD04     CD04        E     65EE       0
                idataBANK2                         CBB4     CBB4       27        4       0
                idataBANK1                         CD5A     CD5A        1     65EE       0
                idataCOMRAM                        CD56     CD56        2     65EE       0

TOTAL           Name                               Link     Load   Length     Space
        CLASS   STACK          

        CLASS   CODE           
                end_init                            2C6      2C6        4         0
                intcode                               8        8      2BE         0
                reset_vec                             0        0        4         0
                text98                             CD58     CD58        2         0
                text97                             BB4C     BB4C       B6         0
                text96                             CC8A     CC8A       1A         0
                text95                             CD44     CD44        A         0
                text94                             C82E     C82E       52         0
                text93                             CB62     CB62       2A         0
                text92                             CB8C     CB8C       28         0
                text90                             CC54     CC54       1C         0
                text89                             C676     C676       62         0
                text88                             CADA     CADA       32         0
                text87                             C788     C788       54         0
                text86                             CD3A     CD3A        A         0
                text85                             C54E     C54E       64         0
                text84                             CA3E     CA3E       36         0
                text83                             99E6     99E6      2C0         0
                text82                             C4E4     C4E4       6A         0
                text81                             C408     C408       70         0
                text80                             89EC     89EC      4BA         0
                text79                             9CA6     9CA6      2B0         0
                text78                             B742     B742       FC         0
                text77                             CC38     CC38       1C         0
                text76                             CD4E     CD4E        8         0
                text75                             B83E     B83E       CC         0
                text74                             C19C     C19C       88         0
                text73                             C956     C956       40         0
                text72                             B534     B534      10A         0
                text71                             C912     C912       44         0
                text70                             BA92     BA92       BA         0
                text69                             CBDC     CBDC       24         0
                text68                             6EEE     6EEE      6D2         0
                text67                             BD5A     BD5A       AA         0
                text66                             C7DC     C7DC       52         0
                text65                             6790     6790      75E         0
                text64                             B2FE     B2FE      128         0
                text63                             803A     803A      4DC         0
                text62                             C10E     C10E       8E         0
                text61                              2CA      2CA     1BE6         0
                text60                             CCF4     CCF4       10         0
                text59                             CD30     CD30        A         0
                text58                             C394     C394       74         0
                text57                             C478     C478       6C         0
                text56                             C080     C080       8E         0
                text55                             CCE2     CCE2       12         0
                text54                             B9D4     B9D4       BE         0
                text53                             BEAC     BEAC       A2         0
                text52                             C6D8     C6D8       5A         0
                text51                             45EC     45EC      E00         0
                text50                             B052     B052      158         0
                text49                             C31E     C31E       76         0
                text48                             BCB0     BCB0       AA         0
                text47                             CC1C     CC1C       1C         0
                text46                             CCCE     CCCE       14         0
                text45                             CA74     CA74       34         0
                text44                             C996     C996       3A         0
                text43                             CCBA     CCBA       14         0
                text42                             BE04     BE04       A8         0
                text41                             C2A6     C2A6       78         0
                text40                             C614     C614       62         0
                text39                             CA08     CA08       36         0
                text38                             CB38     CB38       2A         0
                text37                             53EC     53EC      AE6         0
                text36                             C732     C732       56         0
                text35                             75C0     75C0      57C         0
                text34                             CAA8     CAA8       32         0
                text33                             BF4E     BF4E       9E         0
                text32                             A6B6     A6B6      23E         0
                text31                             B1AA     B1AA      154         0
                text30                             AD38     AD38      196         0
                text29                             CB0C     CB0C       2C         0
                text28                             A8F4     A8F4      234         0
                text27                             8EA6     8EA6      442         0
                text26                             92E8     92E8      3E8         0
                text25                             8516     8516      4D6         0
                text24                             CCA4     CCA4       16         0
                text23                             C880     C880       4A         0
                text22                             AECE     AECE      184         0
                text21                             C8CA     C8CA       48         0
                text20                             AB28     AB28      210         0
                text19                             B63E     B63E      104         0
                text18                             CD26     CD26        A         0
                text17                             C9D0     C9D0       38         0
                text16                             B426     B426      10E         0
                text15                             C224     C224       82         0
                text14                             BC02     BC02       AE         0
                text13                             7B3C     7B3C      4FE         0
                text12                             CD1C     CD1C        A         0
                text11                             CD12     CD12        A         0
                text10                             C5B2     C5B2       62         0
                text9                              A450     A450      266         0
                text8                              A1EA     A1EA      266         0
                text7                              CC70     CC70       1A         0
                text6                              BFEC     BFEC       94         0
                text5                              96D0     96D0      316         0
                text4                              5ED2     5ED2      8BE         0
                text3                              9F56     9F56      294         0
                text2                              371E     371E      ECE         0
                text1                              1EB0     1EB0     186E         0
                text0                              CC00     CC00       1C         0
                cinit                              B90A     B90A       CA         0
                idataBANK3                         CD04     CD04        E         0
                idataBANK2                         CBB4     CBB4       27         0
                idataBANK1                         CD5A     CD5A        1         0
                idataCOMRAM                        CD56     CD56        2         0

        CLASS   CONST          

        CLASS   SMALLCONST     

        CLASS   MEDIUMCONST    
                mediumconst                        F9AC     F9AC      64C         0

        CLASS   COMRAM         
                temp                                 49       49        1         1
                cstackCOMRAM                          1        1       24         1
                dataCOMRAM                           47       47        2         1
                bssCOMRAM                            25       25       22         1

        CLASS   ABS1           

        CLASS   BIGRAM         

        CLASS   RAM            

        CLASS   BANK0          
                cstackBANK0                          60       60       9C         1
                bssBANK0                             FC       FC        4         1

        CLASS   BANK1          
                cstackBANK1                         100      100       F4         1
                dataBANK1                           1FF      1FF        1         1
                bssBANK1                            1F4      1F4        B         1

        CLASS   BANK2          
                dataBANK2                           2D6      2D6       27         1
                bssBANK2                            200      200       D6         1

        CLASS   BANK3          
                dataBANK3                           3C8      3C8        E         1
                bssBANK3                            300      300       C8         1

        CLASS   BANK4          
                bssBANK4                            400      400       A0         1

        CLASS   BANK5          
                bssBANK5                            500      500       EA         1

        CLASS   BANK6          

        CLASS   BANK7          

        CLASS   BANK8          

        CLASS   BANK9          

        CLASS   BANK10         

        CLASS   BANK11         

        CLASS   BANK12         

        CLASS   BANK13         

        CLASS   BANK14         

        CLASS   SFR            

        CLASS   FARRAM         

        CLASS   CONFIG         
                config                             FFF8     FFF8        8         0

        CLASS   IDLOC          



SEGMENTS        Name                           Load    Length   Top    Selector   Space  Class

                reset_vec                      000000  000004  000004         0       0  CODE    
                cstackCOMRAM                   000001  000049  00004A         1       1  COMRAM  
                intcode                        000008  00CBD3  00CBDB         4       0  CODE    
                cstackBANK0                    000060  0000A0  000100        60       1  BANK0   
                cstackBANK1                    000100  000100  000200       100       1  BANK1   
                bssBANK2                       000200  0000FD  0002FD       200       1  BANK2   
                bssBANK3                       000300  0000D6  0003D6       300       1  BANK3   
                bssBANK4                       000400  0000A0  0004A0       400       1  BANK4   
                bssBANK5                       000500  0000EA  0005EA       500       1  BANK5   
                text69                         00CBDC  00017F  00CD5B      65EE       0  CODE    
                mediumconst                    00F9AC  00064C  00FFF8      7CD6       0  MEDIUMCO
                config                         00FFF8  000008  010000      FFF8       0  CONFIG  


UNUSED ADDRESS RANGES

        Name                Unused          Largest block    Delta
        BANK10           00A00-00AFF             100
        BANK11           00B00-00BFF             100
        BANK12           00C00-00CFF             100
        BANK13           00D00-00DFF             100
        BANK14           00E00-00EBF              C0
        BANK2            002FD-002FF               3
        BANK3            003D6-003FF              2A
        BANK4            004A0-004FF              60
        BANK5            005EA-005FF              16
        BANK6            00600-006FF             100
        BANK7            00700-007FF             100
        BANK8            00800-008FF             100
        BANK9            00900-009FF             100
        BIGRAM           0004A-0005F              16
                         002FD-002FF               3
                         003D6-003FF              2A
                         004A0-004FF              60
                         005EA-00EBF             8D6
        CODE             00004-00007               4
                         0CBDB-0CBDB               1
                         0CD5B-0F9AB            2C51
        COMRAM           0004A-0005F              16
        CONST            00004-00007               4
                         0CBDB-0CBDB               1
                         0CD5B-0F9AB            2C51
        MEDIUMCONST      0CBDB-0CBDB               1
                         0CD5B-0F9AB            2C51
        RAM              002FD-002FF               3
                         003D6-003FF              2A
                         004A0-004FF              60
                         005EA-00EBF             100
        SFR              00EC0-00FFF              60
        SMALLCONST       0CBDB-0CBDB               1
                         0CD5B-0F9AB             100
        STACK            005EA-00EBF             8D6

                                  Symbol Table

?_MiWi_TickGet                            cstackBANK0   00060
?_UART_kbhit_A2_A1                        cstackBANK0   00060
?___awdiv                                 cstackBANK0   00060
?___awmod                                 cstackBANK0   00060
?___lmul                                  cstackBANK0   00060
?___lwdiv                                 cstackBANK0   00060
?___lwmod                                 cstackBANK0   00067
?___wmul                                  cstackBANK0   00060
?_sprintf                                 cstackBANK0   0006C
?_strcmp                                  cstackBANK0   00060
AddNodeToNetworkTable@handle              cstackBANK0   00069
AddNodeToNetworkTable@i                   cstackBANK0   00068
BUTTON_Pressed@result                     cstackBANK0   00076
BUTTON_Pressed@t                          cstackBANK0   00072
BUTTON_Pressed@tickDifference             cstackBANK0   0006E
BroadcastJitter@jitter                    cstackBANK0   0007B
BroadcastJitter@range                     cstackBANK0   0007A
BroadcastJitter@t1                        cstackBANK0   00072
BroadcastJitter@t2                        cstackBANK0   00076
ComputerControl@CMD                       cstackBANK1   0017F
ComputerControl@Dizaine_Heures            cstackBANK1   001EA
ComputerControl@Dizaine_Minutes           cstackBANK1   001EC
ComputerControl@Dizaine_Secondes          cstackBANK1   001EE
ComputerControl@F8484                     dataBANK2     002D6
ComputerControl@F8492                     bssBANK5      00500
ComputerControl@F8494                     dataBANK3     003C8
ComputerControl@F8502                     dataBANK2     002E3
ComputerControl@Title                     cstackBANK1   0010E
ComputerControl@Unite_Heures              cstackBANK1   001EB
ComputerControl@Unite_Minutes             cstackBANK1   001ED
ComputerControl@Unite_Secondes            cstackBANK1   001EF
ComputerControl@_dcnt                     cstackBANK1   00189
ComputerControl@_dcnt_4964                cstackBANK1   0018D
ComputerControl@_dcnt_4967                cstackBANK1   00191
ComputerControl@_dcnt_4970                cstackBANK1   00195
ComputerControl@_dcnt_4973                cstackBANK1   00199
ComputerControl@_dcnt_4976                cstackBANK1   0019D
ComputerControl@_dcnt_4979                cstackBANK1   001A1
ComputerControl@_dcnt_4982                cstackBANK1   001A5
ComputerControl@_dcnt_4985                cstackBANK1   001A9
ComputerControl@_dcnt_4988                cstackBANK1   001AD
ComputerControl@_dcnt_4993                cstackBANK1   001B1
ComputerControl@_dcnt_4998                cstackBANK1   001B5
ComputerControl@_ms                       cstackBANK1   001B9
ComputerControl@_ms_4965                  cstackBANK1   001BD
ComputerControl@_ms_4968                  cstackBANK1   001C1
ComputerControl@_ms_4971                  cstackBANK1   001C5
ComputerControl@_ms_4974                  cstackBANK1   001C9
ComputerControl@_ms_4977                  cstackBANK1   001CD
ComputerControl@_ms_4980                  cstackBANK1   001D1
ComputerControl@_ms_4983                  cstackBANK1   001D5
ComputerControl@_ms_4986                  cstackBANK1   001D9
ComputerControl@_ms_4989                  cstackBANK1   001DD
ComputerControl@_ms_4994                  cstackBANK1   001E1
ComputerControl@_ms_4999                  cstackBANK1   001E5
ComputerControl@buffer                    cstackBANK1   001E9
ComputerControl@heures                    cstackBANK1   001F0
ComputerControl@k                         cstackBANK1   001F3
ComputerControl@minutes                   cstackBANK1   001F1
ComputerControl@projector_off             cstackBANK1   00100
ComputerControl@secondes                  cstackBANK1   001F2
ComputerControl@tableau_temps             cstackBANK1   00180
ComputerControl@uart_tableau              cstackBANK1   0011B
DELAY_ms@cyclesRequiredForEntireDelay     cstackBANK0   0006E
DELAY_ms@ms                               cstackBANK0   0006C
Demo_911@F8466                            mediumconst   0FA0F
Demo_911@F8468                            mediumconst   0F9FF
Demo_911@Tx_Packet                        cstackBANK1   0010D
Demo_911@_dcnt                            cstackBANK1   0010E
Demo_911@_dcnt_5594                       cstackBANK1   00112
Demo_911@_dcnt_5597                       cstackBANK1   00116
Demo_911@_dcnt_5600                       cstackBANK1   0011A
Demo_911@_dcnt_5602                       cstackBANK1   0011E
Demo_911@_dcnt_5605                       cstackBANK1   00122
Demo_911@_ms                              cstackBANK1   00126
Demo_911@_ms_5595                         cstackBANK1   0012A
Demo_911@_ms_5598                         cstackBANK1   0012E
Demo_911@_ms_5601                         cstackBANK1   00132
Demo_911@_ms_5603                         cstackBANK1   00136
Demo_911@_ms_5606                         cstackBANK1   0013A
Demo_911@alarm_on_off                     cstackBANK1   00140
Demo_911@alarm_status                     cstackBANK1   0013E
Demo_911@msg_arme                         cstackBANK1   00108
Demo_911@msg_desarme                      cstackBANK1   00100
Demo_911@switch_val                       cstackBANK1   0013F
Demo_Pan@alarm_status                     cstackBANK0   000DB
DoorUnlock@_dcnt                          cstackBANK0   000DB
DoorUnlock@_dcnt_3680                     cstackBANK0   000DF
DoorUnlock@_dcnt_3682                     cstackBANK0   000E3
DoorUnlock@_ms                            cstackBANK0   000E7
DoorUnlock@_ms_3681                       cstackBANK0   000EB
DoorUnlock@_ms_3683                       cstackBANK0   000EF
EEPROMRead@addr                           cstackBANK0   00064
EEPROMRead@count                          cstackBANK0   00065
EEPROMRead@dest                           cstackBANK0   00062
InitMRF24J40@_dcnt                        cstackBANK0   0006B
InitMRF24J40@_dcnt_858                    cstackBANK0   0006F
InitMRF24J40@_ms                          cstackBANK0   00073
InitMRF24J40@_ms_859                      cstackBANK0   00077
InitMRF24J40@i                            cstackBANK0   0007D
InitMRF24J40@j                            cstackBANK0   0007B
LCD_Display@delay                         cstackBANK0   00094
LCD_Display@i                             cstackBANK0   00095
LCD_Display@text                          cstackBANK0   00091
LCD_Display@value                         cstackBANK0   00093
LCD_Update@i                              cstackBANK0   00063
LCD_WriteCmd@data                         cstackBANK0   00062
LCD_WriteData@data                        cstackBANK0   00062
MiApp_BroadcastPacket@SecEn               cstackBANK0   0009D
MiApp_BroadcastPacket@i                   cstackBANK0   0009E
MiApp_ConnectionMode@Mode                 cstackBANK0   00061
MiApp_EstablishConnection@ActiveScanIndex cstackBANK1   00113
MiApp_EstablishConnection@Mode            cstackBANK1   00100
MiApp_EstablishConnection@i               cstackBANK1   00112
MiApp_EstablishConnection@retry           cstackBANK1   00111
MiApp_EstablishConnection@t1              cstackBANK1   00109
MiApp_EstablishConnection@t2              cstackBANK1   0010D
MiApp_NoiseDetection@ChannelMap           cstackBANK0   0006B
MiApp_NoiseDetection@DetectionMode        cstackBANK0   00070
MiApp_NoiseDetection@OptimalChannel       cstackBANK0   0008C
MiApp_NoiseDetection@RSSIValue            cstackBANK0   00071
MiApp_NoiseDetection@RSSIcheck            cstackBANK0   0008F
MiApp_NoiseDetection@ScanDuration         cstackBANK0   0006F
MiApp_NoiseDetection@channelMask          cstackBANK0   00080
MiApp_NoiseDetection@i                    cstackBANK0   00091
MiApp_NoiseDetection@j                    cstackBANK0   0008D
MiApp_NoiseDetection@k                    cstackBANK0   0008E
MiApp_NoiseDetection@maxRSSI              cstackBANK0   00092
MiApp_NoiseDetection@minRSSI              cstackBANK0   00090
MiApp_NoiseDetection@t1                   cstackBANK0   00084
MiApp_NoiseDetection@t2                   cstackBANK0   00088
MiApp_ProtocolInit@MIP                    cstackBANK0   00084
MiApp_ProtocolInit@bNetworkFreezer        cstackBANK0   00083
MiApp_ProtocolInit@i                      cstackBANK0   00087
MiApp_SearchConnection@ChannelMap         cstackBANK0   000DA
MiApp_SearchConnection@ScanDuration       cstackBANK0   000F7
MiApp_SearchConnection@backupChannel      cstackBANK0   000F8
MiApp_SearchConnection@channelMask        cstackBANK0   000EB
MiApp_SearchConnection@i                  cstackBANK0   000F9
MiApp_SearchConnection@t1                 cstackBANK0   000EF
MiApp_SearchConnection@t2                 cstackBANK0   000F3
MiApp_SetChannel@channel                  cstackBANK0   0006A
MiApp_StartConnection@ChannelMap          cstackBANK0   00094
MiApp_StartConnection@Mode                cstackBANK0   00099
MiApp_StartConnection@RSSIValue           cstackBANK0   0009B
MiApp_StartConnection@ScanDuration        cstackBANK0   00093
MiApp_StartConnection@channel             cstackBANK0   0009A
MiApp_UnicastAddress@DestAddress          cstackBANK0   000DA
MiApp_UnicastAddress@MiWiFrameControl     cstackBANK0   000F6
MiApp_UnicastAddress@PermanentAddr        cstackBANK0   000DC
MiApp_UnicastAddress@SecEn                cstackBANK0   000DD
MiApp_UnicastAddress@handle               cstackBANK0   000F8
MiApp_UnicastAddress@i                    cstackBANK0   000F7
MiApp_UnicastAddress@t1                   cstackBANK0   000E6
MiApp_UnicastAddress@t1_1946              cstackBANK0   000EE
MiApp_UnicastAddress@t2                   cstackBANK0   000EA
MiApp_UnicastAddress@t2_1957              cstackBANK0   000F2
MiMAC_ChannelAssessment@RSSIcheck         cstackBANK0   00068
MiMAC_Init@i                              cstackBANK0   00081
MiMAC_Init@initValue                      cstackBANK0   0007E
MiMAC_ReceivedPacket@addrMode             cstackBANK0   00066
MiMAC_ReceivedPacket@bIntraPAN            cstackBANK0   00068
MiMAC_ReceivedPacket@i                    cstackBANK0   00067
MiMAC_SendPacket@IntraPAN                 cstackBANK0   00098
MiMAC_SendPacket@MACPayload               cstackBANK0   00085
MiMAC_SendPacket@MACPayloadLen            cstackBANK0   00087
MiMAC_SendPacket@frameControl             cstackBANK0   00099
MiMAC_SendPacket@headerLength             cstackBANK0   0009A
MiMAC_SendPacket@i                        cstackBANK0   0009B
MiMAC_SendPacket@loc                      cstackBANK0   0009C
MiMAC_SendPacket@t1                       cstackBANK0   00090
MiMAC_SendPacket@t2                       cstackBANK0   00094
MiMAC_SendPacket@transParam               cstackBANK0   0007E
MiMAC_SetAltAddress@Address               cstackBANK0   00065
MiMAC_SetAltAddress@PANID                 cstackBANK0   00067
MiMAC_SetChannel@channel                  cstackBANK0   00069
MiMAC_SetChannel@offsetFreq               cstackBANK0   00068
MiWiTasks@CapacityByte                    cstackBANK0   000CA
MiWiTasks@CoordAddress                    cstackBANK0   000BD
MiWiTasks@associateStatus                 cstackBANK0   000C1
MiWiTasks@cIndex                          cstackBANK0   000C9
MiWiTasks@coordinatorNumber               cstackBANK0   000C2
MiWiTasks@destPANID                       cstackBANK0   000CC
MiWiTasks@destShortAddress                cstackBANK0   000D0
MiWiTasks@entry                           cstackBANK0   000C0
MiWiTasks@handle                          cstackBANK0   000D5
MiWiTasks@i                               cstackBANK0   000D9
MiWiTasks@j                               cstackBANK0   000D8
MiWiTasks@j_1662                          cstackBANK0   000D4
MiWiTasks@j_1706                          cstackBANK0   000CE
MiWiTasks@j_1717                          cstackBANK0   000C3
MiWiTasks@j_1748                          cstackBANK0   000CF
MiWiTasks@mask                            cstackBANK0   000BF
MiWiTasks@rxIndex                         cstackBANK0   000CB
MiWiTasks@sourcePANID                     cstackBANK0   000D2
MiWiTasks@sourceShortAddress              cstackBANK0   000D6
MiWiTasks@t1                              cstackBANK0   000C5
MiWiTasks@t2                              cstackBANK0   000B9
MiWi_TickGet@currentTime                  cstackBANK0   00066
MiWi_TickGet@failureCounter               cstackBANK0   00065
MovementDetector@_dcnt                    cstackBANK0   000E3
MovementDetector@_dcnt_5457               cstackBANK0   000E7
MovementDetector@_ms                      cstackBANK0   000EB
MovementDetector@_ms_5458                 cstackBANK0   000EF
MovementDetector@derniere_detection       cstackBANK0   000F3
Network@CoordCount                        cstackBANK1   0011F
Network@DEVICEMODE                        cstackBANK1   00114
Network@Status                            cstackBANK1   0011E
Network@count                             cstackBANK1   0011D
Network@j                                 cstackBANK1   00123
Network@k                                 cstackBANK1   00122
Network@nodeIndex                         cstackBANK1   0011C
Network@result                            cstackBANK1   00121
Network@scanresult                        cstackBANK1   00124
Network@skip_print                        cstackBANK1   00120
OpenSocket@i                              cstackBANK0   000FB
PHYGetLongRAMAddr@address                 cstackBANK0   00062
PHYGetLongRAMAddr@tmpRFIE                 cstackBANK0   00067
PHYGetLongRAMAddr@toReturn                cstackBANK0   00066
PHYGetShortRAMAddr@address                cstackBANK0   00062
PHYGetShortRAMAddr@tmpRFIE                cstackBANK0   00064
PHYGetShortRAMAddr@toReturn               cstackBANK0   00063
PHYSetLongRAMAddr@address                 cstackBANK0   00062
PHYSetLongRAMAddr@tmpRFIE                 cstackBANK0   00067
PHYSetLongRAMAddr@value                   cstackBANK0   00064
PHYSetShortRAMAddr@address                cstackBANK0   00063
PHYSetShortRAMAddr@tmpRFIE                cstackBANK0   00064
PHYSetShortRAMAddr@value                  cstackBANK0   00062
Pan@rssi                                  cstackBANK0   000DD
Pan@status                                cstackBANK0   000DB
Power_off@_dcnt                           cstackBANK0   00068
Power_off@_dcnt_3828                      cstackBANK0   0006C
Power_off@_dcnt_3830                      cstackBANK0   00070
Power_off@_ms                             cstackBANK0   00074
Power_off@_ms_3829                        cstackBANK0   00078
Power_off@_ms_3831                        cstackBANK0   0007C
Power_on@_dcnt                            cstackBANK0   00068
Power_on@_dcnt_3835                       cstackBANK0   0006C
Power_on@_dcnt_3837                       cstackBANK0   00070
Power_on@_ms                              cstackBANK0   00074
Power_on@_ms_3836                         cstackBANK0   00078
Power_on@_ms_3838                         cstackBANK0   0007C
ProjectorScreen@_dcnt                     cstackBANK1   00100
ProjectorScreen@_dcnt_4588                cstackBANK1   00104
ProjectorScreen@_dcnt_4590                cstackBANK1   00108
ProjectorScreen@_dcnt_4592                cstackBANK1   0010C
ProjectorScreen@_ms                       cstackBANK1   00110
ProjectorScreen@_ms_4589                  cstackBANK1   00114
ProjectorScreen@_ms_4591                  cstackBANK1   00118
ProjectorScreen@_ms_4593                  cstackBANK1   0011C
ProjectorScreen@statusScreen              cstackBANK1   00120
Read_MAC_Address@i                        cstackBANK0   00068
RouteMessage@PANID                        cstackBANK0   000A5
RouteMessage@SecEn                        cstackBANK0   000A9
RouteMessage@ShortAddress                 cstackBANK0   000A7
RouteMessage@i                            cstackBANK0   000AE
RouteMessage@parentNode                   cstackBANK0   000AD
SPIPut2@i                                 cstackBANK0   00060
SPIPut2@v                                 cstackBANK0   00061
SPIPut@i                                  cstackBANK0   00060
SPIPut@v                                  cstackBANK0   00061
SaveIndirectMessage@Broadcast             cstackBANK0   00072
SaveIndirectMessage@DestinationAddress    cstackBANK0   0006C
SaveIndirectMessage@DestinationPANID      cstackBANK0   0006A
SaveIndirectMessage@SecurityEnabled       cstackBANK0   0006F
SaveIndirectMessage@i                     cstackBANK0   00074
SaveIndirectMessage@isAltAddress          cstackBANK0   0006E
SaveIndirectMessage@j                     cstackBANK0   00073
SearchForLongAddress@i                    cstackBANK0   00065
SearchForLongAddress@j                    cstackBANK0   00064
SearchForShortAddress@i                   cstackBANK0   00062
SendBeacon@i                              cstackBANK0   000A4
SendIndirectPacket@Address                cstackBANK0   000A4
SendIndirectPacket@AltAddress             cstackBANK0   000A6
SendIndirectPacket@i                      cstackBANK0   000AE
SendIndirectPacket@index                  cstackBANK0   000AD
SendIndirectPacket@isAltAddress           cstackBANK0   000A8
SendIndirectPacket@j                      cstackBANK0   000AC
SendIndirectPacket@packetType             cstackBANK0   000AB
SendMACPacket@Address                     cstackBANK0   0009F
SendMACPacket@ModeMask                    cstackBANK0   000A2
SendMACPacket@PANID                       cstackBANK0   0009D
SendMACPacket@PacketType                  cstackBANK0   000A1
Student@F8381                             dataBANK2     002EC
Student@F8406                             bssBANK2      00242
Student@IdAdresse                         cstackBANK1   001C0
Student@_dcnt                             cstackBANK1   0015C
Student@_dcnt_3961                        cstackBANK1   00160
Student@_dcnt_3970                        cstackBANK1   00164
Student@_dcnt_3974                        cstackBANK1   00168
Student@_dcnt_3977                        cstackBANK1   0016C
Student@_dcnt_3981                        cstackBANK1   00170
Student@_dcnt_3985                        cstackBANK1   00174
Student@_dcnt_3989                        cstackBANK1   00178
Student@_dcnt_3993                        cstackBANK1   0017C
Student@_dcnt_3997                        cstackBANK1   00180
Student@_dcnt_4001                        cstackBANK1   00184
Student@_dcnt_4005                        cstackBANK1   00188
Student@_ms                               cstackBANK1   0018C
Student@_ms_3962                          cstackBANK1   00190
Student@_ms_3971                          cstackBANK1   00194
Student@_ms_3975                          cstackBANK1   00198
Student@_ms_3978                          cstackBANK1   0019C
Student@_ms_3982                          cstackBANK1   001A0
Student@_ms_3986                          cstackBANK1   001A4
Student@_ms_3990                          cstackBANK1   001A8
Student@_ms_3994                          cstackBANK1   001AC
Student@_ms_3998                          cstackBANK1   001B0
Student@_ms_4002                          cstackBANK1   001B4
Student@_ms_4006                          cstackBANK1   001B8
Student@digit                             cstackBANK1   001C2
Student@digit_adresse                     cstackBANK1   001BE
Student@select                            cstackBANK1   001C8
Student@send                              cstackBANK1   001BC
Teacher@F8392                             dataBANK2     002EE
Teacher@F8396                             dataBANK2     002F0
Teacher@F8419                             bssBANK2      00248
Teacher@IdAdresse                         cstackBANK1   001B4
Teacher@Pkt_Loss_Cnt                      cstackBANK1   00107
Teacher@Tx_Packet                         cstackBANK1   00104
Teacher@_dcnt                             cstackBANK1   00109
Teacher@_dcnt_4163                        cstackBANK1   0010D
Teacher@_dcnt_4172                        cstackBANK1   00111
Teacher@_dcnt_4176                        cstackBANK1   00115
Teacher@_dcnt_4179                        cstackBANK1   00119
Teacher@_dcnt_4183                        cstackBANK1   0011D
Teacher@_dcnt_4187                        cstackBANK1   00121
Teacher@_dcnt_4191                        cstackBANK1   00125
Teacher@_dcnt_4195                        cstackBANK1   00129
Teacher@_dcnt_4199                        cstackBANK1   0012D
Teacher@_dcnt_4203                        cstackBANK1   00131
Teacher@_dcnt_4207                        cstackBANK1   00135
Teacher@_dcnt_4213                        cstackBANK1   00139
Teacher@_dcnt_4215                        cstackBANK1   0013D
Teacher@_dcnt_4221                        cstackBANK1   00141
Teacher@_dcnt_4223                        cstackBANK1   00145
Teacher@_dcnt_4228                        cstackBANK1   00149
Teacher@_dcnt_4230                        cstackBANK1   0014D
Teacher@_dcnt_4233                        cstackBANK1   00151
Teacher@_dcnt_4236                        cstackBANK1   00155
Teacher@_ms                               cstackBANK1   00159
Teacher@_ms_4164                          cstackBANK1   0015D
Teacher@_ms_4173                          cstackBANK1   00161
Teacher@_ms_4177                          cstackBANK1   00165
Teacher@_ms_4180                          cstackBANK1   00169
Teacher@_ms_4184                          cstackBANK1   0016D
Teacher@_ms_4188                          cstackBANK1   00171
Teacher@_ms_4192                          cstackBANK1   00175
Teacher@_ms_4196                          cstackBANK1   00179
Teacher@_ms_4200                          cstackBANK1   0017D
Teacher@_ms_4204                          cstackBANK1   00181
Teacher@_ms_4208                          cstackBANK1   00185
Teacher@_ms_4214                          cstackBANK1   00189
Teacher@_ms_4216                          cstackBANK1   0018D
Teacher@_ms_4222                          cstackBANK1   00191
Teacher@_ms_4224                          cstackBANK1   00195
Teacher@_ms_4229                          cstackBANK1   00199
Teacher@_ms_4231                          cstackBANK1   0019D
Teacher@_ms_4234                          cstackBANK1   001A1
Teacher@_ms_4237                          cstackBANK1   001A5
Teacher@choix_envoi                       cstackBANK1   00108
Teacher@digit                             cstackBANK1   001B6
Teacher@digit_adresse                     cstackBANK1   001B1
Teacher@i                                 cstackBANK1   001B3
Teacher@memoire                           cstackBANK1   00106
Teacher@my_adresse                        cstackBANK1   001A9
Teacher@questionnaire                     cstackBANK1   001AC
Teacher@reponsea                          cstackBANK1   001AD
Teacher@reponseb                          cstackBANK1   001AE
Teacher@reponsec                          cstackBANK1   001AF
Teacher@reponsed                          cstackBANK1   001B0
Teacher@rssi                              cstackBANK1   00105
Teacher@select                            cstackBANK1   001BC
Teacher@send                              cstackBANK1   001AA
Teacher@switch_val                        cstackBANK1   001BE
UART_Read_A2_A1@data                      cstackBANK0   00063
UART_Read_A2_A1@i                         cstackBANK0   00061
UART_Write_A2_A1@data                     cstackBANK0   00060
UART_Write_A2_A1@i                        cstackBANK0   00061
UART_Write_Text_A2_A1@i                   cstackBANK0   00067
UART_Write_Text_A2_A1@text                cstackBANK0   00063
UnicastShortAddress@DestAddress           cstackBANK0   000AF
_ANCON0                                   (abs)         00F48
_ANCON0bits                               (abs)         00F48
_ANCON1                                   (abs)         00F49
_AcknowledgementAddr                      bssBANK2      00259
_AcknowledgementSeq                       dataBANK2     002F4
_ActiveScanResultIndex                    bssCOMRAM     00039
_ActiveScanResults                        bssBANK3      00300
_AddNodeToNetworkTable                    text72        0B534
_AdditionalNodeID                         bssCOMRAM     0003A
_BUTTON_Pressed                           text50        0B052
_BankIndex                                dataCOMRAM    00047
_BroadcastJitter                          text70        0BA92
_BroadcastRecords                         bssBANK2      00200
_BuzzerStatus                             bssBANK1      001F4
_CREN                                     (abs)         07D64
_Chrono                                   bssBANK2      002D0
_ComputerControl                          text51        045EC
_ConnMode                                 bssCOMRAM     0003B
_ConnectionEntry                          bssBANK2      0025D
_ConnectionTable                          bssBANK3      0033C
_DELAY_ms                                 text48        0BCB0
_Demo_911                                 text35        075C0
_Demo_Pan                                 text33        0BF4E
_DoorUnlock                               text32        0A6B6
_EECON2                                   (abs)         00FA7
_EEPROMRead                               text17        0C9D0
_IEEESeqNum                               bssBANK1      001F5
_INTCON                                   (abs)         00FF2
_INTCON2bits                              (abs)         00FF1
_INTCONbits                               (abs)         00FF2
_IPR2bits                                 (abs)         00FA2
_InitMRF24J40                             text83        099E6
_InitSymbolTimer                          text24        0CCA4
_LATAbits                                 (abs)         00F89
_LATBbits                                 (abs)         00F8A
_LATCbits                                 (abs)         00F8B
_LATDbits                                 (abs)         00F8C
_LATEbits                                 (abs)         00F8D
_LCDText                                  bssBANK2      00294
_LCD_Display                              text36        0C732
_LCD_Erase                                text44        0C996
_LCD_Initialize                           text15        0C224
_LCD_Update                               text42        0BE04
_LCD_WriteCmd                             text46        0CCCE
_LCD_WriteData                            text43        0CCBA
_MACCurrentChannel                        bssBANK2      0025E
_MACInitParams                            bssBANK2      00256
_MACRxPacket                              bssCOMRAM     00025
_MAC_PANID                                bssCOMRAM     00040
_MRF24J40Status                           bssCOMRAM     0003C
_MTP                                      bssCOMRAM     00030
_MiApp_BroadcastPacket                    text78        0B742
_MiApp_ConnectionMode                     text29        0CB0C
_MiApp_DiscardMessage                     text76        0CD4E
_MiApp_EstablishConnection                text25        08516
_MiApp_MessageAvailable                   text60        0CCF4
_MiApp_NoiseDetection                     text20        0AB28
_MiApp_ProtocolInit                       text22        0AECE
_MiApp_SearchConnection                   text28        0A8F4
_MiApp_SetChannel                         text69        0CBDC
_MiApp_StartConnection                    text19        0B63E
_MiApp_UnicastAddress                     text27        08EA6
_MiMAC_ChannelAssessment                  text21        0C8CA
_MiMAC_DiscardPacket                      text77        0CC38
_MiMAC_Init                               text23        0C880
_MiMAC_ReceivedPacket                     text68        06EEE
_MiMAC_SendPacket                         text80        089EC
_MiMAC_SetAltAddress                      text82        0C4E4
_MiMAC_SetChannel                         text87        0C788
_MiWiAckRequired                          bssBANK1      001F6
_MiWiCapacityInfo                         bssBANK1      001F7
_MiWiSeqNum                               bssCOMRAM     0003D
_MiWiStateMachine                         bssCOMRAM     00037
_MiWiTasks                                text61        002CA
_MiWi_TickGet                             text81        0C408
_MovementDetector                         text30        0AD38
_Network                                  text13        07B3C
_OSCCON                                   (abs)         00FD3
_OSCTUNEbits                              (abs)         00F9B
_OpenSocket                               text26        092E8
_PHYGetLongRAMAddr                        text85        0C54E
_PHYGetShortRAMAddr                       text84        0CA3E
_PHYSetLongRAMAddr                        text89        0C676
_PHYSetShortRAMAddr                       text88        0CADA
_PIE1bits                                 (abs)         00F9D
_PIE2bits                                 (abs)         00FA0
_PIR1bits                                 (abs)         00F9E
_PIR2bits                                 (abs)         00FA1
_PIR3bits                                 (abs)         00FA4
_PORTAbits                                (abs)         00F80
_PORTBbits                                (abs)         00F81
_PPSCONbits                               (abs)         00EFF
_Pan                                      text6         0BFEC
_Power_off                                text9         0A450
_Power_on                                 text8         0A1EA
_ProjectorScreen                          text5         096D0
_RCIF                                     (abs)         07CF5
_RCONbits                                 (abs)         00FD0
_RCREG                                    (abs)         00FAF
_RPINR1                                   (abs)         00EE7
_RPINR21                                  (abs)         00EFB
_RPOR19                                   (abs)         00ED9
_RPOR21                                   (abs)         00EDB
_Read_MAC_Address                         text16        0B426
_RouteMessage                             text63        0803A
_RouterFailures                           bssBANK2      0022A
_RoutingTable                             bssBANK2      00232
_RxBuffer                                 bssBANK4      00400
_SPBRG                                    (abs)         00FB0
_SPEN                                     (abs)         07D67
_SPIGet                                   text86        0CD3A
_SPIGet2                                  text18        0CD26
_SPIPut                                   text90        0CC54
_SPIPut2                                  text47        0CC1C
_SSP1BUF                                  (abs)         00FC9
_SSP1CON1                                 (abs)         00FC6
_SSP1CON1bits                             (abs)         00FC6
_SSP1STAT                                 (abs)         00FC7
_SSP2BUF                                  (abs)         00F75
_SSP2CON1                                 (abs)         00F72
_SSP2CON1bits                             (abs)         00F72
_SSP2STAT                                 (abs)         00F73
_SYNC                                     (abs)         07D6C
_SYSTEM_Initialize                        text14        0BC02
_SaveIndirectMessage                      text79        09CA6
_ScanTime                                 mediumconst   0F9AD
_SearchForLongAddress                     text75        0B83E
_SearchForShortAddress                    text74        0C19C
_SendBeacon                               text64        0B2FE
_SendIndirectPacket                       text65        06790
_SendMACPacket                            text67        0BD5A
_Student                                  text2         0371E
_T1CON                                    (abs)         00FCD
_T1CONbits                                (abs)         00FCD
_T3CON                                    (abs)         00F79
_TCLKCONbits                              (abs)         00F52
_TMR0L                                    (abs)         00FD6
_TMR1H                                    (abs)         00FCF
_TMR1L                                    (abs)         00FCE
_TMR3                                     (abs)         00F7A
_TRISAbits                                (abs)         00F92
_TRISB                                    (abs)         00F93
_TRISBbits                                (abs)         00F93
_TRISC6                                   (abs)         07CA6
_TRISC7                                   (abs)         07CA7
_TRISCbits                                (abs)         00F94
_TRISDbits                                (abs)         00F95
_TRISEbits                                (abs)         00F96
_TRMT                                     (abs)         07D69
_TXEN                                     (abs)         07D6D
_TXREG                                    (abs)         00FAE
_Teacher                                  text1         01EB0
_TxBuffer                                 bssBANK2      00261
_TxData                                   bssBANK0      000FC
_UART_Init_A2_A1                          text59        0CD30
_UART_Read_A2_A1                          text58        0C394
_UART_Write_A2_A1                         text57        0C478
_UART_Write_Text_A2_A1                    text56        0C080
_UART_kbhit_A2_A1                         text55        0CCE2
_UnicastShortAddress                      text62        0C10E
_UserInterruptHandler                     text98        0CD58
_WDTCONbits                               (abs)         00FC0
__CFG_CPUDIV$OSC3_PLL3                    (abs)         00000
__CFG_OSC$INTOSCPLL                       (abs)         00000
__CFG_PLLDIV$2                            (abs)         00000
__CFG_WDTEN$OFF                           (abs)         00000
__CFG_WDTPS$2048                          (abs)         00000
__CFG_XINST$OFF                           (abs)         00000
__HRAM                                    (abs)         00000
__Habs1                                   abs1          00000
__Hbank0                                  bank0         00000
__Hbank1                                  bank1         00000
__Hbank10                                 bank10        00000
__Hbank11                                 bank11        00000
__Hbank12                                 bank12        00000
__Hbank13                                 bank13        00000
__Hbank14                                 bank14        00000
__Hbank2                                  bank2         00000
__Hbank3                                  bank3         00000
__Hbank4                                  bank4         00000
__Hbank5                                  bank5         00000
__Hbank6                                  bank6         00000
__Hbank7                                  bank7         00000
__Hbank8                                  bank8         00000
__Hbank9                                  bank9         00000
__Hbigbss                                 bigbss        00000
__Hbigdata                                bigdata       00000
__Hbigram                                 bigram        00000
__Hbss                                    bss           00000
__HbssBANK0                               bssBANK0      00000
__HbssBANK1                               bssBANK1      00000
__HbssBANK2                               bssBANK2      00000
__HbssBANK3                               bssBANK3      00000
__HbssBANK4                               bssBANK4      00000
__HbssBANK5                               bssBANK5      00000
__HbssCOMRAM                              bssCOMRAM     00000
__Hcinit                                  cinit         00000
__Hclrtext                                clrtext       00000
__Hcomram                                 comram        00000
__Hconfig                                 config        10000
__Hconst                                  const         00000
__HcstackBANK0                            cstackBANK0   00000
__HcstackBANK1                            cstackBANK1   00000
__HcstackCOMRAM                           cstackCOMRAM  00000
__Hdata                                   data          00000
__HdataBANK1                              dataBANK1     00000
__HdataBANK2                              dataBANK2     00000
__HdataBANK3                              dataBANK3     00000
__HdataCOMRAM                             dataCOMRAM    00000
__Hend_init                               end_init      002CA
__Hfarbss                                 farbss        00000
__Hfardata                                fardata       00000
__Hibigdata                               ibigdata      00000
__Hidata                                  idata         00000
__HidataBANK1                             idataBANK1    00000
__HidataBANK2                             idataBANK2    00000
__HidataBANK3                             idataBANK3    00000
__HidataCOMRAM                            idataCOMRAM   00000
__Hidloc                                  idloc         00000
__Hifardata                               ifardata      00000
__Hinit                                   init          002C6
__Hintcode                                intcode       002C6
__Hintcode_body                           intcode_body  00000
__Hintcodelo                              intcodelo     002C6
__Hintentry                               intentry      00000
__Hintret                                 intret        00000
__Hintsave_regs                           intsave_regs  00000
__Hirdata                                 irdata        00000
__Hjflash_buffer                          jflash_buffer 0F800
__Hmediumconst                            mediumconst   0FFF8
__HnvFARRAM                               nvFARRAM      00000
__Hnvbit                                  nvbit         00000
__Hnvrram                                 nvrram        00000
__Hparam                                  rparam        00000
__Hpowerup                                powerup       002C6
__Hram                                    ram           00000
__Hramtop                                 ramtop        00F00
__Hrbit                                   rbit          00000
__Hrbss                                   rbss          00000
__Hrdata                                  rdata         00000
__Hreset_vec                              reset_vec     00004
__Hrparam                                 rparam        00000
__Hsfr                                    sfr           00000
__Hsmallconst                             smallconst    00000
__Hspace_0                                (abs)         10000
__Hspace_1                                (abs)         005EA
__Hspace_2                                (abs)         00000
__Hstack                                  stack         00000
__Hstruct                                 struct        00000
__Htemp                                   temp          0004A
__Htext                                   text          00000
__Htext0                                  text0         00000
__Htext1                                  text1         00000
__Htext10                                 text10        00000
__Htext11                                 text11        00000
__Htext12                                 text12        00000
__Htext13                                 text13        00000
__Htext14                                 text14        00000
__Htext15                                 text15        00000
__Htext16                                 text16        00000
__Htext17                                 text17        00000
__Htext18                                 text18        00000
__Htext19                                 text19        00000
__Htext2                                  text2         00000
__Htext20                                 text20        00000
__Htext21                                 text21        00000
__Htext22                                 text22        00000
__Htext23                                 text23        00000
__Htext24                                 text24        00000
__Htext25                                 text25        00000
__Htext26                                 text26        00000
__Htext27                                 text27        00000
__Htext28                                 text28        00000
__Htext29                                 text29        00000
__Htext3                                  text3         00000
__Htext30                                 text30        00000
__Htext31                                 text31        00000
__Htext32                                 text32        00000
__Htext33                                 text33        00000
__Htext34                                 text34        00000
__Htext35                                 text35        00000
__Htext36                                 text36        00000
__Htext37                                 text37        00000
__Htext38                                 text38        00000
__Htext39                                 text39        00000
__Htext4                                  text4         00000
__Htext40                                 text40        00000
__Htext41                                 text41        00000
__Htext42                                 text42        00000
__Htext43                                 text43        00000
__Htext44                                 text44        00000
__Htext45                                 text45        00000
__Htext46                                 text46        00000
__Htext47                                 text47        00000
__Htext48                                 text48        00000
__Htext49                                 text49        00000
__Htext5                                  text5         00000
__Htext50                                 text50        00000
__Htext51                                 text51        00000
__Htext52                                 text52        00000
__Htext53                                 text53        00000
__Htext54                                 text54        00000
__Htext55                                 text55        00000
__Htext56                                 text56        00000
__Htext57                                 text57        00000
__Htext58                                 text58        00000
__Htext59                                 text59        00000
__Htext6                                  text6         00000
__Htext60                                 text60        00000
__Htext61                                 text61        00000
__Htext62                                 text62        00000
__Htext63                                 text63        00000
__Htext64                                 text64        00000
__Htext65                                 text65        00000
__Htext66                                 text66        00000
__Htext67                                 text67        00000
__Htext68                                 text68        00000
__Htext69                                 text69        00000
__Htext7                                  text7         00000
__Htext70                                 text70        00000
__Htext71                                 text71        00000
__Htext72                                 text72        00000
__Htext73                                 text73        00000
__Htext74                                 text74        00000
__Htext75                                 text75        00000
__Htext76                                 text76        00000
__Htext77                                 text77        00000
__Htext78                                 text78        00000
__Htext79                                 text79        00000
__Htext8                                  text8         00000
__Htext80                                 text80        00000
__Htext81                                 text81        00000
__Htext82                                 text82        00000
__Htext83                                 text83        00000
__Htext84                                 text84        00000
__Htext85                                 text85        00000
__Htext86                                 text86        00000
__Htext87                                 text87        00000
__Htext88                                 text88        00000
__Htext89                                 text89        00000
__Htext9                                  text9         00000
__Htext90                                 text90        00000
__Htext92                                 text92        00000
__Htext93                                 text93        00000
__Htext94                                 text94        00000
__Htext95                                 text95        00000
__Htext96                                 text96        00000
__Htext97                                 text97        00000
__Htext98                                 text98        00000
__LRAM                                    (abs)         00001
__Labs1                                   abs1          00000
__Lbank0                                  bank0         00000
__Lbank1                                  bank1         00000
__Lbank10                                 bank10        00000
__Lbank11                                 bank11        00000
__Lbank12                                 bank12        00000
__Lbank13                                 bank13        00000
__Lbank14                                 bank14        00000
__Lbank2                                  bank2         00000
__Lbank3                                  bank3         00000
__Lbank4                                  bank4         00000
__Lbank5                                  bank5         00000
__Lbank6                                  bank6         00000
__Lbank7                                  bank7         00000
__Lbank8                                  bank8         00000
__Lbank9                                  bank9         00000
__Lbigbss                                 bigbss        00000
__Lbigdata                                bigdata       00000
__Lbigram                                 bigram        00000
__Lbss                                    bss           00000
__LbssBANK0                               bssBANK0      00000
__LbssBANK1                               bssBANK1      00000
__LbssBANK2                               bssBANK2      00000
__LbssBANK3                               bssBANK3      00000
__LbssBANK4                               bssBANK4      00000
__LbssBANK5                               bssBANK5      00000
__LbssCOMRAM                              bssCOMRAM     00000
__Lcinit                                  cinit         00000
__Lclrtext                                clrtext       00000
__Lcomram                                 comram        00000
__Lconfig                                 config        0FFF8
__Lconst                                  const         00000
__LcstackBANK0                            cstackBANK0   00000
__LcstackBANK1                            cstackBANK1   00000
__LcstackCOMRAM                           cstackCOMRAM  00000
__Ldata                                   data          00000
__LdataBANK1                              dataBANK1     00000
__LdataBANK2                              dataBANK2     00000
__LdataBANK3                              dataBANK3     00000
__LdataCOMRAM                             dataCOMRAM    00000
__Lend_init                               end_init      002C6
__Lfarbss                                 farbss        00000
__Lfardata                                fardata       00000
__Libigdata                               ibigdata      00000
__Lidata                                  idata         00000
__LidataBANK1                             idataBANK1    00000
__LidataBANK2                             idataBANK2    00000
__LidataBANK3                             idataBANK3    00000
__LidataCOMRAM                            idataCOMRAM   00000
__Lidloc                                  idloc         00000
__Lifardata                               ifardata      00000
__Linit                                   init          002C6
__Lintcode                                intcode       00008
__Lintcode_body                           intcode_body  00000
__Lintcodelo                              intcodelo     002C6
__Lintentry                               intentry      00000
__Lintret                                 intret        00000
__Lintsave_regs                           intsave_regs  00000
__Lirdata                                 irdata        00000
__Ljflash_buffer                          jflash_buffer 0F800
__Lmediumconst                            mediumconst   0F9AC
__LnvFARRAM                               nvFARRAM      00000
__Lnvbit                                  nvbit         00000
__Lnvrram                                 nvrram        00000
__Lparam                                  rparam        00000
__Lpowerup                                powerup       002C6
__Lram                                    ram           00000
__Lramtop                                 ramtop        00F00
__Lrbit                                   rbit          00000
__Lrbss                                   rbss          00000
__Lrdata                                  rdata         00000
__Lreset_vec                              reset_vec     00000
__Lrparam                                 rparam        00000
__Lsfr                                    sfr           00000
__Lsmallconst                             smallconst    00000
__Lspace_0                                (abs)         00000
__Lspace_1                                (abs)         00000
__Lspace_2                                (abs)         00000
__Lstack                                  stack         00000
__Lstruct                                 struct        00000
__Ltemp                                   temp          00049
__Ltext                                   text          00000
__Ltext0                                  text0         00000
__Ltext1                                  text1         00000
__Ltext10                                 text10        00000
__Ltext11                                 text11        00000
__Ltext12                                 text12        00000
__Ltext13                                 text13        00000
__Ltext14                                 text14        00000
__Ltext15                                 text15        00000
__Ltext16                                 text16        00000
__Ltext17                                 text17        00000
__Ltext18                                 text18        00000
__Ltext19                                 text19        00000
__Ltext2                                  text2         00000
__Ltext20                                 text20        00000
__Ltext21                                 text21        00000
__Ltext22                                 text22        00000
__Ltext23                                 text23        00000
__Ltext24                                 text24        00000
__Ltext25                                 text25        00000
__Ltext26                                 text26        00000
__Ltext27                                 text27        00000
__Ltext28                                 text28        00000
__Ltext29                                 text29        00000
__Ltext3                                  text3         00000
__Ltext30                                 text30        00000
__Ltext31                                 text31        00000
__Ltext32                                 text32        00000
__Ltext33                                 text33        00000
[...]
      Totals:        28       0       0       0       0       0       0       0       0       0       0       0       0       0       0       0
Total ram usage:       28 bytes
 Hardware stack levels used:    1
 Hardware stack levels required when called:    3
 This function calls:
		_UserInterruptHandler
		_temps_avance
		i2_PHYGetLongRAMAddr
		i2_PHYGetShortRAMAddr
		i2_PHYSetShortRAMAddr
 This function is called by:
		Interrupt level 2
 This function uses a non-reentrant model


 *************** function i2_PHYSetShortRAMAddr *****************
 Defined at:
		line 128 in file "../../../../../../framework/driver/mrf_miwi/src/drv_mrf_miwi_24j40.c"
 Parameters:    Size  Location     Type
  address         1    wreg     unsigned char 
  value           1    2[COMRAM] unsigned char 
 Auto vars:     Size  Location     Type
  address         1    3[COMRAM] unsigned char 
  PHYSetShortR    1    4[COMRAM] volatile unsigned char 
 Return value:  Size  Location     Type
                  1    wreg      void 
 Registers used:
		wreg, status,2, cstack
 Tracked objects:
		On entry : 
		On exit  : 
		Unchanged: 
 Data sizes:     COMRAM   BANK0   BANK1   BANK2   BANK3   BANK4   BANK5   BANK6   BANK7   BANK8   BANK9  BANK10  BANK11  BANK12  BANK13  BANK14
      Params:         1       0       0       0       0       0       0       0       0       0       0       0       0       0       0       0
      Locals:         2       0       0       0       0       0       0       0       0       0       0       0       0       0       0       0
      Temps:          0       0       0       0       0       0       0       0       0       0       0       0       0       0       0       0
      Totals:         3       0       0       0       0       0       0       0       0       0       0       0       0       0       0       0
Total ram usage:        3 bytes
 Hardware stack levels used:    1
 Hardware stack levels required when called:    1
 This function calls:
		i2_SPIPut
 This function is called by:
		_high_isr
 This function uses a non-reentrant model


 *************** function i2_PHYGetShortRAMAddr *****************
 Defined at:
		line 158 in file "../../../../../../framework/driver/mrf_miwi/src/drv_mrf_miwi_24j40.c"
 Parameters:    Size  Location     Type
  address         1    wreg     unsigned char 
 Auto vars:     Size  Location     Type
  address         1    2[COMRAM] unsigned char 
  PHYGetShortR    1    4[COMRAM] volatile unsigned char 
  PHYGetShortR    1    3[COMRAM] unsigned char 
 Return value:  Size  Location     Type
                  1    wreg      unsigned char 
 Registers used:
		wreg, status,2, cstack
 Tracked objects:
		On entry : 
		On exit  : 
		Unchanged: 
 Data sizes:     COMRAM   BANK0   BANK1   BANK2   BANK3   BANK4   BANK5   BANK6   BANK7   BANK8   BANK9  BANK10  BANK11  BANK12  BANK13  BANK14
      Params:         0       0       0       0       0       0       0       0       0       0       0       0       0       0       0       0
      Locals:         3       0       0       0       0       0       0       0       0       0       0       0       0       0       0       0
      Temps:          0       0       0       0       0       0       0       0       0       0       0       0       0       0       0       0
      Totals:         3       0       0       0       0       0       0       0       0       0       0       0       0       0       0       0
Total ram usage:        3 bytes
 Hardware stack levels used:    1
 Hardware stack levels required when called:    2
 This function calls:
		i2_SPIGet
		i2_SPIPut
 This function is called by:
		_high_isr
 This function uses a non-reentrant model


 *************** function i2_PHYGetLongRAMAddr *****************
 Defined at:
		line 189 in file "../../../../../../framework/driver/mrf_miwi/src/drv_mrf_miwi_24j40.c"
 Parameters:    Size  Location     Type
  address         2    2[COMRAM] unsigned int 
 Auto vars:     Size  Location     Type
  PHYGetLongRA    1    7[COMRAM] volatile unsigned char 
  PHYGetLongRA    1    6[COMRAM] unsigned char 
 Return value:  Size  Location     Type
                  1    wreg      unsigned char 
 Registers used:
		wreg, status,2, status,0, cstack
 Tracked objects:
		On entry : 
		On exit  : 
		Unchanged: 
 Data sizes:     COMRAM   BANK0   BANK1   BANK2   BANK3   BANK4   BANK5   BANK6   BANK7   BANK8   BANK9  BANK10  BANK11  BANK12  BANK13  BANK14
      Params:         2       0       0       0       0       0       0       0       0       0       0       0       0       0       0       0
      Locals:         2       0       0       0       0       0       0       0       0       0       0       0       0       0       0       0
      Temps:          2       0       0       0       0       0       0       0       0       0       0       0       0       0       0       0
      Totals:         6       0       0       0       0       0       0       0       0       0       0       0       0       0       0       0
Total ram usage:        6 bytes
 Hardware stack levels used:    1
 Hardware stack levels required when called:    2
 This function calls:
		i2_SPIGet
		i2_SPIPut
 This function is called by:
		_high_isr
 This function uses a non-reentrant model


 *************** function i2_SPIGet *****************
 Defined at:
		line 102 in file "../src/system_config/miwikit_pic18f46j50_24j40/spi.c"
 Parameters:    Size  Location     Type
		None
 Auto vars:     Size  Location     Type
		None
 Return value:  Size  Location     Type
                  1    wreg      unsigned char 
 Registers used:
		wreg, status,2, cstack
 Tracked objects:
		On entry : 
		On exit  : 
		Unchanged: 
 Data sizes:     COMRAM   BANK0   BANK1   BANK2   BANK3   BANK4   BANK5   BANK6   BANK7   BANK8   BANK9  BANK10  BANK11  BANK12  BANK13  BANK14
      Params:         0       0       0       0       0       0       0       0       0       0       0       0       0       0       0       0
      Locals:         0       0       0       0       0       0       0       0       0       0       0       0       0       0       0       0
      Temps:          0       0       0       0       0       0       0       0       0       0       0       0       0       0       0       0
      Totals:         0       0       0       0       0       0       0       0       0       0       0       0       0       0       0       0
Total ram usage:        0 bytes
 Hardware stack levels used:    1
 Hardware stack levels required when called:    1
 This function calls:
		i2_SPIPut
 This function is called by:
		i2_PHYGetShortRAMAddr
		i2_PHYGetLongRAMAddr
 This function uses a non-reentrant model


 *************** function i2_SPIPut *****************
 Defined at:
		line 45 in file "../src/system_config/miwikit_pic18f46j50_24j40/spi.c"
 Parameters:    Size  Location     Type
  v               1    wreg     unsigned char 
 Auto vars:     Size  Location     Type
  v               1    1[COMRAM] unsigned char 
  SPIPut          1    0[COMRAM] unsigned char 
 Return value:  Size  Location     Type
                  1    wreg      void 
 Registers used:
		wreg
 Tracked objects:
		On entry : 
		On exit  : 
		Unchanged: 
 Data sizes:     COMRAM   BANK0   BANK1   BANK2   BANK3   BANK4   BANK5   BANK6   BANK7   BANK8   BANK9  BANK10  BANK11  BANK12  BANK13  BANK14
      Params:         0       0       0       0       0       0       0       0       0       0       0       0       0       0       0       0
      Locals:         2       0       0       0       0       0       0       0       0       0       0       0       0       0       0       0
      Temps:          0       0       0       0       0       0       0       0       0       0       0       0       0       0       0       0
      Totals:         2       0       0       0       0       0       0       0       0       0       0       0       0       0       0       0
Total ram usage:        2 bytes
 Hardware stack levels used:    1
 This function calls:
		Nothing
 This function is called by:
		i2_PHYSetShortRAMAddr
		i2_PHYGetShortRAMAddr
		i2_PHYGetLongRAMAddr
		i2_SPIGet
 This function uses a non-reentrant model


 *************** function _temps_avance *****************
 Defined at:
		line 1878 in file "../../../../../../framework/driver/mrf_miwi/src/drv_mrf_miwi_24j40.c"
 Parameters:    Size  Location     Type
  hms             2    0[COMRAM] PTR struct .
		 -> Chrono(4), 
 Auto vars:     Size  Location     Type
		None
 Return value:  Size  Location     Type
                  1    wreg      void 
 Registers used:
		wreg, fsr2l, fsr2h, status,2, status,0
 Tracked objects:
		On entry : 
		On exit  : 
		Unchanged: 
 Data sizes:     COMRAM   BANK0   BANK1   BANK2   BANK3   BANK4   BANK5   BANK6   BANK7   BANK8   BANK9  BANK10  BANK11  BANK12  BANK13  BANK14
      Params:         2       0       0       0       0       0       0       0       0       0       0       0       0       0       0       0
      Locals:         0       0       0       0       0       0       0       0       0       0       0       0       0       0       0       0
      Temps:          1       0       0       0       0       0       0       0       0       0       0       0       0       0       0       0
      Totals:         3       0       0       0       0       0       0       0       0       0       0       0       0       0       0       0
Total ram usage:        3 bytes
 Hardware stack levels used:    1
 This function calls:
		Nothing
 This function is called by:
		_high_isr
 This function uses a non-reentrant model


 *************** function _UserInterruptHandler *****************
 Defined at:
		line 186 in file "../src/system_config/miwikit_pic18f46j50_24j40/lcd.c"
 Parameters:    Size  Location     Type
		None
 Auto vars:     Size  Location     Type
		None
 Return value:  Size  Location     Type
                  1    wreg      void 
 Registers used:
		None
 Tracked objects:
		On entry : 
		On exit  : 
		Unchanged: 
 Data sizes:     COMRAM   BANK0   BANK1   BANK2   BANK3   BANK4   BANK5   BANK6   BANK7   BANK8   BANK9  BANK10  BANK11  BANK12  BANK13  BANK14
      Params:         0       0       0       0       0       0       0       0       0       0       0       0       0       0       0       0
      Locals:         0       0       0       0       0       0       0       0       0       0       0       0       0       0       0       0
      Temps:          0       0       0       0       0       0       0       0       0       0       0       0       0       0       0       0
      Totals:         0       0       0       0       0       0       0       0       0       0       0       0       0       0       0       0
Total ram usage:        0 bytes
 Hardware stack levels used:    1
 This function calls:
		Nothing
 This function is called by:
		_high_isr
 This function uses a non-reentrant model



MODULE INFORMATION

Module		Function		Class		Link	Load	Size
C:\Program Files (x86)\Microchip\xc8\v1.37\sources\common\memset.c
		_memset        		CODE           	CA74	0000	53

C:\Program Files (x86)\Microchip\xc8\v1.37\sources\common\memset.c estimated size: 53

../src/system_config/miwikit_pic18f46j50_24j40/lcd.c
		_LCD_Erase     		CODE           	C996	0000	59
		_LCD_Initialize		CODE           	C224	0000	131
		_LCD_Update    		CODE           	BE04	0000	169
		_LCD_Display   		CODE           	C732	0000	87
		_UserInterruptHandler		CODE           	CD58	0000	3
		_LCD_WriteCmd  		CODE           	CCCE	0000	21
		_LCD_WriteData 		CODE           	CCBA	0000	21

../src/system_config/miwikit_pic18f46j50_24j40/lcd.c estimated size: 491

../../../../../../framework/driver/mrf_miwi/src/drv_mrf_miwi_24j40.c
		_temps_avance  		CODE           	BB4C	0000	183
		_PHYGetLongRAMAddr		CODE           	C54E	0000	101
		_PHYSetLongRAMAddr		CODE           	C676	0000	99
		_PHYGetShortRAMAddr		CODE           	CA3E	0000	55
		_PHYSetShortRAMAddr		CODE           	CADA	0000	51
		_InitMRF24J40  		CODE           	99E6	0000	705
		_MiMAC_ReceivedPacket		CODE           	6EEE	0000	1747
		_MiMAC_DiscardPacket		CODE           	CC38	0000	29
		_high_isr      		CODE           	0008	0000	703
		_MiMAC_ChannelAssessment		CODE           	C8CA	0000	73
		_MiMAC_SetChannel		CODE           	C788	0000	85
		_MiMAC_Init    		CODE           	C880	0000	75
		_MiMAC_SendPacket		CODE           	89EC	0000	1211
		_MiMAC_SetAltAddress		CODE           	C4E4	0000	107

../../../../../../framework/driver/mrf_miwi/src/drv_mrf_miwi_24j40.c estimated size: 5224

../src/system_config/miwikit_pic18f46j50_24j40/system.c
		_SYSTEM_Initialize		CODE           	BC02	0000	175

../src/system_config/miwikit_pic18f46j50_24j40/system.c estimated size: 175

C:\Program Files (x86)\Microchip\xc8\v1.37\sources\common\doprnt.c
		_sprintf       		CODE           	53EC	0000	2791

C:\Program Files (x86)\Microchip\xc8\v1.37\sources\common\doprnt.c estimated size: 2791

../src/network.c
		_Network       		CODE           	7B3C	0000	1279

../src/network.c estimated size: 1279

C:\Program Files (x86)\Microchip\xc8\v1.37\sources\common\Umul16.c
		___wmul        		CODE           	CA08	0000	55

C:\Program Files (x86)\Microchip\xc8\v1.37\sources\common\Umul16.c estimated size: 55

../src/system_config/miwikit_pic18f46j50_24j40/button.c
		_BUTTON_Pressed		CODE           	B052	0000	345

../src/system_config/miwikit_pic18f46j50_24j40/button.c estimated size: 345

../src/student.c
		_Student       		CODE           	371E	0000	3791
		_questionnaire_function		CODE           	5ED2	0000	2239

../src/student.c estimated size: 6030

C:\Program Files (x86)\Microchip\xc8\v1.37\sources\common\lwdiv.c
		___lwdiv       		CODE           	C2A6	0000	121

C:\Program Files (x86)\Microchip\xc8\v1.37\sources\common\lwdiv.c estimated size: 121

C:\Program Files (x86)\Microchip\xc8\v1.37\sources\common\awdiv.c
		___awdiv       		CODE           	B9D4	0000	191

C:\Program Files (x86)\Microchip\xc8\v1.37\sources\common\awdiv.c estimated size: 191

../src/pan.c
		_alarm         		CODE           	CC70	0000	27
		_stopBit       		CODE           	CD12	0000	11
		_putcv         		CODE           	C5B2	0000	99
		_startBit      		CODE           	CD1C	0000	11
		_Pan           		CODE           	BFEC	0000	149
		_Power_on      		CODE           	A1EA	0000	615
		_Power_off     		CODE           	A450	0000	615

../src/pan.c estimated size: 1527

C:\Program Files (x86)\Microchip\xc8\v1.37\sources\common\isdigit.c
		_isdigit       		CODE           	CB38	0000	43

C:\Program Files (x86)\Microchip\xc8\v1.37\sources\common\isdigit.c estimated size: 43

C:\Program Files (x86)\Microchip\xc8\v1.37\sources\common\lbmod.c
		___lbmod       		CODE           	C912	0000	69

C:\Program Files (x86)\Microchip\xc8\v1.37\sources\common\lbmod.c estimated size: 69

../src/projector_screen.c
		_ProjectorScreen		CODE           	96D0	0000	791

../src/projector_screen.c estimated size: 791

../src/door_unlock.c
		_DoorUnlock    		CODE           	A6B6	0000	575

../src/door_unlock.c estimated size: 575

../src/system_config/miwikit_pic18f46j50_24j40/delay.c
		_DELAY_ms      		CODE           	BCB0	0000	171

../src/system_config/miwikit_pic18f46j50_24j40/delay.c estimated size: 171

../../../../../../framework/miwi/src/miwi_mesh.c
		_MiApp_NoiseDetection		CODE           	AB28	0000	529
		_UnicastShortAddress		CODE           	C10E	0000	143
		_MiApp_EstablishConnection		CODE           	8516	0000	1239
		_MiApp_ProtocolInit		CODE           	AECE	0000	389
		_MiApp_UnicastAddress		CODE           	8EA6	0000	1091
		_MiApp_StartConnection		CODE           	B63E	0000	261
		_SendMACPacket 		CODE           	BD5A	0000	171
		_SendBeacon    		CODE           	B2FE	0000	297
		_SendIndirectPacket		CODE           	6790	0000	1887
		_SearchForLongAddress		CODE           	B83E	0000	205
		_MiApp_BroadcastPacket		CODE           	B742	0000	253
		_findNextNetworkEntry		CODE           	C956	0000	65
		_SearchForShortAddress		CODE           	C19C	0000	137
		_OpenSocket    		CODE           	92E8	0000	1001
		_RouteMessage  		CODE           	803A	0000	1245
		_MiApp_SetChannel		CODE           	CBDC	0000	37
		_SaveIndirectMessage		CODE           	9CA6	0000	689
		_MiWiTasks     		CODE           	02CA	0000	7143
		_MiApp_DiscardMessage		CODE           	CD4E	0000	9
		_BroadcastJitter		CODE           	BA92	0000	187
		_MiApp_MessageAvailable		CODE           	CCF4	0000	17
		_MiApp_SearchConnection		CODE           	A8F4	0000	565
		_isSameAddress 		CODE           	C7DC	0000	83
		_AddNodeToNetworkTable		CODE           	B534	0000	267
		_MiApp_ConnectionMode		CODE           	CB0C	0000	45

../../../../../../framework/miwi/src/miwi_mesh.c estimated size: 17955

C:\Program Files (x86)\Microchip\xc8\v1.37\sources\common\Umul32.c
		___lmul        		CODE           	C31E	0000	119

C:\Program Files (x86)\Microchip\xc8\v1.37\sources\common\Umul32.c estimated size: 119

../src/demo_mouvement.c
		_MovementDetector		CODE           	AD38	0000	407
		_reception     		CODE           	B1AA	0000	341

../src/demo_mouvement.c estimated size: 748

../src/computer_control.c
		_ComputerControl		CODE           	45EC	0000	3585

../src/computer_control.c estimated size: 3585

../src/system_config/miwikit_pic18f46j50_24j40/eeprom.c
		_EEPROMRead    		CODE           	C9D0	0000	57
		_Read_MAC_Address		CODE           	B426	0000	271

../src/system_config/miwikit_pic18f46j50_24j40/eeprom.c estimated size: 328

shared
		_dpowers       		MEDIUMCONST    	F9F5	0000	11
		_ScanTime      		MEDIUMCONST    	F9AD	0000	61
		i2_PHYGetShortRAMAddr		CODE           	CB62	0000	43
		i2_PHYGetLongRAMAddr		CODE           	C82E	0000	83
		i2_PHYSetShortRAMAddr		CODE           	CB8C	0000	41
		__initialization		CODE           	B90A	0000	189
		_octpowers     		MEDIUMCONST    	F9E9	0000	13
		i2_SPIGet      		CODE           	CD44	0000	11
		_hexpowers     		MEDIUMCONST    	FA07	0000	9
		i2_SPIPut      		CODE           	CC8A	0000	27
		Demo_911@F8466 		MEDIUMCONST    	FA0F	0000	6
		Demo_911@F8468 		MEDIUMCONST    	F9FF	0000	9

shared estimated size: 503

../src/system_config/miwikit_pic18f46j50_24j40/symbol.c
		_InitSymbolTimer		CODE           	CCA4	0000	23
		_MiWi_TickGet  		CODE           	C408	0000	113

../src/system_config/miwikit_pic18f46j50_24j40/symbol.c estimated size: 136

../src/demo_911.c
		_Demo_911      		CODE           	75C0	0000	1405

../src/demo_911.c estimated size: 1405

../src/system_config/miwikit_pic18f46j50_24j40/spi.c
		_SPIPut2       		CODE           	CC1C	0000	29
		_SPIGet        		CODE           	CD3A	0000	11
		_SPIGet2       		CODE           	CD26	0000	11
		_SPIPut        		CODE           	CC54	0000	29

../src/system_config/miwikit_pic18f46j50_24j40/spi.c estimated size: 80

../src/demo_pan.c
		_demo_gyro     		CODE           	CAA8	0000	51
		_Demo_Pan      		CODE           	BF4E	0000	159

../src/demo_pan.c estimated size: 210

../src/main.c
		_main          		CODE           	CC00	0000	29

../src/main.c estimated size: 29

../src/teacher.c
		_reception_unicast		CODE           	9F56	0000	661
		_Teacher       		CODE           	1EB0	0000	6255

../src/teacher.c estimated size: 6916

../src/soft_uart.c
		_UART_kbhit_A2_A1		CODE           	CCE2	0000	19
		_UART_Write_A2_A1		CODE           	C478	0000	109
		_UART_Read_A2_A1		CODE           	C394	0000	117
		_UART_Init_A2_A1		CODE           	CD30	0000	11
		_UART_Write_Text_A2_A1		CODE           	C080	0000	143

../src/soft_uart.c estimated size: 399

C:\Program Files (x86)\Microchip\xc8\v1.37\sources\common\lwmod.c
		___lwmod       		CODE           	C614	0000	99

C:\Program Files (x86)\Microchip\xc8\v1.37\sources\common\lwmod.c estimated size: 99

C:\Program Files (x86)\Microchip\xc8\v1.37\sources\common\strcmp.c
		_strcmp        		CODE           	C6D8	0000	91

C:\Program Files (x86)\Microchip\xc8\v1.37\sources\common\strcmp.c estimated size: 91

C:\Program Files (x86)\Microchip\xc8\v1.37\sources\common\awmod.c
		___awmod       		CODE           	BEAC	0000	163

C:\Program Files (x86)\Microchip\xc8\v1.37\sources\common\awmod.c estimated size: 163

