Microchip MPLAB XC8 Compiler V1.35 ()

Linker command line:

--edf=C:\Program Files (x86)\Microchip\xc8\v1.35\dat\en_msgs.txt -cs \
  -h+dist/miwikit_pic18f46j50_24j40/production\miwi_demo_kit.X.production.sym \
  --cmf=dist/miwikit_pic18f46j50_24j40/production\miwi_demo_kit.X.production.cmf \
  -z -Q18F46J50 -oC:\Users\FRDRIC~1\AppData\Local\Temp\sqk.2 \
  -Mdist/miwikit_pic18f46j50_24j40/production/miwi_demo_kit.X.production.map \
  -E1 -ver=XC8 -ASTACK=0486h-0ebfh -pstack=STACK -ACODE=00h-0FFF7h \
  -ACONST=00h-0FFF7h -ASMALLCONST=0F00h-0FFFhx240,0FF00h-0FFF7h \
  -AMEDIUMCONST=0F00h-0FFF7h -ACOMRAM=01h-05Fh -AABS1=00h-0EBFh \
  -ABIGRAM=01h-0EBFh -ARAM=060h-0FFh,0100h-01FFhx13,0E00h-0EBFh \
  -ABANK0=060h-0FFh -ABANK1=0100h-01FFh -ABANK2=0200h-02FFh \
  -ABANK3=0300h-03FFh -ABANK4=0400h-04FFh -ABANK5=0500h-05FFh \
  -ABANK6=0600h-06FFh -ABANK7=0700h-07FFh -ABANK8=0800h-08FFh \
  -ABANK9=0900h-09FFh -ABANK10=0A00h-0AFFh -ABANK11=0B00h-0BFFh \
  -ABANK12=0C00h-0CFFh -ABANK13=0D00h-0DFFh -ABANK14=0E00h-0EBFh \
  -ASFR=0EC0h-0EFFh,0F00h-0F5Fh,0F60h-0FFFh \
  -preset_vec=00h,intcode=08h,intcodelo,powerup,init,end_init \
  -pramtop=0F00h -psmallconst=SMALLCONST -pmediumconst=MEDIUMCONST \
  -pconst=CONST -AFARRAM=00h-00h -ACONFIG=0FFF8h-0FFFFh -pconfig=CONFIG \
  -pjflash_buffer=0F800h \
  -prdata=COMRAM,nvrram=COMRAM,nvbit=COMRAM,rbss=COMRAM,rbit=COMRAM \
  -pfarbss=FARRAM,fardata=FARRAM,nvFARRAM=FARRAM \
  -pintsave_regs=BIGRAM,bigbss=BIGRAM,bigdata=BIGRAM -pbss=RAM \
  -pidata=CODE,irdata=CODE,ibigdata=CODE,ifardata=CODE -prparam=COMRAM \
  C:\Users\FRDRIC~1\AppData\Local\Temp\sqk.obj \
  dist/miwikit_pic18f46j50_24j40/production\miwi_demo_kit.X.production.obj 

Object code version is 3.11

Machine type is 18F46J50

Call graph: (short form)




                Name                               Link     Load   Length Selector   Space Scale
C:\Users\FRDRIC~1\AppData\Local\Temp\sqk.obj
                end_init                            1F2      1F2        4        4       0
                reset_vec                             0        0        4        0       0
                config                             FFF8     FFF8        8     FFF8       0
dist/miwikit_pic18f46j50_24j40/production\miwi_demo_kit.X.production.obj
                intcode                               8        8      1EA        4       0
                temp                                 41       41        1        1       1
                mediumconst                        FBA6     FBA6      452     7DD3       0
                text90                             9C80     9C80        2     4E29       0
                text89                             9BDE     9BDE       1A        4       0
                text88                             9C66     9C66        A     4E29       0
                text87                             9722     9722       52        4       0
                text86                             9B14     9B14       2A        4       0
                text85                             9B3E     9B3E       28        4       0
                text83                             9A94     9A94       2C        4       0
                text82                             9BC2     9BC2       1C        4       0
                text81                             9C70     9C70        8     4E29       0
                text80                             8AC0     8AC0       CC        4       0
                text79                             9228     9228       88        4       0
                text78                             984A     984A       40        4       0
                text77                             87B2     87B2      10A        4       0
                text76                             9420     9420       70        4       0
                text75                             9806     9806       44        4       0
                text74                             8D12     8D12       BA        4       0
                text73                             9BA6     9BA6       1C        4       0
                text72                             95C4     95C4       62        4       0
                text71                             99D8     99D8       32        4       0
                text70                             967C     967C       54        4       0
                text69                             9B66     9B66       24        4       0
                text68                             3F86     3F86      6D2        4       0
                text67                             9C5C     9C5C        A     4E29       0
                text66                             94FE     94FE       64        4       0
                text65                             996E     996E       36        4       0
                text64                             6AEA     6AEA      2C0        4       0
                text63                             9490     9490       6E        4       0
                text62                             5AE6     5AE6      4C2        4       0
                text61                             8F24     8F24       AA        4       0
                text60                             96D0     96D0       52        4       0
                text59                             3828     3828      75E        4       0
                text58                             6DAA     6DAA      2B0        4       0
                text57                             8470     8470      128        4       0
                text56                             5134     5134      4DC        4       0
                text55                             9110     9110       8E        4       0
                text54                              1F6      1F6     1BF2        4       0
                text53                             9C36     9C36       10        4       0
                text52                             754A     754A      234        4       0
                text51                             5FA8     5FA8      442        4       0
                text50                             63EA     63EA      3E8        4       0
                text49                             5610     5610      4D6        4       0
                text48                             9BF8     9BF8       16        4       0
                text47                             9774     9774       4A        4       0
                text46                             7DA4     7DA4      186        4       0
                text45                             97BE     97BE       48        4       0
                text44                             8C54     8C54       BE        4       0
                text43                             798E     798E      210        4       0
                text42                             88BC     88BC      108        4       0
                text41                             8088     8088      158        4       0
                text40                             9C7C     9C7C        4     4E29       0
                text39                             9C78     9C78        4     4E29       0
                text38                             93AA     93AA       76        4       0
                text37                             8E7A     8E7A       AA        4       0
                text36                             9B8A     9B8A       1C        4       0
                text35                             9C22     9C22       14        4       0
                text34                             99A4     99A4       34        4       0
                text33                             98C6     98C6       3A        4       0
                text32                             9C0E     9C0E       14        4       0
                text31                             8FCE     8FCE       A8        4       0
                text30                             9332     9332       78        4       0
                text29                             9562     9562       62        4       0
                text28                             9938     9938       36        4       0
                text27                             9AEA     9AEA       2A        4       0
                text26                             2DEA     2DEA      A3E        4       0
                text25                             9626     9626       56        4       0
                text24                             777E     777E      210        4       0
                text23                             4BF2     4BF2      542        4       0
                text22                             9C52     9C52        A     4E29       0
                text21                             9900     9900       38        4       0
                text20                             8598     8598      10E        4       0
                text19                             92B0     92B0       82        4       0
                text18                             8DCC     8DCC       AE        4       0
                text17                             9A68     9A68       2C        4       0
                text16                             67D2     67D2      318        4       0
                text15                             89C4     89C4       FC        4       0
                text14                             7B9E     7B9E      206        4       0
                text13                             9076     9076       9A        4       0
                text12                             86A6     86A6      10C        4       0
                text11                             72E2     72E2      268        4       0
                text10                             81E0     81E0      14C        4       0
                text9                              8B8C     8B8C       C8        4       0
                text8                              7F2A     7F2A      15E        4       0
                text7                              9A0A     9A0A       30        4       0
                text6                              832C     832C      144        4       0
                text5                              9A3A     9A3A       2E        4       0
                text4                              9AC0     9AC0       2A        4       0
                text3                              705A     705A      288        4       0
                text2                              988A     988A       3C        4       0
                text1                              4658     4658      59A        4       0
                text0                              1DE8     1DE8     1002        4       0
                cstackCOMRAM                          1        1       20        1       1
                cstackBANK0                          60       60       9A       60       1
                cstackBANK1                         1D7      1D7       1E      100       1
                cstackBANK3                         3A0      3A0       1B      300       1
                bssBANK4                            400      400       86      400       1
                bssBANK3                            300      300       A0      300       1
                bssBANK2                            200      200       E6      200       1
                dataBANK1                           1F5      1F5        B      100       1
                bssBANK1                            100      100       D7      100       1
                bssBANK0                             FA       FA        6       60       1
                dataCOMRAM                           40       40        1        1       1
                bssCOMRAM                            21       21       1F        1       1
                cinit                              919E     919E       8A        4       0
                idataBANK1                         9C46     9C46        B        4       0
                idataCOMRAM                        9C82     9C82        1     4E29       0

TOTAL           Name                               Link     Load   Length     Space
        CLASS   STACK          

        CLASS   CODE           
                end_init                            1F2      1F2        4         0
                intcode                               8        8      1EA         0
                reset_vec                             0        0        4         0
                text90                             9C80     9C80        2         0
                text89                             9BDE     9BDE       1A         0
                text88                             9C66     9C66        A         0
                text87                             9722     9722       52         0
                text86                             9B14     9B14       2A         0
                text85                             9B3E     9B3E       28         0
                text83                             9A94     9A94       2C         0
                text82                             9BC2     9BC2       1C         0
                text81                             9C70     9C70        8         0
                text80                             8AC0     8AC0       CC         0
                text79                             9228     9228       88         0
                text78                             984A     984A       40         0
                text77                             87B2     87B2      10A         0
                text76                             9420     9420       70         0
                text75                             9806     9806       44         0
                text74                             8D12     8D12       BA         0
                text73                             9BA6     9BA6       1C         0
                text72                             95C4     95C4       62         0
                text71                             99D8     99D8       32         0
                text70                             967C     967C       54         0
                text69                             9B66     9B66       24         0
                text68                             3F86     3F86      6D2         0
                text67                             9C5C     9C5C        A         0
                text66                             94FE     94FE       64         0
                text65                             996E     996E       36         0
                text64                             6AEA     6AEA      2C0         0
                text63                             9490     9490       6E         0
                text62                             5AE6     5AE6      4C2         0
                text61                             8F24     8F24       AA         0
                text60                             96D0     96D0       52         0
                text59                             3828     3828      75E         0
                text58                             6DAA     6DAA      2B0         0
                text57                             8470     8470      128         0
                text56                             5134     5134      4DC         0
                text55                             9110     9110       8E         0
                text54                              1F6      1F6     1BF2         0
                text53                             9C36     9C36       10         0
                text52                             754A     754A      234         0
                text51                             5FA8     5FA8      442         0
                text50                             63EA     63EA      3E8         0
                text49                             5610     5610      4D6         0
                text48                             9BF8     9BF8       16         0
                text47                             9774     9774       4A         0
                text46                             7DA4     7DA4      186         0
                text45                             97BE     97BE       48         0
                text44                             8C54     8C54       BE         0
                text43                             798E     798E      210         0
                text42                             88BC     88BC      108         0
                text41                             8088     8088      158         0
                text40                             9C7C     9C7C        4         0
                text39                             9C78     9C78        4         0
                text38                             93AA     93AA       76         0
                text37                             8E7A     8E7A       AA         0
                text36                             9B8A     9B8A       1C         0
                text35                             9C22     9C22       14         0
                text34                             99A4     99A4       34         0
                text33                             98C6     98C6       3A         0
                text32                             9C0E     9C0E       14         0
                text31                             8FCE     8FCE       A8         0
                text30                             9332     9332       78         0
                text29                             9562     9562       62         0
                text28                             9938     9938       36         0
                text27                             9AEA     9AEA       2A         0
                text26                             2DEA     2DEA      A3E         0
                text25                             9626     9626       56         0
                text24                             777E     777E      210         0
                text23                             4BF2     4BF2      542         0
                text22                             9C52     9C52        A         0
                text21                             9900     9900       38         0
                text20                             8598     8598      10E         0
                text19                             92B0     92B0       82         0
                text18                             8DCC     8DCC       AE         0
                text17                             9A68     9A68       2C         0
                text16                             67D2     67D2      318         0
                text15                             89C4     89C4       FC         0
                text14                             7B9E     7B9E      206         0
                text13                             9076     9076       9A         0
                text12                             86A6     86A6      10C         0
                text11                             72E2     72E2      268         0
                text10                             81E0     81E0      14C         0
                text9                              8B8C     8B8C       C8         0
                text8                              7F2A     7F2A      15E         0
                text7                              9A0A     9A0A       30         0
                text6                              832C     832C      144         0
                text5                              9A3A     9A3A       2E         0
                text4                              9AC0     9AC0       2A         0
                text3                              705A     705A      288         0
                text2                              988A     988A       3C         0
                text1                              4658     4658      59A         0
                text0                              1DE8     1DE8     1002         0
                cinit                              919E     919E       8A         0
                idataBANK1                         9C46     9C46        B         0
                idataCOMRAM                        9C82     9C82        1         0

        CLASS   CONST          

        CLASS   SMALLCONST     

        CLASS   MEDIUMCONST    
                mediumconst                        FBA6     FBA6      452         0

        CLASS   COMRAM         
                temp                                 41       41        1         1
                cstackCOMRAM                          1        1       20         1
                dataCOMRAM                           40       40        1         1
                bssCOMRAM                            21       21       1F         1

        CLASS   ABS1           

        CLASS   BIGRAM         

        CLASS   RAM            

        CLASS   BANK0          
                cstackBANK0                          60       60       9A         1
                bssBANK0                             FA       FA        6         1

        CLASS   BANK1          
                cstackBANK1                         1D7      1D7       1E         1
                dataBANK1                           1F5      1F5        B         1
                bssBANK1                            100      100       D7         1

        CLASS   BANK2          
                bssBANK2                            200      200       E6         1

        CLASS   BANK3          
                cstackBANK3                         3A0      3A0       1B         1
                bssBANK3                            300      300       A0         1

        CLASS   BANK4          
                bssBANK4                            400      400       86         1

        CLASS   BANK5          

        CLASS   BANK6          

        CLASS   BANK7          

        CLASS   BANK8          

        CLASS   BANK9          

        CLASS   BANK10         

        CLASS   BANK11         

        CLASS   BANK12         

        CLASS   BANK13         

        CLASS   BANK14         

        CLASS   SFR            

        CLASS   FARRAM         

        CLASS   CONFIG         
                config                             FFF8     FFF8        8         0

        CLASS   IDLOC          



SEGMENTS        Name                           Load    Length   Top    Selector   Space  Class

                reset_vec                      000000  000004  000004         0       0  CODE    
                cstackCOMRAM                   000001  000041  000042         1       1  COMRAM  
                intcode                        000008  009C49  009C51         4       0  CODE    
                cstackBANK0                    000060  0000A0  000100        60       1  BANK0   
                bssBANK1                       000100  000100  000200       100       1  BANK1   
                bssBANK2                       000200  0000E6  0002E6       200       1  BANK2   
                bssBANK3                       000300  0000BB  0003BB       300       1  BANK3   
                bssBANK4                       000400  000086  000486       400       1  BANK4   
                text22                         009C52  000031  009C83      4E29       0  CODE    
                mediumconst                    00FBA6  000452  00FFF8      7DD3       0  MEDIUMCO
                config                         00FFF8  000008  010000      FFF8       0  CONFIG  


UNUSED ADDRESS RANGES

        Name                Unused          Largest block    Delta
        BANK10           00A00-00AFF             100
        BANK11           00B00-00BFF             100
        BANK12           00C00-00CFF             100
        BANK13           00D00-00DFF             100
        BANK14           00E00-00EBF              C0
        BANK2            002E6-002FF              1A
        BANK3            003BB-003FF              45
        BANK4            00486-004FF              7A
        BANK5            00500-005FF             100
        BANK6            00600-006FF             100
        BANK7            00700-007FF             100
        BANK8            00800-008FF             100
        BANK9            00900-009FF             100
        BIGRAM           00042-0005F              1E
                         002E6-002FF              1A
                         003BB-003FF              45
                         00486-00EBF             A3A
        CODE             00004-00007               4
                         09C51-09C51               1
                         09C83-0FBA5            5F23
        COMRAM           00042-0005F              1E
        CONST            00004-00007               4
                         09C51-09C51               1
                         09C83-0FBA5            5F23
        MEDIUMCONST      09C51-09C51               1
                         09C83-0FBA5            5F23
        RAM              002E6-002FF              1A
                         003BB-003FF              45
                         00486-00EBF             100
        SFR              00EC0-00FFF              60
        SMALLCONST       09C51-09C51               1
                         09C83-0FBA5             100
        STACK            00486-00EBF             A3A

                                  Symbol Table

?_MiWi_TickGet                            cstackBANK0   00060
?_Read_VBGVoltage                         cstackBANK0   00074
?___awdiv                                 cstackBANK0   00060
?___ftadd                                 cstackBANK0   0006F
?___ftdiv                                 cstackBANK0   0007B
?___ftmul                                 cstackBANK0   0007B
?___ftneg                                 cstackBANK0   0006C
?___ftpack                                cstackBANK0   00060
?___fttol                                 cstackBANK0   00060
?___lbtoft                                cstackBANK0   00068
?___lmul                                  cstackBANK0   00060
?___lwdiv                                 cstackBANK0   00060
?___lwmod                                 cstackBANK0   00067
?___lwtoft                                cstackBANK0   00068
?___wmul                                  cstackBANK0   00060
?_sprintf                                 cstackBANK0   0006C
AddNodeToNetworkTable@handle              cstackBANK0   00069
AddNodeToNetworkTable@i                   cstackBANK0   00068
BUTTON_Pressed@result                     cstackBANK0   00076
BUTTON_Pressed@t                          cstackBANK0   00072
BUTTON_Pressed@tickDifference             cstackBANK0   0006E
BroadcastJitter@jitter                    cstackBANK0   0007B
BroadcastJitter@range                     cstackBANK0   0007A
BroadcastJitter@t1                        cstackBANK0   00072
BroadcastJitter@t2                        cstackBANK0   00076
DELAY_10us@cyclesRequiredForEntireDelay   cstackBANK0   00070
DELAY_10us@tenMicroSecondCounter          cstackBANK0   0006C
DELAY_ms@cyclesRequiredForEntireDelay     cstackBANK0   0006E
DELAY_ms@ms                               cstackBANK0   0006C
EEPROMRead@addr                           cstackBANK0   00064
EEPROMRead@count                          cstackBANK0   00065
EEPROMRead@dest                           cstackBANK0   00062
InitMRF24J40@_dcnt                        cstackBANK0   0006B
InitMRF24J40@_dcnt_698                    cstackBANK0   0006F
InitMRF24J40@_ms                          cstackBANK0   00073
InitMRF24J40@_ms_699                      cstackBANK0   00077
InitMRF24J40@i                            cstackBANK0   0007D
InitMRF24J40@j                            cstackBANK0   0007B
LCD_Display@delay                         cstackBANK0   00092
LCD_Display@i                             cstackBANK0   00093
LCD_Display@text                          cstackBANK0   0008F
LCD_Display@value                         cstackBANK0   00091
LCD_Update@i                              cstackBANK0   00063
LCD_WriteCmd@data                         cstackBANK0   00062
LCD_WriteData@data                        cstackBANK0   00062
MiApp_BroadcastPacket@SecEn               cstackBANK0   0009D
MiApp_BroadcastPacket@i                   cstackBANK0   0009E
MiApp_ConnectionMode@Mode                 cstackBANK0   00061
MiApp_EstablishConnection@ActiveScanIndex cstackBANK1   001EC
MiApp_EstablishConnection@Mode            cstackBANK1   001D9
MiApp_EstablishConnection@i               cstackBANK1   001EB
MiApp_EstablishConnection@retry           cstackBANK1   001EA
MiApp_EstablishConnection@t1              cstackBANK1   001E2
MiApp_EstablishConnection@t2              cstackBANK1   001E6
MiApp_NoiseDetection@ChannelMap           cstackBANK0   0006B
MiApp_NoiseDetection@DetectionMode        cstackBANK0   00070
MiApp_NoiseDetection@OptimalChannel       cstackBANK0   0008C
MiApp_NoiseDetection@RSSIValue            cstackBANK0   00071
MiApp_NoiseDetection@RSSIcheck            cstackBANK0   0008F
MiApp_NoiseDetection@ScanDuration         cstackBANK0   0006F
MiApp_NoiseDetection@channelMask          cstackBANK0   00080
MiApp_NoiseDetection@i                    cstackBANK0   00091
MiApp_NoiseDetection@j                    cstackBANK0   0008D
MiApp_NoiseDetection@k                    cstackBANK0   0008E
MiApp_NoiseDetection@maxRSSI              cstackBANK0   00092
MiApp_NoiseDetection@minRSSI              cstackBANK0   00090
MiApp_NoiseDetection@t1                   cstackBANK0   00084
MiApp_NoiseDetection@t2                   cstackBANK0   00088
MiApp_ProtocolInit@MIP                    cstackBANK0   00084
MiApp_ProtocolInit@bNetworkFreezer        cstackBANK0   00083
MiApp_ProtocolInit@i                      cstackBANK0   00087
MiApp_SearchConnection@ChannelMap         cstackBANK0   000DA
MiApp_SearchConnection@ScanDuration       cstackBANK0   000F7
MiApp_SearchConnection@backupChannel      cstackBANK0   000F8
MiApp_SearchConnection@channelMask        cstackBANK0   000EB
MiApp_SearchConnection@i                  cstackBANK0   000F9
MiApp_SearchConnection@t1                 cstackBANK0   000EF
MiApp_SearchConnection@t2                 cstackBANK0   000F3
MiApp_SetChannel@channel                  cstackBANK0   0006A
MiApp_StartConnection@ChannelMap          cstackBANK0   00094
MiApp_StartConnection@Mode                cstackBANK0   00099
MiApp_StartConnection@RSSIValue           cstackBANK0   0009B
MiApp_StartConnection@ScanDuration        cstackBANK0   00093
MiApp_StartConnection@channel             cstackBANK0   0009A
MiApp_UnicastAddress@DestAddress          cstackBANK0   000DA
MiApp_UnicastAddress@MiWiFrameControl     cstackBANK0   000F6
MiApp_UnicastAddress@PermanentAddr        cstackBANK0   000DC
MiApp_UnicastAddress@SecEn                cstackBANK0   000DD
MiApp_UnicastAddress@handle               cstackBANK0   000F8
MiApp_UnicastAddress@i                    cstackBANK0   000F7
MiApp_UnicastAddress@t1                   cstackBANK0   000E6
MiApp_UnicastAddress@t1_1751              cstackBANK0   000EE
MiApp_UnicastAddress@t2                   cstackBANK0   000EA
MiApp_UnicastAddress@t2_1762              cstackBANK0   000F2
MiApp_UnicastConnection@ConnectionIndex   cstackBANK0   000EC
MiApp_UnicastConnection@MiWiFrameControl  cstackBANK0   000EB
MiApp_UnicastConnection@SecEn             cstackBANK0   000DA
MiApp_UnicastConnection@t1                cstackBANK0   000E3
MiApp_UnicastConnection@t2                cstackBANK0   000E7
MiMAC_ChannelAssessment@RSSIcheck         cstackBANK0   00068
MiMAC_Init@i                              cstackBANK0   00081
MiMAC_Init@initValue                      cstackBANK0   0007E
MiMAC_ReceivedPacket@addrMode             cstackBANK0   00066
MiMAC_ReceivedPacket@bIntraPAN            cstackBANK0   00068
MiMAC_ReceivedPacket@i                    cstackBANK0   00067
MiMAC_SendPacket@IntraPAN                 cstackBANK0   00098
MiMAC_SendPacket@MACPayload               cstackBANK0   00085
MiMAC_SendPacket@MACPayloadLen            cstackBANK0   00087
MiMAC_SendPacket@frameControl             cstackBANK0   00099
MiMAC_SendPacket@headerLength             cstackBANK0   0009A
MiMAC_SendPacket@i                        cstackBANK0   0009B
MiMAC_SendPacket@loc                      cstackBANK0   0009C
MiMAC_SendPacket@t1                       cstackBANK0   00090
MiMAC_SendPacket@t2                       cstackBANK0   00094
MiMAC_SendPacket@transParam               cstackBANK0   0007E
MiMAC_SetAltAddress@Address               cstackBANK0   00065
MiMAC_SetAltAddress@PANID                 cstackBANK0   00067
MiMAC_SetChannel@channel                  cstackBANK0   00069
MiMAC_SetChannel@offsetFreq               cstackBANK0   00068
MiWiTasks@CapacityByte                    cstackBANK0   000CA
MiWiTasks@CoordAddress                    cstackBANK0   000BD
MiWiTasks@associateStatus                 cstackBANK0   000C1
MiWiTasks@cIndex                          cstackBANK0   000C9
MiWiTasks@coordinatorNumber               cstackBANK0   000C2
MiWiTasks@destPANID                       cstackBANK0   000CC
MiWiTasks@destShortAddress                cstackBANK0   000D0
MiWiTasks@entry                           cstackBANK0   000C0
MiWiTasks@handle                          cstackBANK0   000D5
MiWiTasks@i                               cstackBANK0   000D9
MiWiTasks@j                               cstackBANK0   000D8
MiWiTasks@j_1467                          cstackBANK0   000D4
MiWiTasks@j_1511                          cstackBANK0   000CE
MiWiTasks@j_1522                          cstackBANK0   000C3
MiWiTasks@j_1553                          cstackBANK0   000CF
MiWiTasks@mask                            cstackBANK0   000BF
MiWiTasks@rxIndex                         cstackBANK0   000CB
MiWiTasks@sourcePANID                     cstackBANK0   000D2
MiWiTasks@sourceShortAddress              cstackBANK0   000D6
MiWiTasks@t1                              cstackBANK0   000C5
MiWiTasks@t2                              cstackBANK0   000B9
MiWi_TickGet@currentTime                  cstackBANK0   00066
MiWi_TickGet@failureCounter               cstackBANK0   00065
OpenSocket@i                              cstackBANK0   000F9
PHYGetLongRAMAddr@address                 cstackBANK0   00062
PHYGetLongRAMAddr@tmpRFIE                 cstackBANK0   00067
PHYGetLongRAMAddr@toReturn                cstackBANK0   00066
PHYGetShortRAMAddr@address                cstackBANK0   00062
PHYGetShortRAMAddr@tmpRFIE                cstackBANK0   00064
PHYGetShortRAMAddr@toReturn               cstackBANK0   00063
PHYSetLongRAMAddr@address                 cstackBANK0   00062
PHYSetLongRAMAddr@tmpRFIE                 cstackBANK0   00067
PHYSetLongRAMAddr@value                   cstackBANK0   00064
PHYSetShortRAMAddr@address                cstackBANK0   00063
PHYSetShortRAMAddr@tmpRFIE                cstackBANK0   00064
PHYSetShortRAMAddr@value                  cstackBANK0   00062
PrintTempLCD@temp                         cstackBANK0   00092
PrintTempLCD@tempF                        cstackBANK0   00091
RangeDemo@Pkt_Loss_Cnt                    cstackBANK1   001D9
RangeDemo@Run_Demo                        cstackBANK1   001E3
RangeDemo@Tx_Packet                       cstackBANK1   001D8
RangeDemo@pktCmd                          cstackBANK1   001D7
RangeDemo@rssi                            cstackBANK1   001E4
RangeDemo@switch_val                      cstackBANK1   001DE
RangeDemo@tick1                           cstackBANK1   001DF
RangeDemo@tick2                           cstackBANK1   001DA
ReadTempSensor@VBGResult                  cstackBANK0   0008A
ReadTempSensor@i                          cstackBANK0   00099
ReadTempSensor@temp                       cstackBANK0   00092
ReadTempSensor@tempArray                  cstackBANK0   0008C
ReadTempSensor@tempAverage                cstackBANK0   00096
ReadTempSensor@tempHere                   cstackBANK0   00095
ReadTempSensor@tempValue                  cstackBANK0   00090
Read_MAC_Address@i                        cstackBANK0   00068
RouteMessage@PANID                        cstackBANK0   000A5
RouteMessage@SecEn                        cstackBANK0   000A9
RouteMessage@ShortAddress                 cstackBANK0   000A7
RouteMessage@i                            cstackBANK0   000AE
RouteMessage@parentNode                   cstackBANK0   000AD
SPIPut2@i                                 cstackBANK0   00060
SPIPut2@v                                 cstackBANK0   00061
SPIPut@i                                  cstackBANK0   00060
SPIPut@v                                  cstackBANK0   00061
SSTGetID@dest                             cstackBANK0   00062
SaveIndirectMessage@Broadcast             cstackBANK0   00072
SaveIndirectMessage@DestinationAddress    cstackBANK0   0006C
SaveIndirectMessage@DestinationPANID      cstackBANK0   0006A
SaveIndirectMessage@SecurityEnabled       cstackBANK0   0006F
SaveIndirectMessage@i                     cstackBANK0   00074
SaveIndirectMessage@isAltAddress          cstackBANK0   0006E
SaveIndirectMessage@j                     cstackBANK0   00073
SearchForLongAddress@i                    cstackBANK0   00065
SearchForLongAddress@j                    cstackBANK0   00064
SearchForShortAddress@i                   cstackBANK0   00062
SelfTest@Tx_Success                       cstackBANK1   001DE
SelfTest@Tx_Trials                        cstackBANK1   001DC
SelfTest@myChannel                        cstackBANK1   001DF
SelfTest@scanresult                       cstackBANK1   001DD
SendBeacon@i                              cstackBANK0   000A4
SendIndirectPacket@Address                cstackBANK0   000A4
SendIndirectPacket@AltAddress             cstackBANK0   000A6
SendIndirectPacket@i                      cstackBANK0   000AE
SendIndirectPacket@index                  cstackBANK0   000AD
SendIndirectPacket@isAltAddress           cstackBANK0   000A8
SendIndirectPacket@j                      cstackBANK0   000AC
SendIndirectPacket@packetType             cstackBANK0   000AB
SendMACPacket@Address                     cstackBANK0   0009F
SendMACPacket@ModeMask                    cstackBANK0   000A2
SendMACPacket@PANID                       cstackBANK0   0009D
SendMACPacket@PacketType                  cstackBANK0   000A1
TempDemo@Run_Demo                         cstackBANK1   001E1
TempDemo@VBGResult                        cstackBANK1   001DA
TempDemo@i                                cstackBANK1   001EA
TempDemo@switch_val                       cstackBANK1   001E0
TempDemo@temp                             cstackBANK1   001D7
TempDemo@tick1                            cstackBANK1   001E6
TempDemo@tick2                            cstackBANK1   001E2
TempDemo@tick3                            cstackBANK1   001DC
UnicastShortAddress@DestAddress           cstackBANK0   000AF
_ADCON0                                   (abs)         00FC2
_ADCON0bits                               (abs)         00FC2
_ADCON1                                   (abs)         00FC1
_ADRES                                    (abs)         00FC3
_ANCON0                                   (abs)         00F48
_ANCON1                                   (abs)         00F49
_ANCON1bits                               (abs)         00F49
_AcknowledgementAddr                      bssBANK1      0014D
_AcknowledgementSeq                       dataBANK1     001F5
_ActiveScanResultIndex                    bssCOMRAM     00035
_ActiveScanResults                        bssBANK2      00200
_AddNodeToNetworkTable                    text77        087B2
_AdditionalNodeID                         bssCOMRAM     00036
_BUTTON_Pressed                           text41        08088
_BankIndex                                dataCOMRAM    00040
_BroadcastJitter                          text74        08D12
_BroadcastRecords                         bssBANK1      00100
_ConnMode                                 bssCOMRAM     00037
_ConnectionEntry                          bssBANK1      00153
_ConnectionTable                          bssBANK2      0025A
_CurrentNodeIndex                         bssCOMRAM     00038
_DELAY_10us                               text13        09076
_DELAY_ms                                 text37        08E7A
_EECON2                                   (abs)         00FA7
_EEPROMRead                               text21        09900
_EEPROM_Val                               bssBANK1      001CD
_IEEESeqNum                               bssBANK1      00154
_INTCON2bits                              (abs)         00FF1
_INTCONbits                               (abs)         00FF2
_InitMRF24J40                             text64        06AEA
_InitSymbolTimer                          text48        09BF8
_LATAbits                                 (abs)         00F89
_LATCbits                                 (abs)         00F8B
_LATDbits                                 (abs)         00F8C
_LATEbits                                 (abs)         00F8D
_LCDText                                  bssBANK1      00191
_LCD_BacklightOFF                         text40        09C7C
_LCD_BacklightON                          text39        09C78
_LCD_Display                              text25        09626
_LCD_Erase                                text33        098C6
_LCD_Initialize                           text19        092B0
_LCD_Update                               text31        08FCE
_LCD_WriteCmd                             text35        09C22
_LCD_WriteData                            text32        09C0E
_MACCurrentChannel                        bssBANK1      00155
_MACInitParams                            bssBANK1      0014A
_MACRxPacket                              bssCOMRAM     00021
_MAC_PANID                                bssBANK1      001D0
_MRF24J40Status                           bssCOMRAM     00039
_MTP                                      bssCOMRAM     0002C
_MiApp_BroadcastPacket                    text15        089C4
_MiApp_ConnectionMode                     text83        09A94
_MiApp_DiscardMessage                     text81        09C70
_MiApp_EstablishConnection                text49        05610
_MiApp_MessageAvailable                   text53        09C36
_MiApp_NoiseDetection                     text43        0798E
_MiApp_ProtocolInit                       text46        07DA4
_MiApp_SearchConnection                   text52        0754A
_MiApp_SetChannel                         text69        09B66
_MiApp_StartConnection                    text42        088BC
_MiApp_UnicastAddress                     text51        05FA8
_MiApp_UnicastConnection                  text24        0777E
_MiMAC_ChannelAssessment                  text45        097BE
_MiMAC_DiscardPacket                      text82        09BC2
_MiMAC_Init                               text47        09774
_MiMAC_ReceivedPacket                     text68        03F86
_MiMAC_SendPacket                         text62        05AE6
_MiMAC_SetAltAddress                      text63        09490
_MiMAC_SetChannel                         text70        0967C
_MiWiAckRequired                          bssBANK1      00156
_MiWiCapacityInfo                         bssBANK1      00157
_MiWiSeqNum                               bssCOMRAM     0003A
_MiWiStateMachine                         bssCOMRAM     00033
_MiWiTasks                                text54        001F6
_MiWi_TickGet                             text76        09420
_NetFreezerEnable                         bssBANK1      00158
_NodeTemp                                 bssBANK2      0023C
_OSCCON                                   (abs)         00FD3
_OSCTUNEbits                              (abs)         00F9B
_OpenSocket                               text50        063EA
_PHYGetLongRAMAddr                        text66        094FE
_PHYGetShortRAMAddr                       text65        0996E
_PHYSetLongRAMAddr                        text72        095C4
_PHYSetShortRAMAddr                       text71        099D8
_PIE1bits                                 (abs)         00F9D
_PIR1bits                                 (abs)         00F9E
_PIR3bits                                 (abs)         00FA4
_PORTBbits                                (abs)         00F81
_PPSCONbits                               (abs)         00EFF
_PrintTempLCD                             text14        07B9E
_RPINR1                                   (abs)         00EE7
_RPINR21                                  (abs)         00EFB
_RPOR19                                   (abs)         00ED9
_RPOR21                                   (abs)         00EDB
_RangeDemo                                text23        04BF2
_ReadTempSensor                           text3         0705A
_Read_MAC_Address                         text20        08598
_Read_VBGVoltage                          text2         0988A
_RouteMessage                             text56        05134
_RouterFailures                           bssBANK1      0012A
_RoutingTable                             bssBANK1      00132
_RxBuffer                                 bssBANK3      00300
_SPIGet                                   text67        09C5C
_SPIGet2                                  text22        09C52
_SPIPut                                   text73        09BA6
_SPIPut2                                  text36        09B8A
_SSP1BUF                                  (abs)         00FC9
_SSP1CON1                                 (abs)         00FC6
_SSP1CON1bits                             (abs)         00FC6
_SSP1STAT                                 (abs)         00FC7
_SSP2BUF                                  (abs)         00F75
_SSP2CON1                                 (abs)         00F72
_SSP2CON1bits                             (abs)         00F72
_SSP2STAT                                 (abs)         00F73
_SSTGetID                                 text17        09A68
_SST_Val                                  bssBANK1      001D6
_SYSTEM_Initialize                        text18        08DCC
_SaveIndirectMessage                      text58        06DAA
_ScanTime                                 mediumconst   0FBA7
_SearchForLongAddress                     text80        08AC0
_SearchForShortAddress                    text79        09228
_SelfTest                                 text16        067D2
_SendBeacon                               text57        08470
_SendIndirectPacket                       text59        03828
_SendMACPacket                            text61        08F24
_T1CON                                    (abs)         00FCD
_T1CONbits                                (abs)         00FCD
_TMR0L                                    (abs)         00FD6
_TMR1H                                    (abs)         00FCF
_TMR1L                                    (abs)         00FCE
_TRISAbits                                (abs)         00F92
_TRISBbits                                (abs)         00F93
_TRISCbits                                (abs)         00F94
_TRISDbits                                (abs)         00F95
_TRISEbits                                (abs)         00F96
_TempDemo                                 text1         04658
_TxBuffer                                 bssBANK1      0015E
_TxData                                   bssBANK0      000FA
_UnicastShortAddress                      text55        09110
_UserInterruptHandler                     text90        09C80
_WDTCONbits                               (abs)         00FC0
__CFG_CPUDIV$OSC3_PLL3                    (abs)         00000
__CFG_OSC$INTOSCPLL                       (abs)         00000
__CFG_PLLDIV$2                            (abs)         00000
__CFG_WDTEN$OFF                           (abs)         00000
__CFG_WDTPS$2048                          (abs)         00000
__CFG_XINST$OFF                           (abs)         00000
__HRAM                                    (abs)         00000
__Habs1                                   abs1          00000
__Hbank0                                  bank0         00000
__Hbank1                                  bank1         00000
__Hbank10                                 bank10        00000
__Hbank11                                 bank11        00000
__Hbank12                                 bank12        00000
__Hbank13                                 bank13        00000
__Hbank14                                 bank14        00000
__Hbank2                                  bank2         00000
__Hbank3                                  bank3         00000
__Hbank4                                  bank4         00000
__Hbank5                                  bank5         00000
__Hbank6                                  bank6         00000
__Hbank7                                  bank7         00000
__Hbank8                                  bank8         00000
__Hbank9                                  bank9         00000
__Hbigbss                                 bigbss        00000
__Hbigdata                                bigdata       00000
__Hbigram                                 bigram        00000
__Hbss                                    bss           00000
__HbssBANK0                               bssBANK0      00000
__HbssBANK1                               bssBANK1      00000
__HbssBANK2                               bssBANK2      00000
__HbssBANK3                               bssBANK3      00000
__HbssBANK4                               bssBANK4      00000
__HbssCOMRAM                              bssCOMRAM     00000
__Hcinit                                  cinit         00000
__Hclrtext                                clrtext       00000
__Hcomram                                 comram        00000
__Hconfig                                 config        10000
__Hconst                                  const         00000
__HcstackBANK0                            cstackBANK0   00000
__HcstackBANK1                            cstackBANK1   00000
__HcstackBANK3                            cstackBANK3   00000
__HcstackCOMRAM                           cstackCOMRAM  00000
__Hdata                                   data          00000
__HdataBANK1                              dataBANK1     00000
__HdataCOMRAM                             dataCOMRAM    00000
__Hend_init                               end_init      001F6
__Hfarbss                                 farbss        00000
__Hfardata                                fardata       00000
__Hibigdata                               ibigdata      00000
__Hidata                                  idata         00000
__HidataBANK1                             idataBANK1    00000
__HidataCOMRAM                            idataCOMRAM   00000
__Hidloc                                  idloc         00000
__Hifardata                               ifardata      00000
__Hinit                                   init          001F2
__Hintcode                                intcode       001F2
__Hintcode_body                           intcode_body  00000
__Hintcodelo                              intcodelo     001F2
__Hintentry                               intentry      00000
__Hintret                                 intret        00000
__Hintsave_regs                           intsave_regs  00000
__Hirdata                                 irdata        00000
__Hjflash_buffer                          jflash_buffer 0F800
__Hmediumconst                            mediumconst   0FFF8
__HnvFARRAM                               nvFARRAM      00000
__Hnvbit                                  nvbit         00000
__Hnvrram                                 nvrram        00000
__Hparam                                  rparam        00000
__Hpowerup                                powerup       001F2
__Hram                                    ram           00000
__Hramtop                                 ramtop        00F00
__Hrbit                                   rbit          00000
__Hrbss                                   rbss          00000
__Hrdata                                  rdata         00000
__Hreset_vec                              reset_vec     00004
__Hrparam                                 rparam        00000
__Hsfr                                    sfr           00000
__Hsmallconst                             smallconst    00000
__Hspace_0                                (abs)         10000
__Hspace_1                                (abs)         00486
__Hspace_2                                (abs)         00000
__Hstack                                  stack         00000
__Hstruct                                 struct        00000
__Htemp                                   temp          00042
__Htext                                   text          00000
__Htext0                                  text0         00000
__Htext1                                  text1         00000
__Htext10                                 text10        00000
__Htext11                                 text11        00000
__Htext12                                 text12        00000
__Htext13                                 text13        00000
__Htext14                                 text14        00000
__Htext15                                 text15        00000
__Htext16                                 text16        00000
__Htext17                                 text17        00000
__Htext18                                 text18        00000
__Htext19                                 text19        00000
__Htext2                                  text2         00000
__Htext20                                 text20        00000
__Htext21                                 text21        00000
__Htext22                                 text22        00000
__Htext23                                 text23        00000
__Htext24                                 text24        00000
__Htext25                                 text25        00000
__Htext26                                 text26        00000
__Htext27                                 text27        00000
__Htext28                                 text28        00000
__Htext29                                 text29        00000
__Htext3                                  text3         00000
__Htext30                                 text30        00000
__Htext31                                 text31        00000
__Htext32                                 text32        00000
__Htext33                                 text33        00000
__Htext34                                 text34        00000
__Htext35                                 text35        00000
__Htext36                                 text36        00000
__Htext37                                 text37        00000
__Htext38                                 text38        00000
__Htext39                                 text39        00000
__Htext4                                  text4         00000
__Htext40                                 text40        00000
__Htext41                                 text41        00000
__Htext42                                 text42        00000
__Htext43                                 text43        00000
__Htext44                                 text44        00000
__Htext45                                 text45        00000
__Htext46                                 text46        00000
__Htext47                                 text47        00000
__Htext48                                 text48        00000
__Htext49                                 text49        00000
__Htext5                                  text5         00000
__Htext50                                 text50        00000
__Htext51                                 text51        00000
__Htext52                                 text52        00000
__Htext53                                 text53        00000
__Htext54                                 text54        00000
__Htext55                                 text55        00000
__Htext56                                 text56        00000
__Htext57                                 text57        00000
__Htext58                                 text58        00000
__Htext59                                 text59        00000
__Htext6                                  text6         00000
__Htext60                                 text60        00000
__Htext61                                 text61        00000
__Htext62                                 text62        00000
__Htext63                                 text63        00000
__Htext64                                 text64        00000
__Htext65                                 text65        00000
__Htext66                                 text66        00000
__Htext67                                 text67        00000
__Htext68                                 text68        00000
__Htext69                                 text69        00000
__Htext7                                  text7         00000
__Htext70                                 text70        00000
__Htext71                                 text71        00000
__Htext72                                 text72        00000
__Htext73                                 text73        00000
__Htext74                                 text74        00000
__Htext75                                 text75        00000
__Htext76                                 text76        00000
__Htext77                                 text77        00000
__Htext78                                 text78        00000
__Htext79                                 text79        00000
__Htext8                                  text8         00000
__Htext80                                 text80        00000
__Htext81                                 text81        00000
__Htext82                                 text82        00000
__Htext83                                 text83        00000
__Htext85                                 text85        00000
__Htext86                                 text86        00000
__Htext87                                 text87        00000
__Htext88                                 text88        00000
__Htext89                                 text89        00000
__Htext9                                  text9         00000
__Htext90                                 text90        00000
__LRAM                                    (abs)         00001
__Labs1                                   abs1          00000
__Lbank0                                  bank0         00000
__Lbank1                                  bank1         00000
__Lbank10                                 bank10        00000
__Lbank11                                 bank11        00000
__Lbank12                                 bank12        00000
__Lbank13                                 bank13        00000
__Lbank14                                 bank14        00000
__Lbank2                                  bank2         00000
__Lbank3                                  bank3         00000
__Lbank4                                  bank4         00000
__Lbank5                                  bank5         00000
__Lbank6                                  bank6         00000
__Lbank7                                  bank7         00000
__Lbank8                                  bank8         00000
__Lbank9                                  bank9         00000
__Lbigbss                                 bigbss        00000
__Lbigdata                                bigdata       00000
__Lbigram                                 bigram        00000
__Lbss                                    bss           00000
__LbssBANK0                               bssBANK0      00000
__LbssBANK1                               bssBANK1      00000
__LbssBANK2                               bssBANK2      00000
__LbssBANK3                               bssBANK3      00000
__LbssBANK4                               bssBANK4      00000
__LbssCOMRAM                              bssCOMRAM     00000
__Lcinit                                  cinit         00000
__Lclrtext                                clrtext       00000
__Lcomram                                 comram        00000
__Lconfig                                 config        0FFF8
__Lconst                                  const         00000
__LcstackBANK0                            cstackBANK0   00000
__LcstackBANK1                            cstackBANK1   00000
__LcstackBANK3                            cstackBANK3   00000
__LcstackCOMRAM                           cstackCOMRAM  00000
__Ldata                                   data          00000
__LdataBANK1                              dataBANK1     00000
__LdataCOMRAM                             dataCOMRAM    00000
__Lend_init                               end_init      001F2
__Lfarbss                                 farbss        00000
__Lfardata                                fardata       00000
__Libigdata                               ibigdata      00000
__Lidata                                  idata         00000
__LidataBANK1                             idataBANK1    00000
__LidataCOMRAM                            idataCOMRAM   00000
__Lidloc                                  idloc         00000
__Lifardata                               ifardata      00000
__Linit                                   init          001F2
__Lintcode                                intcode       00008
__Lintcode_body                           intcode_body  00000
__Lintcodelo                              intcodelo     001F2
__Lintentry                               intentry      00000
__Lintret                                 intret        00000
__Lintsave_regs                           intsave_regs  00000
__Lirdata                                 irdata        00000
__Ljflash_buffer                          jflash_buffer 0F800
__Lmediumconst                            mediumconst   0FBA6
__LnvFARRAM                               nvFARRAM      00000
__Lnvbit                                  nvbit         00000
__Lnvrram                                 nvrram        00000
__Lparam                                  rparam        00000
__Lpowerup                                powerup       001F2
__Lram                                    ram           00000
__Lramtop                                 ramtop        00F00
__Lrbit                                   rbit          00000
__Lrbss                                   rbss          00000
__Lrdata                                  rdata         00000
__Lreset_vec                              reset_vec     00000
__Lrparam                                 rparam        00000
__Lsfr                                    sfr           00000
__Lsmallconst                             smallconst    00000
__Lspace_0                                (abs)         00000
__Lspace_1                                (abs)         00000
__Lspace_2                                (abs)         00000
__Lstack                                  stack         00000
__Lstruct                                 struct        00000
__Ltemp                                   temp          00041
__Ltext                                   text          00000
__Ltext0                                  text0         00000
__Ltext1                                  text1         00000
__Ltext10                                 text10        00000
__Ltext11                                 text11        00000
__Ltext12                                 text12        00000
__Ltext13                                 text13        00000
__Ltext14                                 text14        00000
__Ltext15                                 text15        00000
__Ltext16                                 text16        00000
__Ltext17                                 text17        00000
__Ltext18                                 text18        00000
__Ltext19                                 text19        00000
__Ltext2                                  text2         00000
__Ltext20                                 text20        00000
__Ltext21                                 text21        00000
__Ltext22                                 text22        00000
__Ltext23                                 text23        00000
__Ltext24                                 text24        00000
__Ltext25                                 text25        00000
__Ltext26                                 text26        00000
__Ltext27                                 text27        00000
__Ltext28                                 text28        00000
__Ltext29                                 text29        00000
__Ltext3                                  text3         00000
__Ltext30                                 text30        00000
__Ltext31                                 text31        00000
__Ltext32                                 text32        00000
__Ltext33                                 text33        00000
__Ltext34                                 text34        00000
__Ltext35                                 text35        00000
__Ltext36                                 text36        00000
__Ltext37                                 text37        00000
__Ltext38                                 text38        00000
__Ltext39                                 text39        00000
__Ltext4                                  text4         00000
__Ltext40                                 text40        00000
__Ltext41                                 text41        00000
__Ltext42                                 text42        00000
__Ltext43                                 text43        00000
__Ltext44                                 text44        00000
__Ltext45                                 text45        00000
__Ltext46                                 text46        00000
__Ltext47                                 text47        00000
__Ltext48                                 text48        00000
__Ltext49                                 text49        00000
__Ltext5                                  text5         00000
__Ltext50                                 text50        00000
__Ltext51                                 text51        00000
__Ltext52                                 text52        00000
__Ltext53                                 text53        00000
__Ltext54                                 text54        00000
__Ltext55                                 text55        00000
__Ltext56                                 text56        00000
__Ltext57                                 text57        00000
__Ltext58                                 text58        00000
__Ltext59                                 text59        00000
__Ltext6                                  text6         00000
__Ltext60                                 text60        00000
__Ltext61                                 text61        00000
__Ltext62                                 text62        00000
__Ltext63                                 text63        00000
__Ltext64                                 text64        00000
__Ltext65                                 text65        00000
__Ltext66                                 text66        00000
__Ltext67                                 text67        00000
__Ltext68                                 text68        00000
__Ltext69                                 text69        00000
__Ltext7                                  text7         00000
__Ltext70                                 text70        00000
__Ltext71                                 text71        00000
__Ltext72                                 text72        00000
__Ltext73                                 text73        00000
__Ltext74                                 text74        00000
__Ltext75                                 text75        00000
__Ltext76                                 text76        00000
__Ltext77                                 text77        00000
__Ltext78                                 text78        00000
__Ltext79                                 text79        00000
__Ltext8                                  text8         00000
__Ltext80                                 text80        00000
__Ltext81                                 text81        00000
__Ltext82                                 text82        00000
__Ltext83                                 text83        00000
__Ltext85                                 text85        00000
__Ltext86                                 text86        00000
__Ltext87                                 text87        00000
__Ltext88                                 text88        00000
__Ltext89                                 text89        00000
__Ltext9                                  text9         00000
__Ltext90                                 text90        00000
__S0                                      (abs)         10000
__S1                                      (abs)         00486
__S2                                      (abs)         00000
___awdiv                                  text44        08C54
___awdiv@counter                          cstackBANK0   00064
___awdiv@dividend                         cstackBANK0   00060
___awdiv@divisor                          cstackBANK0   00062
___awdiv@quotient                         cstackBANK0   00066
___awdiv@sign                             cstackBANK0   00065
___ftadd                                  text11        072E2
___ftadd@exp1                             cstackBANK0   0007A
___ftadd@exp2                             cstackBANK0   00079
___ftadd@f1                               cstackBANK0   0006F
___ftadd@f2                               cstackBANK0   00072
___ftadd@sign                             cstackBANK0   00078
___ftdiv                                  text10        081E0
___ftdiv@cntr                             cstackBANK0   00084
___ftdiv@exp                              cstackBANK0   00088
___ftdiv@f1                               cstackBANK0   0007B
___ftdiv@f2                               cstackBANK0   0007E
___ftdiv@f3                               cstackBANK0   00085
___ftdiv@sign                             cstackBANK0   00089
___ftge                                   text9         08B8C
___ftge@ff1                               cstackBANK0   00060
___ftge@ff2                               cstackBANK0   00063
___ftmul                                  text8         07F2A
___ftmul@cntr                             cstackBANK0   00088
___ftmul@exp                              cstackBANK0   00084
___ftmul@f1                               cstackBANK0   0007B
___ftmul@f2                               cstackBANK0   0007E
___ftmul@f3_as_product                    cstackBANK0   00085
___ftmul@sign                             cstackBANK0   00089
___ftneg                                  text7         09A0A
___ftneg@f1                               cstackBANK0   0006C
___ftpack                                 text12        086A6
___ftpack@arg                             cstackBANK0   00060
___ftpack@exp                             cstackBANK0   00063
___ftpack@sign                            cstackBANK0   00064
___fttol                                  text6         0832C
___fttol@exp1                             cstackBANK0   0006E
___fttol@f1                               cstackBANK0   00060
___fttol@lval                             cstackBANK0   0006A
___fttol@sign1                            cstackBANK0   00069
___inthi_sp                               stack         00000
___intlo_sp                               stack         00000
___lbmod                                  text75        09806
___lbmod@counter                          cstackBANK0   00062
___lbmod@dividend                         cstackBANK0   00061
___lbmod@divisor                          cstackBANK0   00060
___lbmod@rem                              cstackBANK0   00063
___lbtoft                                 text5         09A3A
___lbtoft@c                               cstackBANK0   0006B
___lmul                                   text38        093AA
___lmul@multiplicand                      cstackBANK0   00064
___lmul@multiplier                        cstackBANK0   00060
___lmul@product                           cstackBANK0   00068
___lwdiv                                  text30        09332
___lwdiv@counter                          cstackBANK0   00064
___lwdiv@dividend                         cstackBANK0   00060
___lwdiv@divisor                          cstackBANK0   00062
___lwdiv@quotient                         cstackBANK0   00065
___lwmod                                  text29        09562
___lwmod@counter                          cstackBANK0   0006B
___lwmod@dividend                         cstackBANK0   00067
___lwmod@divisor                          cstackBANK0   00069
___lwtoft                                 text4         09AC0
___lwtoft@c                               cstackBANK0   00068
___param_bank                             (abs)         00010
___rparam_used                            (abs)         00001
___sp                                     stack         00000
___wmul                                   text28        09938
___wmul@multiplicand                      cstackBANK0   00062
___wmul@multiplier                        cstackBANK0   00060
___wmul@product                           cstackBANK0   00064
__accesstop                               (abs)         00060
__activetblptr                            (abs)         00002
__end_of_AddNodeToNetworkTable            text77        088BC
__end_of_BUTTON_Pressed                   text41        081E0
__end_of_BroadcastJitter                  text74        08DCC
__end_of_DELAY_10us                       text13        09110
__end_of_DELAY_ms                         text37        08F24
__end_of_EEPROMRead                       text21        09938
__end_of_InitMRF24J40                     text64        06DAA
__end_of_InitSymbolTimer                  text48        09C0E
__end_of_LCD_BacklightOFF                 text40        09C80
__end_of_LCD_BacklightON                  text39        09C7C
__end_of_LCD_Display                      text25        0967C
__end_of_LCD_Erase                        text33        09900
__end_of_LCD_Initialize                   text19        09332
__end_of_LCD_Update                       text31        09076
__end_of_LCD_WriteCmd                     text35        09C36
__end_of_LCD_WriteData                    text32        09C22
__end_of_MiApp_BroadcastPacket            text15        08AC0
__end_of_MiApp_ConnectionMode             text83        09AC0
__end_of_MiApp_DiscardMessage             text81        09C78
__end_of_MiApp_EstablishConnection        text49        05AE6
__end_of_MiApp_MessageAvailable           text53        09C46
__end_of_MiApp_NoiseDetection             text43        07B9E
__end_of_MiApp_ProtocolInit               text46        07F2A
__end_of_MiApp_SearchConnection           text52        0777E
__end_of_MiApp_SetChannel                 text69        09B8A
__end_of_MiApp_StartConnection            text42        089C4
__end_of_MiApp_UnicastAddress             text51        063EA
__end_of_MiApp_UnicastConnection          text24        0798E
__end_of_MiMAC_ChannelAssessment          text45        09806
__end_of_MiMAC_DiscardPacket              text82        09BDE
__end_of_MiMAC_Init                       text47        097BE
__end_of_MiMAC_ReceivedPacket             text68        04658
__end_of_MiMAC_SendPacket                 text62        05FA8
__end_of_MiMAC_SetAltAddress              text63        094FE
__end_of_MiMAC_SetChannel                 text70        096D0
__end_of_MiWiTasks                        text54        01DE8
__end_of_MiWi_TickGet                     text76        09490
__end_of_OpenSocket                       text50        067D2
__end_of_PHYGetLongRAMAddr                text66        09562
__end_of_PHYGetShortRAMAddr               text65        099A4
__end_of_PHYSetLongRAMAddr                text72        09626
__end_of_PHYSetShortRAMAddr               text71        09A0A
__end_of_PrintTempLCD                     text14        07DA4
__end_of_RangeDemo                        text23        05134
__end_of_ReadTempSensor                   text3         072E2
__end_of_Read_MAC_Address                 text20        086A6
__end_of_Read_VBGVoltage                  text2         098C6
__end_of_RouteMessage                     text56        05610
__end_of_SPIGet                           text67        09C66
__end_of_SPIGet2                          text22        09C5C
__end_of_SPIPut                           text73        09BC2
__end_of_SPIPut2                          text36        09BA6
__end_of_SSTGetID                         text17        09A94
__end_of_SYSTEM_Initialize                text18        08E7A
__end_of_SaveIndirectMessage              text58        0705A
__end_of_ScanTime                         mediumconst   0FBE3
__end_of_SearchForLongAddress             text80        08B8C
__end_of_SearchForShortAddress            text79        092B0
__end_of_SelfTest                         text16        06AEA
__end_of_SendBeacon                       text57        08598
__end_of_SendIndirectPacket               text59        03F86
__end_of_SendMACPacket                    text61        08FCE
__end_of_TempDemo                         text1         04BF2
__end_of_UnicastShortAddress              text55        0919E
__end_of_UserInterruptHandler             text90        09C82
__end_of___awdiv                          text44        08D12
__end_of___ftadd                          text11        0754A
__end_of___ftdiv                          text10        0832C
__end_of___ftge                           text9         08C54
__end_of___ftmul                          text8         08088
__end_of___ftneg                          text7         09A3A
__end_of___ftpack                         text12        087B2
__end_of___fttol                          text6         08470
__end_of___lbmod                          text75        0984A
__end_of___lbtoft                         text5         09A68
__end_of___lmul                           text38        09420
__end_of___lwdiv                          text30        093AA
__end_of___lwmod                          text29        095C4
__end_of___lwtoft                         text4         09AEA
__end_of___wmul                           text28        0996E
__end_of__initialization                  cinit         0921A
__end_of_dpowers                          mediumconst   0FBF9
__end_of_findNextNetworkEntry             text78        0988A
__end_of_hexpowers                        mediumconst   0FC01
__end_of_high_isr                         intcode       001F2
__end_of_isSameAddress                    text60        09722
__end_of_isdigit                          text27        09B14
__end_of_main                             text0         02DEA
__end_of_memset                           text34        099D8
__end_of_octpowers                        mediumconst   0FBEF
__end_of_sprintf                          text26        03828
__end_ofi2_PHYGetLongRAMAddr              text87        09774
__end_ofi2_PHYGetShortRAMAddr             text86        09B3E
__end_ofi2_PHYSetShortRAMAddr             text85        09B66
__end_ofi2_SPIGet                         text88        09C70
__end_ofi2_SPIPut                         text89        09BF8
__initialization                          cinit         0919E
__mediumconst                             mediumconst   0FBA6
__pbssBANK0                               bssBANK0      000FA
__pbssBANK1                               bssBANK1      00100
[...]


 *************** function _high_isr *****************
 Defined at:
		line 1852 in file "../../../../../../framework/driver/mrf_miwi/src/drv_mrf_miwi_24j40.c"
 Parameters:    Size  Location     Type
		None
 Auto vars:     Size  Location     Type
  results         1   27[COMRAM] struct _DRIVER_UINT8_UNI
  RxBank          1   30[COMRAM] unsigned char 
  flags           2   28[COMRAM] struct .
  i               1   31[COMRAM] unsigned char 
 Return value:  Size  Location     Type
		None               void
 Registers used:
		wreg, fsr2l, fsr2h, status,2, status,0, prodl, prodh, cstack
 Tracked objects:
		On entry : 
		On exit  : 
		Unchanged: 
 Data sizes:     COMRAM   BANK0   BANK1   BANK2   BANK3   BANK4   BANK5   BANK6   BANK7   BANK8   BANK9  BANK10  BANK11  BANK12  BANK13  BANK14
      Params:         0       0       0       0       0       0       0       0       0       0       0       0       0       0       0       0
      Locals:         5       0       0       0       0       0       0       0       0       0       0       0       0       0       0       0
      Temps:         19       0       0       0       0       0       0       0       0       0       0       0       0       0       0       0
      Totals:        24       0       0       0       0       0       0       0       0       0       0       0       0       0       0       0
Total ram usage:       24 bytes
 Hardware stack levels used:    1
 Hardware stack levels required when called:    3
 This function calls:
		_UserInterruptHandler
		i2_PHYGetLongRAMAddr
		i2_PHYGetShortRAMAddr
		i2_PHYSetShortRAMAddr
 This function is called by:
		Interrupt level 2
 This function uses a non-reentrant model


 *************** function i2_PHYSetShortRAMAddr *****************
 Defined at:
		line 124 in file "../../../../../../framework/driver/mrf_miwi/src/drv_mrf_miwi_24j40.c"
 Parameters:    Size  Location     Type
  address         1    wreg     unsigned char 
  value           1    2[COMRAM] unsigned char 
 Auto vars:     Size  Location     Type
  address         1    3[COMRAM] unsigned char 
  PHYSetShortR    1    4[COMRAM] volatile unsigned char 
 Return value:  Size  Location     Type
		None               void
 Registers used:
		wreg, status,2, cstack
 Tracked objects:
		On entry : 
		On exit  : 
		Unchanged: 
 Data sizes:     COMRAM   BANK0   BANK1   BANK2   BANK3   BANK4   BANK5   BANK6   BANK7   BANK8   BANK9  BANK10  BANK11  BANK12  BANK13  BANK14
      Params:         1       0       0       0       0       0       0       0       0       0       0       0       0       0       0       0
      Locals:         2       0       0       0       0       0       0       0       0       0       0       0       0       0       0       0
      Temps:          0       0       0       0       0       0       0       0       0       0       0       0       0       0       0       0
      Totals:         3       0       0       0       0       0       0       0       0       0       0       0       0       0       0       0
Total ram usage:        3 bytes
 Hardware stack levels used:    1
 Hardware stack levels required when called:    1
 This function calls:
		i2_SPIPut
 This function is called by:
		_high_isr
 This function uses a non-reentrant model


 *************** function i2_PHYGetShortRAMAddr *****************
 Defined at:
		line 154 in file "../../../../../../framework/driver/mrf_miwi/src/drv_mrf_miwi_24j40.c"
 Parameters:    Size  Location     Type
  address         1    wreg     unsigned char 
 Auto vars:     Size  Location     Type
  address         1    2[COMRAM] unsigned char 
  PHYGetShortR    1    4[COMRAM] volatile unsigned char 
  PHYGetShortR    1    3[COMRAM] unsigned char 
 Return value:  Size  Location     Type
                  1    wreg      unsigned char 
 Registers used:
		wreg, status,2, cstack
 Tracked objects:
		On entry : 
		On exit  : 
		Unchanged: 
 Data sizes:     COMRAM   BANK0   BANK1   BANK2   BANK3   BANK4   BANK5   BANK6   BANK7   BANK8   BANK9  BANK10  BANK11  BANK12  BANK13  BANK14
      Params:         0       0       0       0       0       0       0       0       0       0       0       0       0       0       0       0
      Locals:         3       0       0       0       0       0       0       0       0       0       0       0       0       0       0       0
      Temps:          0       0       0       0       0       0       0       0       0       0       0       0       0       0       0       0
      Totals:         3       0       0       0       0       0       0       0       0       0       0       0       0       0       0       0
Total ram usage:        3 bytes
 Hardware stack levels used:    1
 Hardware stack levels required when called:    2
 This function calls:
		i2_SPIGet
		i2_SPIPut
 This function is called by:
		_high_isr
 This function uses a non-reentrant model


 *************** function i2_PHYGetLongRAMAddr *****************
 Defined at:
		line 185 in file "../../../../../../framework/driver/mrf_miwi/src/drv_mrf_miwi_24j40.c"
 Parameters:    Size  Location     Type
  address         2    2[COMRAM] unsigned int 
 Auto vars:     Size  Location     Type
  PHYGetLongRA    1    7[COMRAM] volatile unsigned char 
  PHYGetLongRA    1    6[COMRAM] unsigned char 
 Return value:  Size  Location     Type
                  1    wreg      unsigned char 
 Registers used:
		wreg, status,2, status,0, cstack
 Tracked objects:
		On entry : 
		On exit  : 
		Unchanged: 
 Data sizes:     COMRAM   BANK0   BANK1   BANK2   BANK3   BANK4   BANK5   BANK6   BANK7   BANK8   BANK9  BANK10  BANK11  BANK12  BANK13  BANK14
      Params:         2       0       0       0       0       0       0       0       0       0       0       0       0       0       0       0
      Locals:         2       0       0       0       0       0       0       0       0       0       0       0       0       0       0       0
      Temps:          2       0       0       0       0       0       0       0       0       0       0       0       0       0       0       0
      Totals:         6       0       0       0       0       0       0       0       0       0       0       0       0       0       0       0
Total ram usage:        6 bytes
 Hardware stack levels used:    1
 Hardware stack levels required when called:    2
 This function calls:
		i2_SPIGet
		i2_SPIPut
 This function is called by:
		_high_isr
 This function uses a non-reentrant model


 *************** function i2_SPIGet *****************
 Defined at:
		line 102 in file "../src/system_config/miwikit_pic18f46j50_24j40/spi.c"
 Parameters:    Size  Location     Type
		None
 Auto vars:     Size  Location     Type
		None
 Return value:  Size  Location     Type
                  1    wreg      unsigned char 
 Registers used:
		wreg, status,2, cstack
 Tracked objects:
		On entry : 
		On exit  : 
		Unchanged: 
 Data sizes:     COMRAM   BANK0   BANK1   BANK2   BANK3   BANK4   BANK5   BANK6   BANK7   BANK8   BANK9  BANK10  BANK11  BANK12  BANK13  BANK14
      Params:         0       0       0       0       0       0       0       0       0       0       0       0       0       0       0       0
      Locals:         0       0       0       0       0       0       0       0       0       0       0       0       0       0       0       0
      Temps:          0       0       0       0       0       0       0       0       0       0       0       0       0       0       0       0
      Totals:         0       0       0       0       0       0       0       0       0       0       0       0       0       0       0       0
Total ram usage:        0 bytes
 Hardware stack levels used:    1
 Hardware stack levels required when called:    1
 This function calls:
		i2_SPIPut
 This function is called by:
		i2_PHYGetShortRAMAddr
		i2_PHYGetLongRAMAddr
 This function uses a non-reentrant model


 *************** function i2_SPIPut *****************
 Defined at:
		line 45 in file "../src/system_config/miwikit_pic18f46j50_24j40/spi.c"
 Parameters:    Size  Location     Type
  v               1    wreg     unsigned char 
 Auto vars:     Size  Location     Type
  v               1    1[COMRAM] unsigned char 
  SPIPut          1    0[COMRAM] unsigned char 
 Return value:  Size  Location     Type
		None               void
 Registers used:
		wreg
 Tracked objects:
		On entry : 
		On exit  : 
		Unchanged: 
 Data sizes:     COMRAM   BANK0   BANK1   BANK2   BANK3   BANK4   BANK5   BANK6   BANK7   BANK8   BANK9  BANK10  BANK11  BANK12  BANK13  BANK14
      Params:         0       0       0       0       0       0       0       0       0       0       0       0       0       0       0       0
      Locals:         2       0       0       0       0       0       0       0       0       0       0       0       0       0       0       0
      Temps:          0       0       0       0       0       0       0       0       0       0       0       0       0       0       0       0
      Totals:         2       0       0       0       0       0       0       0       0       0       0       0       0       0       0       0
Total ram usage:        2 bytes
 Hardware stack levels used:    1
 This function calls:
		Nothing
 This function is called by:
		i2_PHYSetShortRAMAddr
		i2_PHYGetShortRAMAddr
		i2_PHYGetLongRAMAddr
		i2_SPIGet
 This function uses a non-reentrant model


 *************** function _UserInterruptHandler *****************
 Defined at:
		line 186 in file "../src/system_config/miwikit_pic18f46j50_24j40/lcd.c"
 Parameters:    Size  Location     Type
		None
 Auto vars:     Size  Location     Type
		None
 Return value:  Size  Location     Type
		None               void
 Registers used:
		None
 Tracked objects:
		On entry : 
		On exit  : 
		Unchanged: 
 Data sizes:     COMRAM   BANK0   BANK1   BANK2   BANK3   BANK4   BANK5   BANK6   BANK7   BANK8   BANK9  BANK10  BANK11  BANK12  BANK13  BANK14
      Params:         0       0       0       0       0       0       0       0       0       0       0       0       0       0       0       0
      Locals:         0       0       0       0       0       0       0       0       0       0       0       0       0       0       0       0
      Temps:          0       0       0       0       0       0       0       0       0       0       0       0       0       0       0       0
      Totals:         0       0       0       0       0       0       0       0       0       0       0       0       0       0       0       0
Total ram usage:        0 bytes
 Hardware stack levels used:    1
 This function calls:
		Nothing
 This function is called by:
		_high_isr
 This function uses a non-reentrant model



MODULE INFORMATION

Module		Function		Class		Link	Load	Size
../src/system_config/miwikit_pic18f46j50_24j40/lcd.c
		_LCD_BacklightOFF		CODE           	9C7C	0000	5
		_LCD_Erase     		CODE           	98C6	0000	59
		_LCD_Initialize		CODE           	92B0	0000	131
		_LCD_Update    		CODE           	8FCE	0000	169
		_LCD_Display   		CODE           	9626	0000	87
		_UserInterruptHandler		CODE           	9C80	0000	3
		_LCD_BacklightON		CODE           	9C78	0000	5
		_LCD_WriteCmd  		CODE           	9C22	0000	21
		_LCD_WriteData 		CODE           	9C0E	0000	21

../src/system_config/miwikit_pic18f46j50_24j40/lcd.c estimated size: 501

C:\Program Files (x86)\Microchip\xc8\v1.35\sources\common\awdiv.c
		___awdiv       		CODE           	8C54	0000	191

C:\Program Files (x86)\Microchip\xc8\v1.35\sources\common\awdiv.c estimated size: 191

../../../../../../framework/driver/mrf_miwi/src/drv_mrf_miwi_24j40.c
		_PHYGetLongRAMAddr		CODE           	94FE	0000	101
		_PHYSetLongRAMAddr		CODE           	95C4	0000	99
		_PHYGetShortRAMAddr		CODE           	996E	0000	55
		_PHYSetShortRAMAddr		CODE           	99D8	0000	51
		_InitMRF24J40  		CODE           	6AEA	0000	705
		_MiMAC_ReceivedPacket		CODE           	3F86	0000	1747
		_MiMAC_DiscardPacket		CODE           	9BC2	0000	29
		_high_isr      		CODE           	0008	0000	491
		_MiMAC_ChannelAssessment		CODE           	97BE	0000	73
		_MiMAC_SetChannel		CODE           	967C	0000	85
		_MiMAC_Init    		CODE           	9774	0000	75
		_MiMAC_SendPacket		CODE           	5AE6	0000	1219
		_MiMAC_SetAltAddress		CODE           	9490	0000	111

../../../../../../framework/driver/mrf_miwi/src/drv_mrf_miwi_24j40.c estimated size: 4841

../src/system_config/miwikit_pic18f46j50_24j40/system.c
		_SYSTEM_Initialize		CODE           	8DCC	0000	175

../src/system_config/miwikit_pic18f46j50_24j40/system.c estimated size: 175

C:\Program Files (x86)\Microchip\xc8\v1.35\sources\common\ftadd.c
		___ftadd       		CODE           	72E2	0000	617

C:\Program Files (x86)\Microchip\xc8\v1.35\sources\common\ftadd.c estimated size: 617

../src/system_config/miwikit_pic18f46j50_24j40/serial_flash.c
		_SSTGetID      		CODE           	9A68	0000	45

../src/system_config/miwikit_pic18f46j50_24j40/serial_flash.c estimated size: 45

C:\Program Files (x86)\Microchip\xc8\v1.35\sources\common\Umul32.c
		___lmul        		CODE           	93AA	0000	119

C:\Program Files (x86)\Microchip\xc8\v1.35\sources\common\Umul32.c estimated size: 119

C:\Program Files (x86)\Microchip\xc8\v1.35\sources\common\isdigit.c
		_isdigit       		CODE           	9AEA	0000	43

C:\Program Files (x86)\Microchip\xc8\v1.35\sources\common\isdigit.c estimated size: 43

C:\Program Files (x86)\Microchip\xc8\v1.35\sources\common\ftge.c
		___ftge        		CODE           	8B8C	0000	201

C:\Program Files (x86)\Microchip\xc8\v1.35\sources\common\ftge.c estimated size: 201

../src/system_config/miwikit_pic18f46j50_24j40/button.c
		_BUTTON_Pressed		CODE           	8088	0000	345

../src/system_config/miwikit_pic18f46j50_24j40/button.c estimated size: 345

C:\Program Files (x86)\Microchip\xc8\v1.35\sources\common\lwtoft.c
		___lwtoft      		CODE           	9AC0	0000	43

C:\Program Files (x86)\Microchip\xc8\v1.35\sources\common\lwtoft.c estimated size: 43

C:\Program Files (x86)\Microchip\xc8\v1.35\sources\common\ftneg.c
		___ftneg       		CODE           	9A0A	0000	49

C:\Program Files (x86)\Microchip\xc8\v1.35\sources\common\ftneg.c estimated size: 49

C:\Program Files (x86)\Microchip\xc8\v1.35\sources\common\lbtoft.c
		___lbtoft      		CODE           	9A3A	0000	47

C:\Program Files (x86)\Microchip\xc8\v1.35\sources\common\lbtoft.c estimated size: 47

C:\Program Files (x86)\Microchip\xc8\v1.35\sources\common\memset.c
		_memset        		CODE           	99A4	0000	53

C:\Program Files (x86)\Microchip\xc8\v1.35\sources\common\memset.c estimated size: 53

C:\Program Files (x86)\Microchip\xc8\v1.35\sources\common\float.c
		___ftpack      		CODE           	86A6	0000	269

C:\Program Files (x86)\Microchip\xc8\v1.35\sources\common\float.c estimated size: 269

C:\Program Files (x86)\Microchip\xc8\v1.35\sources\common\lwmod.c
		___lwmod       		CODE           	9562	0000	99

C:\Program Files (x86)\Microchip\xc8\v1.35\sources\common\lwmod.c estimated size: 99

../src/system_config/miwikit_pic18f46j50_24j40/delay.c
		_DELAY_ms      		CODE           	8E7A	0000	171
		_DELAY_10us    		CODE           	9076	0000	155

../src/system_config/miwikit_pic18f46j50_24j40/delay.c estimated size: 326

../../../../../../framework/miwi/src/miwi_mesh.c
		_MiApp_NoiseDetection		CODE           	798E	0000	529
		_UnicastShortAddress		CODE           	9110	0000	143
		_MiApp_EstablishConnection		CODE           	5610	0000	1239
		_MiApp_ProtocolInit		CODE           	7DA4	0000	391
		_MiApp_UnicastAddress		CODE           	5FA8	0000	1091
		_MiApp_StartConnection		CODE           	88BC	0000	265
		_SendMACPacket 		CODE           	8F24	0000	171
		_SendBeacon    		CODE           	8470	0000	297
		_SendIndirectPacket		CODE           	3828	0000	1887
		_SearchForLongAddress		CODE           	8AC0	0000	205
		_MiApp_BroadcastPacket		CODE           	89C4	0000	253
		_findNextNetworkEntry		CODE           	984A	0000	65
		_SearchForShortAddress		CODE           	9228	0000	137
		_MiApp_UnicastConnection		CODE           	777E	0000	529
		_OpenSocket    		CODE           	63EA	0000	1001
		_RouteMessage  		CODE           	5134	0000	1245
		_MiApp_SetChannel		CODE           	9B66	0000	37
		_SaveIndirectMessage		CODE           	6DAA	0000	689
		_MiWiTasks     		CODE           	01F6	0000	7155
		_MiApp_DiscardMessage		CODE           	9C70	0000	9
		_BroadcastJitter		CODE           	8D12	0000	187
		_MiApp_MessageAvailable		CODE           	9C36	0000	17
		_MiApp_SearchConnection		CODE           	754A	0000	565
		_isSameAddress 		CODE           	96D0	0000	83
		_AddNodeToNetworkTable		CODE           	87B2	0000	267
		_MiApp_ConnectionMode		CODE           	9A94	0000	45

../../../../../../framework/miwi/src/miwi_mesh.c estimated size: 18502

C:\Program Files (x86)\Microchip\xc8\v1.35\sources\common\doprnt.c
		_sprintf       		CODE           	2DEA	0000	2623

C:\Program Files (x86)\Microchip\xc8\v1.35\sources\common\doprnt.c estimated size: 2623

../src/system_config/miwikit_pic18f46j50_24j40/eeprom.c
		_EEPROMRead    		CODE           	9900	0000	57
		_Read_MAC_Address		CODE           	8598	0000	271

../src/system_config/miwikit_pic18f46j50_24j40/eeprom.c estimated size: 328

shared
		_dpowers       		MEDIUMCONST    	FBEF	0000	11
		_ScanTime      		MEDIUMCONST    	FBA7	0000	61
		i2_PHYGetShortRAMAddr		CODE           	9B14	0000	43
		i2_PHYGetLongRAMAddr		CODE           	9722	0000	83
		i2_PHYSetShortRAMAddr		CODE           	9B3E	0000	41
		__initialization		CODE           	919E	0000	125
		_octpowers     		MEDIUMCONST    	FBE3	0000	13
		i2_SPIGet      		CODE           	9C66	0000	11
		_hexpowers     		MEDIUMCONST    	FBF9	0000	9
		i2_SPIPut      		CODE           	9BDE	0000	27

shared estimated size: 424

../src/system_config/miwikit_pic18f46j50_24j40/symbol.c
		_InitSymbolTimer		CODE           	9BF8	0000	23
		_MiWi_TickGet  		CODE           	9420	0000	113

../src/system_config/miwikit_pic18f46j50_24j40/symbol.c estimated size: 136

C:\Program Files (x86)\Microchip\xc8\v1.35\sources\common\ftmul.c
		___ftmul       		CODE           	7F2A	0000	351

C:\Program Files (x86)\Microchip\xc8\v1.35\sources\common\ftmul.c estimated size: 351

C:\Program Files (x86)\Microchip\xc8\v1.35\sources\common\ftdiv.c
		___ftdiv       		CODE           	81E0	0000	333

C:\Program Files (x86)\Microchip\xc8\v1.35\sources\common\ftdiv.c estimated size: 333

../src/range_demo.c
		_RangeDemo     		CODE           	4BF2	0000	1347

../src/range_demo.c estimated size: 1347

C:\Program Files (x86)\Microchip\xc8\v1.35\sources\common\lwdiv.c
		___lwdiv       		CODE           	9332	0000	121

C:\Program Files (x86)\Microchip\xc8\v1.35\sources\common\lwdiv.c estimated size: 121

../src/system_config/miwikit_pic18f46j50_24j40/spi.c
		_SPIPut2       		CODE           	9B8A	0000	29
		_SPIGet        		CODE           	9C5C	0000	11
		_SPIGet2       		CODE           	9C52	0000	11
		_SPIPut        		CODE           	9BA6	0000	29

../src/system_config/miwikit_pic18f46j50_24j40/spi.c estimated size: 80

../src/main.c
		_main          		CODE           	1DE8	0000	4099

../src/main.c estimated size: 4099

C:\Program Files (x86)\Microchip\xc8\v1.35\sources\common\Umul16.c
		___wmul        		CODE           	9938	0000	55

C:\Program Files (x86)\Microchip\xc8\v1.35\sources\common\Umul16.c estimated size: 55

../src/self_test.c
		_SelfTest      		CODE           	67D2	0000	793

../src/self_test.c estimated size: 793

C:\Program Files (x86)\Microchip\xc8\v1.35\sources\common\lbmod.c
		___lbmod       		CODE           	9806	0000	69

C:\Program Files (x86)\Microchip\xc8\v1.35\sources\common\lbmod.c estimated size: 69

../src/temp_demo.c
		_ReadTempSensor		CODE           	705A	0000	649
		_PrintTempLCD  		CODE           	7B9E	0000	519
		_Read_VBGVoltage		CODE           	988A	0000	61
		_TempDemo      		CODE           	4658	0000	1435

../src/temp_demo.c estimated size: 2664

C:\Program Files (x86)\Microchip\xc8\v1.35\sources\common\fttol.c
		___fttol       		CODE           	832C	0000	325

C:\Program Files (x86)\Microchip\xc8\v1.35\sources\common\fttol.c estimated size: 325

